Archive member included to satisfy reference by file (symbol)

app/libapp.a(main.c.obj)      (--whole-archive)
zephyr/libzephyr.a(heap.c.obj)
                              (--whole-archive)
zephyr/libzephyr.a(cbprintf_packaged.c.obj)
                              (--whole-archive)
zephyr/libzephyr.a(printk.c.obj)
                              (--whole-archive)
zephyr/libzephyr.a(sem.c.obj)
                              (--whole-archive)
zephyr/libzephyr.a(thread_entry.c.obj)
                              (--whole-archive)
zephyr/libzephyr.a(cbprintf_complete.c.obj)
                              (--whole-archive)
zephyr/libzephyr.a(assert.c.obj)
                              (--whole-archive)
zephyr/libzephyr.a(dec.c.obj)
                              (--whole-archive)
zephyr/libzephyr.a(hex.c.obj)
                              (--whole-archive)
zephyr/libzephyr.a(rb.c.obj)  (--whole-archive)
zephyr/libzephyr.a(timeutil.c.obj)
                              (--whole-archive)
zephyr/libzephyr.a(bitarray.c.obj)
                              (--whole-archive)
zephyr/libzephyr.a(onoff.c.obj)
                              (--whole-archive)
zephyr/libzephyr.a(notify.c.obj)
                              (--whole-archive)
zephyr/libzephyr.a(ring_buffer.c.obj)
                              (--whole-archive)
zephyr/libzephyr.a(last_section_id.c.obj)
                              (--whole-archive)
zephyr/libzephyr.a(configs.c.obj)
                              (--whole-archive)
zephyr/libzephyr.a(thread_info.c.obj)
                              (--whole-archive)
zephyr/libzephyr.a(mem_attr.c.obj)
                              (--whole-archive)
zephyr/libzephyr.a(tracing_none.c.obj)
                              (--whole-archive)
zephyr/libzephyr.a(banner.c.obj)
                              (--whole-archive)
zephyr/libzephyr.a(flash_map_partition_manager.c.obj)
                              (--whole-archive)
zephyr/libzephyr.a(nrf_cc3xx_platform_abort_zephyr.c.obj)
                              (--whole-archive)
zephyr/libzephyr.a(nrf_cc3xx_platform_mutex_zephyr.c.obj)
                              (--whole-archive)
zephyr/arch/common/libarch__common.a(sw_isr_common.c.obj)
                              (--whole-archive)
zephyr/arch/arch/arm/core/libarch__arm__core.a(fatal.c.obj)
                              (--whole-archive)
zephyr/arch/arch/arm/core/libarch__arm__core.a(nmi.c.obj)
                              (--whole-archive)
zephyr/arch/arch/arm/core/libarch__arm__core.a(nmi_on_reset.S.obj)
                              (--whole-archive)
zephyr/arch/arch/arm/core/libarch__arm__core.a(tls.c.obj)
                              (--whole-archive)
zephyr/arch/arch/arm/core/cortex_m/libarch__arm__core__cortex_m.a(exc_exit.c.obj)
                              (--whole-archive)
zephyr/arch/arch/arm/core/cortex_m/libarch__arm__core__cortex_m.a(fault.c.obj)
                              (--whole-archive)
zephyr/arch/arch/arm/core/cortex_m/libarch__arm__core__cortex_m.a(fault_s.S.obj)
                              (--whole-archive)
zephyr/arch/arch/arm/core/cortex_m/libarch__arm__core__cortex_m.a(fpu.c.obj)
                              (--whole-archive)
zephyr/arch/arch/arm/core/cortex_m/libarch__arm__core__cortex_m.a(reset.S.obj)
                              (--whole-archive)
zephyr/arch/arch/arm/core/cortex_m/libarch__arm__core__cortex_m.a(scb.c.obj)
                              (--whole-archive)
zephyr/arch/arch/arm/core/cortex_m/libarch__arm__core__cortex_m.a(thread_abort.c.obj)
                              (--whole-archive)
zephyr/arch/arch/arm/core/cortex_m/libarch__arm__core__cortex_m.a(vector_table.S.obj)
                              (--whole-archive)
zephyr/arch/arch/arm/core/cortex_m/libarch__arm__core__cortex_m.a(swap_helper.S.obj)
                              (--whole-archive)
zephyr/arch/arch/arm/core/cortex_m/libarch__arm__core__cortex_m.a(irq_manage.c.obj)
                              (--whole-archive)
zephyr/arch/arch/arm/core/cortex_m/libarch__arm__core__cortex_m.a(prep_c.c.obj)
                              (--whole-archive)
zephyr/arch/arch/arm/core/cortex_m/libarch__arm__core__cortex_m.a(thread.c.obj)
                              (--whole-archive)
zephyr/arch/arch/arm/core/cortex_m/libarch__arm__core__cortex_m.a(cpu_idle.c.obj)
                              (--whole-archive)
zephyr/arch/arch/arm/core/cortex_m/libarch__arm__core__cortex_m.a(irq_init.c.obj)
                              (--whole-archive)
zephyr/arch/arch/arm/core/cortex_m/libarch__arm__core__cortex_m.a(isr_wrapper.c.obj)
                              (--whole-archive)
zephyr/arch/arch/arm/core/cortex_m/libarch__arm__core__cortex_m.a(__aeabi_read_tp.S.obj)
                              (--whole-archive)
zephyr/arch/arch/arm/core/cortex_m/libarch__arm__core__cortex_m.a(timing.c.obj)
                              (--whole-archive)
zephyr/arch/arch/arm/core/cortex_m/cmse/libarch__arm__core__cortex_m__cmse.a(arm_core_cmse.c.obj)
[...]
Memory Configuration

Name             Origin             Length             Attributes
FLASH            0x0000000000000000 0x0000000000100000 xr
RAM              0x0000000020000000 0x0000000000070000 xw
IDT_LIST         0x00000000ffff7fff 0x0000000000008000 xw
*default*        0x0000000000000000 0xffffffffffffffff

Linker script and memory map

                0x0000000000007e58                vfprintf = __l_vfprintf
                0x000000000000830c                vfscanf = __l_vfscanf
LOAD zephyr/CMakeFiles/zephyr_pre0.dir/misc/empty_file.c.obj
LOAD zephyr/CMakeFiles/offsets.dir/./arch/arm/core/offsets/offsets.c.obj
LOAD app/libapp.a
LOAD zephyr/libzephyr.a
LOAD zephyr/arch/common/libarch__common.a
LOAD zephyr/arch/arch/arm/core/libarch__arm__core.a
LOAD zephyr/arch/arch/arm/core/cortex_m/libarch__arm__core__cortex_m.a
LOAD zephyr/arch/arch/arm/core/cortex_m/cmse/libarch__arm__core__cortex_m__cmse.a
LOAD zephyr/arch/arch/arm/core/mpu/libarch__arm__core__mpu.a
LOAD zephyr/lib/libc/picolibc/liblib__libc__picolibc.a
LOAD zephyr/lib/libc/common/liblib__libc__common.a
LOAD zephyr/soc/soc/nrf5340/libsoc__nordic.a
LOAD zephyr/boards/nordic/nrf5340_audio_dk/libboards__nordic__nrf5340_audio_dk.a
LOAD zephyr/subsys/timing/libsubsys__timing.a
LOAD zephyr/drivers/clock_control/libdrivers__clock_control.a
LOAD zephyr/drivers/console/libdrivers__console.a
LOAD zephyr/drivers/gpio/libdrivers__gpio.a
LOAD zephyr/drivers/pinctrl/libdrivers__pinctrl.a
LOAD zephyr/drivers/regulator/libdrivers__regulator.a
LOAD zephyr/drivers/serial/libdrivers__serial.a
LOAD zephyr/drivers/timer/libdrivers__timer.a
LOAD modules/nrf/drivers/hw_cc3xx/lib..__nrf__drivers__hw_cc3xx.a
LOAD modules/hal_nordic/modules/hal_nordic/nrfx/libmodules__hal_nordic__nrfx.a
LOAD zephyr/kernel/libkernel.a
LOAD zephyr/arch/common/libisr_tables.a
LOAD C:/ncs/v3.1.1/nrfxlib/crypto/nrf_cc312_platform/lib/cortex-m33/soft-float/no-interrupts/libnrf_cc312_platform_0.9.19.a
LOAD c:\ncs\toolchains\c1a76fddb2\opt\zephyr-sdk\arm-zephyr-eabi\bin\../lib/gcc/../../picolibc/arm-zephyr-eabi/lib/thumb/v8-m.main/nofp\libc.a
LOAD c:/ncs/toolchains/c1a76fddb2/opt/zephyr-sdk/arm-zephyr-eabi/bin/../lib/gcc/arm-zephyr-eabi/12.2.0/thumb/v8-m.main/nofp\libgcc.a
                0x0000000000000020                _region_min_align = 0x20

.rel.plt        0x0000000000000000        0x0
 *(SORT_BY_ALIGNMENT(.rel.plt))
                [!provide]                        PROVIDE (__rel_iplt_start = .)
 *(SORT_BY_ALIGNMENT(.rel.iplt))
 .rel.iplt      0x0000000000000000        0x0 app/libapp.a(main.c.obj)
                [!provide]                        PROVIDE (__rel_iplt_end = .)

.rela.plt       0x0000000000000000        0x0
 *(SORT_BY_ALIGNMENT(.rela.plt))
                [!provide]                        PROVIDE (__rela_iplt_start = .)
 *(SORT_BY_ALIGNMENT(.rela.iplt))
                [!provide]                        PROVIDE (__rela_iplt_end = .)

.rel.dyn
 *(SORT_BY_ALIGNMENT(.rel.*))

.rela.dyn
 *(SORT_BY_ALIGNMENT(.rela.*))

/DISCARD/
 *(SORT_BY_ALIGNMENT(.plt))

/DISCARD/
 *(SORT_BY_ALIGNMENT(.iplt))
                0x0000000000000000                __rom_region_start = 0x0

rom_start       0x0000000000000000      0x154
                0x0000000000000000                __rom_start_address = .
 FILL mask 0x00
                0x0000000000000000                . = (. + (0x0 - (. - __rom_start_address)))
                0x0000000000000000                . = ALIGN (0x4)
                0x0000000000000000                . = ALIGN (0x80)
                0x0000000000000000                . = ALIGN (0x200)
                0x0000000000000000                _vector_start = .
 *(SORT_BY_ALIGNMENT(.exc_vector_table))
 *(SORT_BY_ALIGNMENT(.exc_vector_table.*))
 .exc_vector_table._vector_table_section
                0x0000000000000000       0x40 zephyr/arch/arch/arm/core/cortex_m/libarch__arm__core__cortex_m.a(vector_table.S.obj)
                0x0000000000000000                _vector_table
 *(SORT_BY_ALIGNMENT(.vectors))
                0x0000000000000154                _vector_end = .
                0x0000000000000040                . = ALIGN (0x4)
 *(SORT_BY_ALIGNMENT(.gnu.linkonce.irq_vector_table*))
 .gnu.linkonce.irq_vector_table
                0x0000000000000040      0x114 zephyr/arch/common/libisr_tables.a(isr_tables.c.obj)
                0x0000000000000040                _irq_vector_table
                0x0000000000000154                _vector_end = .

text            0x0000000000000154     0x9348
                0x0000000000000154                __text_region_start = .
 *(SORT_BY_ALIGNMENT(.text))
 .text          0x0000000000000154       0x30 c:/ncs/toolchains/c1a76fddb2/opt/zephyr-sdk/arm-zephyr-eabi/bin/../lib/gcc/arm-zephyr-eabi/12.2.0/thumb/v8-m.main/nofp\libgcc.a(_aeabi_uldivmod.o)
                0x0000000000000154                __aeabi_uldivmod
 .text          0x0000000000000184        0x4 c:/ncs/toolchains/c1a76fddb2/opt/zephyr-sdk/arm-zephyr-eabi/bin/../lib/gcc/arm-zephyr-eabi/12.2.0/thumb/v8-m.main/nofp\libgcc.a(_dvmd_tls.o)
                0x0000000000000184                __aeabi_idiv0
                0x0000000000000184                __aeabi_ldiv0
 .text          0x0000000000000188       0x14 c:\ncs\toolchains\c1a76fddb2\opt\zephyr-sdk\arm-zephyr-eabi\bin\../lib/gcc/../../picolibc/arm-zephyr-eabi/lib/thumb/v8-m.main/nofp\libc.a(strcmp.S.o)
                0x0000000000000188                strcmp
 .text          0x000000000000019c      0x29c c:/ncs/toolchains/c1a76fddb2/opt/zephyr-sdk/arm-zephyr-eabi/bin/../lib/gcc/arm-zephyr-eabi/12.2.0/thumb/v8-m.main/nofp\libgcc.a(_udivmoddi4.o)
                0x000000000000019c                __udivmoddi4
 *(SORT_BY_ALIGNMENT(.text.*))
 .text.debug_task
                0x0000000000000438       0x38 app/libapp.a(main.c.obj)
                0x0000000000000438                debug_task
 .text.gpio_pin_configure_dt
                0x0000000000000470      0x120 app/libapp.a(main.c.obj)
 .text.debug_log
                0x0000000000000590       0x68 app/libapp.a(main.c.obj)
 .text.gpio_pin_interrupt_configure_dt.constprop.0
                0x00000000000005f8       0x6c app/libapp.a(main.c.obj)
 .text.atomic_inc.constprop.0.isra.0
                0x0000000000000664       0x18 app/libapp.a(main.c.obj)
 .text.gpio_add_callback.constprop.0.isra.0
                0x000000000000067c       0x14 app/libapp.a(main.c.obj)
 .text.gpio_pin_set_dt.isra.0
                0x0000000000000690       0x64 app/libapp.a(main.c.obj)
 .text.green_on
                0x00000000000006f4       0x2c app/libapp.a(main.c.obj)
 .text.yellow_on
                0x0000000000000720       0x2c app/libapp.a(main.c.obj)
 .text.button_4_handler
                0x000000000000074c       0x3c app/libapp.a(main.c.obj)
                0x000000000000074c                button_4_handler
 .text.red_on   0x0000000000000788       0x2c app/libapp.a(main.c.obj)
 .text.all_leds_off
                0x00000000000007b4       0x2c app/libapp.a(main.c.obj)
 .text.uart_task
                0x00000000000007e0      0x10c app/libapp.a(main.c.obj)
 .text.button_0_handler
                0x00000000000008ec       0x4c app/libapp.a(main.c.obj)
                0x00000000000008ec                button_0_handler
 .text.button_1_handler
                0x0000000000000938       0x50 app/libapp.a(main.c.obj)
                0x0000000000000938                button_1_handler
 .text.button_2_handler
                0x0000000000000988       0x50 app/libapp.a(main.c.obj)
                0x0000000000000988                button_2_handler
 .text.button_3_handler
                0x00000000000009d8       0x50 app/libapp.a(main.c.obj)
                0x00000000000009d8                button_3_handler
 .text.green_task
                0x0000000000000a28      0x108 app/libapp.a(main.c.obj)
                0x0000000000000a28                green_task
 .text.yellow_task
                0x0000000000000b30      0x108 app/libapp.a(main.c.obj)
                0x0000000000000b30                yellow_task
 .text.red_task
                0x0000000000000c38      0x108 app/libapp.a(main.c.obj)
                0x0000000000000c38                red_task
 .text.dispatcher_task
                0x0000000000000d40      0x340 app/libapp.a(main.c.obj)
 .text.init_uart
                0x0000000000001080       0x2c app/libapp.a(main.c.obj)
                0x0000000000001080                init_uart
 .text.init_buttons
                0x00000000000010ac      0x170 app/libapp.a(main.c.obj)
                0x00000000000010ac                init_buttons
 .text.main     0x000000000000121c      0x10c app/libapp.a(main.c.obj)
                0x000000000000121c                main
 .text.sys_heap_free
                0x0000000000001328       0x9c zephyr/libzephyr.a(heap.c.obj)
                0x0000000000001328                sys_heap_free
 .text.sys_heap_init
                0x00000000000013c4      0x134 zephyr/libzephyr.a(heap.c.obj)
                0x00000000000013c4                sys_heap_init
 .text.char_out
                0x00000000000014f8        0xc zephyr/libzephyr.a(printk.c.obj)
 .text.__printk_hook_install
                0x0000000000001504        0xc zephyr/libzephyr.a(printk.c.obj)
                0x0000000000001504                __printk_hook_install
 .text.vprintk  0x0000000000001510       0x30 zephyr/libzephyr.a(printk.c.obj)
                0x0000000000001510                vprintk
 .text.z_thread_entry
                0x0000000000001540       0x34 zephyr/libzephyr.a(thread_entry.c.obj)
                0x0000000000001540                z_thread_entry
 .text.process_event
                0x0000000000001574      0x3ac zephyr/libzephyr.a(onoff.c.obj)
 .text.transition_complete
                0x0000000000001920       0x64 zephyr/libzephyr.a(onoff.c.obj)
 .text.onoff_request
                0x0000000000001984      0x130 zephyr/libzephyr.a(onoff.c.obj)
                0x0000000000001984                onoff_request
 .text.sys_notify_finalize
                0x0000000000001ab4       0x40 zephyr/libzephyr.a(notify.c.obj)
                0x0000000000001ab4                sys_notify_finalize
 .text.mem_attr_get_regions
                0x0000000000001af4        0xc zephyr/libzephyr.a(mem_attr.c.obj)
                0x0000000000001af4                mem_attr_get_regions
 .text.boot_banner
                0x0000000000001b00       0x1c zephyr/libzephyr.a(banner.c.obj)
                0x0000000000001b00                boot_banner
 .text.nrf_cc3xx_platform_abort_init
                0x0000000000001b1c        0xc zephyr/libzephyr.a(nrf_cc3xx_platform_abort_zephyr.c.obj)
                0x0000000000001b1c                nrf_cc3xx_platform_abort_init
 .text.mutex_free_platform
                0x0000000000001b28       0x54 zephyr/libzephyr.a(nrf_cc3xx_platform_mutex_zephyr.c.obj)
 .text.mutex_lock_platform
                0x0000000000001b7c       0x74 zephyr/libzephyr.a(nrf_cc3xx_platform_mutex_zephyr.c.obj)
 .text.mutex_unlock_platform
                0x0000000000001bf0       0x68 zephyr/libzephyr.a(nrf_cc3xx_platform_mutex_zephyr.c.obj)
 .text.mutex_init_platform
                0x0000000000001c58       0x94 zephyr/libzephyr.a(nrf_cc3xx_platform_mutex_zephyr.c.obj)
 .text.nrf_cc3xx_platform_mutex_init
                0x0000000000001cec       0x2c zephyr/libzephyr.a(nrf_cc3xx_platform_mutex_zephyr.c.obj)
                0x0000000000001cec                nrf_cc3xx_platform_mutex_init
 .text.z_SysNmiOnReset
                0x0000000000001d18        0x8 zephyr/arch/arch/arm/core/libarch__arm__core.a(nmi_on_reset.S.obj)
                0x0000000000001d18                z_SysNmiOnReset
 .text.arch_tls_stack_setup
                0x0000000000001d20       0x40 zephyr/arch/arch/arm/core/libarch__arm__core.a(tls.c.obj)
                0x0000000000001d20                arch_tls_stack_setup
 .text._HandlerModeExit
                0x0000000000001d60       0x20 zephyr/arch/arch/arm/core/cortex_m/libarch__arm__core__cortex_m.a(exc_exit.c.obj)
                0x0000000000001d60                z_arm_int_exit
                0x0000000000001d60                z_arm_exc_exit
 .text.usage_fault.constprop.0
                0x0000000000001d80       0x5c zephyr/arch/arch/arm/core/cortex_m/libarch__arm__core__cortex_m.a(fault.c.obj)
 .text.bus_fault.constprop.0
                0x0000000000001ddc       0x6c zephyr/arch/arch/arm/core/cortex_m/libarch__arm__core__cortex_m.a(fault.c.obj)
 .text.mem_manage_fault.constprop.0
                0x0000000000001e48       0xb0 zephyr/arch/arch/arm/core/cortex_m/libarch__arm__core__cortex_m.a(fault.c.obj)
 .text.z_arm_fault
                0x0000000000001ef8      0x198 zephyr/arch/arch/arm/core/cortex_m/libarch__arm__core__cortex_m.a(fault.c.obj)
                0x0000000000001ef8                z_arm_fault
 .text.z_arm_fault_init
                0x0000000000002090       0x20 zephyr/arch/arch/arm/core/cortex_m/libarch__arm__core__cortex_m.a(fault.c.obj)
                0x0000000000002090                z_arm_fault_init
 .text.__fault  0x00000000000020b0       0x14 zephyr/arch/arch/arm/core/cortex_m/libarch__arm__core__cortex_m.a(fault_s.S.obj)
                0x00000000000020b0                z_arm_usage_fault
                0x00000000000020b0                z_arm_mpu_fault
                0x00000000000020b0                z_arm_exc_spurious
                0x00000000000020b0                z_arm_debug_monitor
                0x00000000000020b0                z_arm_hard_fault
                0x00000000000020b0                z_arm_bus_fault
 .text._reset_section
                0x00000000000020c4       0x68 zephyr/arch/arch/arm/core/cortex_m/libarch__arm__core__cortex_m.a(reset.S.obj)
                0x00000000000020c4                __start
                0x00000000000020c4                z_arm_reset
 .text.z_arm_clear_arm_mpu_config
                0x000000000000212c       0x24 zephyr/arch/arch/arm/core/cortex_m/libarch__arm__core__cortex_m.a(scb.c.obj)
                0x000000000000212c                z_arm_clear_arm_mpu_config
 .text.z_arm_init_arch_hw_at_boot
                0x0000000000002150       0x4c zephyr/arch/arch/arm/core/cortex_m/libarch__arm__core__cortex_m.a(scb.c.obj)
                0x0000000000002150                z_arm_init_arch_hw_at_boot
 .text.z_impl_k_thread_abort
                0x000000000000219c       0x2c zephyr/arch/arch/arm/core/cortex_m/libarch__arm__core__cortex_m.a(thread_abort.c.obj)
                0x000000000000219c                z_impl_k_thread_abort
 .text.z_arm_pendsv
                0x00000000000021c8       0x68 zephyr/arch/arch/arm/core/cortex_m/libarch__arm__core__cortex_m.a(swap_helper.S.obj)
                0x00000000000021c8                z_arm_pendsv
 .text.z_arm_svc
                0x0000000000002230       0x24 zephyr/arch/arch/arm/core/cortex_m/libarch__arm__core__cortex_m.a(swap_helper.S.obj)
                0x0000000000002230                z_arm_svc
 .text.arm_irq_enable
                0x0000000000002254       0x1c zephyr/arch/arch/arm/core/cortex_m/libarch__arm__core__cortex_m.a(irq_manage.c.obj)
                0x0000000000002254                arm_irq_enable
 .text.arm_irq_is_enabled
                0x0000000000002270       0x1c zephyr/arch/arch/arm/core/cortex_m/libarch__arm__core__cortex_m.a(irq_manage.c.obj)
                0x0000000000002270                arm_irq_is_enabled
 .text.arm_irq_priority_set
                0x000000000000228c       0x64 zephyr/arch/arch/arm/core/cortex_m/libarch__arm__core__cortex_m.a(irq_manage.c.obj)
                0x000000000000228c                arm_irq_priority_set
 .text.relocate_vector_table
                0x00000000000022f0       0x1c zephyr/arch/arch/arm/core/cortex_m/libarch__arm__core__cortex_m.a(prep_c.c.obj)
                0x00000000000022f0                relocate_vector_table
 .text.z_prep_c
                0x000000000000230c       0x28 zephyr/arch/arch/arm/core/cortex_m/libarch__arm__core__cortex_m.a(prep_c.c.obj)
                0x000000000000230c                z_prep_c
 .text.arch_new_thread
                0x0000000000002334       0x38 zephyr/arch/arch/arm/core/cortex_m/libarch__arm__core__cortex_m.a(thread.c.obj)
                0x0000000000002334                arch_new_thread
 .text.arch_switch_to_main_thread
                0x000000000000236c       0x44 zephyr/arch/arch/arm/core/cortex_m/libarch__arm__core__cortex_m.a(thread.c.obj)
                0x000000000000236c                arch_switch_to_main_thread
 .text.z_arm_cpu_idle_init
                0x00000000000023b0        0xc zephyr/arch/arch/arm/core/cortex_m/libarch__arm__core__cortex_m.a(cpu_idle.c.obj)
                0x00000000000023b0                z_arm_cpu_idle_init
 .text.z_arm_interrupt_init
                0x00000000000023bc       0x18 zephyr/arch/arch/arm/core/cortex_m/libarch__arm__core__cortex_m.a(irq_init.c.obj)
                0x00000000000023bc                z_arm_interrupt_init
 .text._isr_wrapper
                0x00000000000023d4       0x24 zephyr/arch/arch/arm/core/cortex_m/libarch__arm__core__cortex_m.a(isr_wrapper.c.obj)
                0x00000000000023d4                _isr_wrapper
 .text.arch_timing_init
                0x00000000000023f8       0x58 zephyr/arch/arch/arm/core/cortex_m/libarch__arm__core__cortex_m.a(timing.c.obj)
                0x00000000000023f8                arch_timing_init
 .text.arch_timing_start
                0x0000000000002450       0x14 zephyr/arch/arch/arm/core/cortex_m/libarch__arm__core__cortex_m.a(timing.c.obj)
                0x0000000000002450                arch_timing_start
 .text.arch_timing_counter_get
                0x0000000000002464        0xc zephyr/arch/arch/arm/core/cortex_m/libarch__arm__core__cortex_m.a(timing.c.obj)
                0x0000000000002464                arch_timing_counter_get
 .text.arch_timing_freq_get_mhz
                0x0000000000002470       0x20 zephyr/arch/arch/arm/core/cortex_m/libarch__arm__core__cortex_m.a(timing.c.obj)
                0x0000000000002470                arch_timing_freq_get_mhz
 .text.z_arm_configure_static_mpu_regions
                0x0000000000002490       0x38 zephyr/arch/arch/arm/core/mpu/libarch__arm__core__mpu.a(arm_core_mpu.c.obj)
                0x0000000000002490                z_arm_configure_static_mpu_regions
 .text.region_init
                0x00000000000024c8       0x34 zephyr/arch/arch/arm/core/mpu/libarch__arm__core__mpu.a(arm_mpu.c.obj)
 .text.region_allocate_and_init
                0x00000000000024fc       0x24 zephyr/arch/arch/arm/core/mpu/libarch__arm__core__mpu.a(arm_mpu.c.obj)
 .text.mpu_configure_regions_and_partition.constprop.0
                0x0000000000002520      0x148 zephyr/arch/arch/arm/core/mpu/libarch__arm__core__mpu.a(arm_mpu.c.obj)
 .text.arm_core_mpu_enable
                0x0000000000002668       0x18 zephyr/arch/arch/arm/core/mpu/libarch__arm__core__mpu.a(arm_mpu.c.obj)
                0x0000000000002668                arm_core_mpu_enable
 .text.arm_core_mpu_disable
                0x0000000000002680       0x14 zephyr/arch/arch/arm/core/mpu/libarch__arm__core__mpu.a(arm_mpu.c.obj)
                0x0000000000002680                arm_core_mpu_disable
 .text.arm_core_mpu_configure_static_mpu_regions
                0x0000000000002694       0x48 zephyr/arch/arch/arm/core/mpu/libarch__arm__core__mpu.a(arm_mpu.c.obj)
                0x0000000000002694                arm_core_mpu_configure_static_mpu_regions
 .text.arm_core_mpu_mark_areas_for_dynamic_regions
                0x00000000000026dc       0xe8 zephyr/arch/arch/arm/core/mpu/libarch__arm__core__mpu.a(arm_mpu.c.obj)
                0x00000000000026dc                arm_core_mpu_mark_areas_for_dynamic_regions
 .text.z_arm_mpu_init
                0x00000000000027c4      0x194 zephyr/arch/arch/arm/core/mpu/libarch__arm__core__mpu.a(arm_mpu.c.obj)
                0x00000000000027c4                z_arm_mpu_init
 .text.z_impl_zephyr_fputc
                0x0000000000002958       0x10 zephyr/lib/libc/picolibc/liblib__libc__picolibc.a(stdio.c.obj)
                0x0000000000002958                z_impl_zephyr_fputc
 .text.__stdout_hook_install
                0x0000000000002968       0x18 zephyr/lib/libc/picolibc/liblib__libc__picolibc.a(stdio.c.obj)
                0x0000000000002968                __stdout_hook_install
 .text.malloc_prepare
                0x0000000000002980       0x24 zephyr/lib/libc/common/liblib__libc__common.a(malloc.c.obj)
 .text.nrf_gpio_pin_control_select.constprop.0
                0x00000000000029a4       0x1c zephyr/soc/soc/nrf5340/libsoc__nordic.a(soc.c.obj)
 .text.z_arm_on_enter_cpu_idle
                0x00000000000029c0       0x64 zephyr/soc/soc/nrf5340/libsoc__nordic.a(soc.c.obj)
                0x00000000000029c0                z_arm_on_enter_cpu_idle
 .text.soc_early_init_hook
                0x0000000000002a24       0x60 zephyr/soc/soc/nrf5340/libsoc__nordic.a(soc.c.obj)
                0x0000000000002a24                soc_early_init_hook
 .text.soc_late_init_hook
                0x0000000000002a84       0x7c zephyr/soc/soc/nrf5340/libsoc__nordic.a(soc.c.obj)
                0x0000000000002a84                soc_late_init_hook
 .text.arch_busy_wait
                0x0000000000002b00       0x24 zephyr/soc/soc/nrf5340/libsoc__nordic.a(soc.c.obj)
                0x0000000000002b00                arch_busy_wait
 .text.assign_pins
                0x0000000000002b24       0x88 zephyr/soc/soc/nrf5340/libsoc__nordic.a(nrf53_cpunet_mgmt.c.obj)
 .text.onoff_start
                0x0000000000002bac       0x70 zephyr/soc/soc/nrf5340/libsoc__nordic.a(nrf53_cpunet_mgmt.c.obj)
 .text.nrf53_cpunet_mgmt_init
                0x0000000000002c1c       0x10 zephyr/soc/soc/nrf5340/libsoc__nordic.a(nrf53_cpunet_mgmt.c.obj)
                0x0000000000002c1c                nrf53_cpunet_mgmt_init
 .text.core_config
                0x0000000000002c2c       0x18 zephyr/boards/nordic/nrf5340_audio_dk/libboards__nordic__nrf5340_audio_dk.a(nrf5340_audio_dk_config.c.obj)
 .text.timing_init
                0x0000000000002c44       0x18 zephyr/subsys/timing/libsubsys__timing.a(timing.c.obj)
                0x0000000000002c44                timing_init
 .text.timing_start
                0x0000000000002c5c       0x1c zephyr/subsys/timing/libsubsys__timing.a(timing.c.obj)
                0x0000000000002c5c                timing_start
 .text.onoff_start
                0x0000000000002c78       0x3c zephyr/drivers/clock_control/libdrivers__clock_control.a(clock_control_nrf.c.obj)
 .text.get_status
                0x0000000000002cb4       0x3c zephyr/drivers/clock_control/libdrivers__clock_control.a(clock_control_nrf.c.obj)
 .text.stop     0x0000000000002cf0       0x80 zephyr/drivers/clock_control/libdrivers__clock_control.a(clock_control_nrf.c.obj)
 .text.onoff_stop
                0x0000000000002d70       0x28 zephyr/drivers/clock_control/libdrivers__clock_control.a(clock_control_nrf.c.obj)
 .text.clk_init
                0x0000000000002d98       0x64 zephyr/drivers/clock_control/libdrivers__clock_control.a(clock_control_nrf.c.obj)
 .text.api_blocking_start
                0x0000000000002dfc       0x34 zephyr/drivers/clock_control/libdrivers__clock_control.a(clock_control_nrf.c.obj)
 .text.generic_hfclk_stop
                0x0000000000002e30       0x34 zephyr/drivers/clock_control/libdrivers__clock_control.a(clock_control_nrf.c.obj)
 .text.clkstarted_handle.constprop.0
                0x0000000000002e64       0x54 zephyr/drivers/clock_control/libdrivers__clock_control.a(clock_control_nrf.c.obj)
 .text.clock_event_handler
                0x0000000000002eb8       0x74 zephyr/drivers/clock_control/libdrivers__clock_control.a(clock_control_nrf.c.obj)
 .text.generic_hfclk_start
                0x0000000000002f2c       0x7c zephyr/drivers/clock_control/libdrivers__clock_control.a(clock_control_nrf.c.obj)
 .text.z_nrf_clock_control_lf_on
                0x0000000000002fa8      0x13c zephyr/drivers/clock_control/libdrivers__clock_control.a(clock_control_nrf.c.obj)
                0x0000000000002fa8                z_nrf_clock_control_lf_on
 .text.uart_console_init
                0x00000000000030e4       0x28 zephyr/drivers/console/libdrivers__console.a(uart_console.c.obj)
 .text.console_out
                0x000000000000310c       0x28 zephyr/drivers/console/libdrivers__console.a(uart_console.c.obj)
 .text.gpio_nrfx_manage_callback
                0x0000000000003134       0xa0 zephyr/drivers/gpio/libdrivers__gpio.a(gpio_nrfx.c.obj)
 .text.nrf_gpio_pin_port_decode
                0x00000000000031d4       0x5c zephyr/drivers/gpio/libdrivers__gpio.a(gpio_nrfx.c.obj)
 .text.gpio_nrfx_pin_interrupt_configure
                0x0000000000003230      0x128 zephyr/drivers/gpio/libdrivers__gpio.a(gpio_nrfx.c.obj)
 .text.gpio_nrfx_pin_configure
                0x0000000000003358      0x19c zephyr/drivers/gpio/libdrivers__gpio.a(gpio_nrfx.c.obj)
 .text.nrfx_gpio_handler
                0x00000000000034f4       0x78 zephyr/drivers/gpio/libdrivers__gpio.a(gpio_nrfx.c.obj)
 .text.gpio_nrfx_init
                0x000000000000356c       0x48 zephyr/drivers/gpio/libdrivers__gpio.a(gpio_nrfx.c.obj)
 .text.gpio_hogs_init
                0x00000000000035b4       0x6c zephyr/drivers/gpio/libdrivers__gpio.a(gpio_hogs.c.obj)
 .text.nrf_gpio_pin_port_decode
                0x0000000000003620       0x5c zephyr/drivers/pinctrl/libdrivers__pinctrl.a(pinctrl_nrf.c.obj)
 .text.pinctrl_configure_pins
                0x000000000000367c      0x190 zephyr/drivers/pinctrl/libdrivers__pinctrl.a(pinctrl_nrf.c.obj)
                0x000000000000367c                pinctrl_configure_pins
 .text.regulator_npm1100_get_mode
                0x000000000000380c       0x80 zephyr/drivers/regulator/libdrivers__regulator.a(regulator_npm1100.c.obj)
 .text.regulator_npm1100_set_mode
                0x000000000000388c       0x74 zephyr/drivers/regulator/libdrivers__regulator.a(regulator_npm1100.c.obj)
 .text.regulator_npm1100_common_init
                0x0000000000003900       0xd0 zephyr/drivers/regulator/libdrivers__regulator.a(regulator_npm1100.c.obj)
 .text.uarte_nrfx_poll_out
                0x00000000000039d0       0xb4 zephyr/drivers/serial/libdrivers__serial.a(uart_nrfx_uarte.c.obj)
 .text.uarte_0_init
                0x0000000000003a84      0x10c zephyr/drivers/serial/libdrivers__serial.a(uart_nrfx_uarte.c.obj)
 .text.sys_clock_timeout_handler
                0x0000000000003b90       0x48 zephyr/drivers/timer/libdrivers__timer.a(nrf_rtc_timer.c.obj)
 .text.z_nrf_rtc_timer_read
                0x0000000000003bd8       0x44 zephyr/drivers/timer/libdrivers__timer.a(nrf_rtc_timer.c.obj)
                0x0000000000003bd8                z_nrf_rtc_timer_read
 .text.rtc_nrf_isr
                0x0000000000003c1c       0xd0 zephyr/drivers/timer/libdrivers__timer.a(nrf_rtc_timer.c.obj)
                0x0000000000003c1c                rtc_nrf_isr
 .text.compare_set.constprop.0.isra.0
                0x0000000000003cec      0x138 zephyr/drivers/timer/libdrivers__timer.a(nrf_rtc_timer.c.obj)
 .text.sys_clock_driver_init
                0x0000000000003e24       0x80 zephyr/drivers/timer/libdrivers__timer.a(nrf_rtc_timer.c.obj)
 .text.sys_clock_set_timeout
                0x0000000000003ea4       0x4c zephyr/drivers/timer/libdrivers__timer.a(nrf_rtc_timer.c.obj)
                0x0000000000003ea4                sys_clock_set_timeout
 .text.sys_clock_elapsed
                0x0000000000003ef0       0x14 zephyr/drivers/timer/libdrivers__timer.a(nrf_rtc_timer.c.obj)
                0x0000000000003ef0                sys_clock_elapsed
 .text.nrf53_errata_42
                0x0000000000003f04       0x24 modules/hal_nordic/modules/hal_nordic/nrfx/libmodules__hal_nordic__nrfx.a(system_nrf5340_application.c.obj)
 .text.SystemCoreClockUpdate
                0x0000000000003f28       0x20 modules/hal_nordic/modules/hal_nordic/nrfx/libmodules__hal_nordic__nrfx.a(system_nrf5340_application.c.obj)
                0x0000000000003f28                SystemCoreClockUpdate
 .text.SystemInit
                0x0000000000003f48      0x218 modules/hal_nordic/modules/hal_nordic/nrfx/libmodules__hal_nordic__nrfx.a(system_nrf5340_application.c.obj)
                0x0000000000003f48                SystemInit
 .text.nrfx_flag32_alloc
                0x0000000000004160       0x40 modules/hal_nordic/modules/hal_nordic/nrfx/libmodules__hal_nordic__nrfx.a(nrfx_flag32_allocator.c.obj)
                0x0000000000004160                nrfx_flag32_alloc
 .text.nrfx_flag32_free
                0x00000000000041a0       0x38 modules/hal_nordic/modules/hal_nordic/nrfx/libmodules__hal_nordic__nrfx.a(nrfx_flag32_allocator.c.obj)
                0x00000000000041a0                nrfx_flag32_free
 .text.nrfx_gppi_channels_enable
                0x00000000000041d8        0xc modules/hal_nordic/modules/hal_nordic/nrfx/libmodules__hal_nordic__nrfx.a(nrfx_gppi_dppi.c.obj)
                0x00000000000041d8                nrfx_gppi_channels_enable
 .text.nrfx_gppi_event_endpoint_setup
                0x00000000000041e4       0x30 modules/hal_nordic/modules/hal_nordic/nrfx/libmodules__hal_nordic__nrfx.a(nrfx_gppi_dppi.c.obj)
                0x00000000000041e4                nrfx_gppi_event_endpoint_setup
 .text.nrfx_gppi_task_endpoint_setup
                0x0000000000004214       0x30 modules/hal_nordic/modules/hal_nordic/nrfx/libmodules__hal_nordic__nrfx.a(nrfx_gppi_dppi.c.obj)
                0x0000000000004214                nrfx_gppi_task_endpoint_setup
 .text.nrfx_gppi_channel_alloc
                0x0000000000004244        0xc modules/hal_nordic/modules/hal_nordic/nrfx/libmodules__hal_nordic__nrfx.a(nrfx_gppi_dppi.c.obj)
                0x0000000000004244                nrfx_gppi_channel_alloc
 .text.clock_stop
                0x0000000000004250      0x11c modules/hal_nordic/modules/hal_nordic/nrfx/libmodules__hal_nordic__nrfx.a(nrfx_clock.c.obj)
 .text.nrfx_clock_init
                0x000000000000436c       0x20 modules/hal_nordic/modules/hal_nordic/nrfx/libmodules__hal_nordic__nrfx.a(nrfx_clock.c.obj)
                0x000000000000436c                nrfx_clock_init
 .text.nrfx_clock_enable
                0x000000000000438c       0x58 modules/hal_nordic/modules/hal_nordic/nrfx/libmodules__hal_nordic__nrfx.a(nrfx_clock.c.obj)
                0x000000000000438c                nrfx_clock_enable
 .text.nrfx_clock_start
                0x00000000000043e4      0x110 modules/hal_nordic/modules/hal_nordic/nrfx/libmodules__hal_nordic__nrfx.a(nrfx_clock.c.obj)
                0x00000000000043e4                nrfx_clock_start
 .text.nrfx_clock_stop
                0x00000000000044f4       0x38 modules/hal_nordic/modules/hal_nordic/nrfx/libmodules__hal_nordic__nrfx.a(nrfx_clock.c.obj)
                0x00000000000044f4                nrfx_clock_stop
 .text.nrfx_power_clock_irq_handler
                0x000000000000452c       0xa8 modules/hal_nordic/modules/hal_nordic/nrfx/libmodules__hal_nordic__nrfx.a(nrfx_clock.c.obj)
                0x000000000000452c                nrfx_power_clock_irq_handler
 .text.nrfx_dppi_channel_alloc
                0x00000000000045d4       0x10 modules/hal_nordic/modules/hal_nordic/nrfx/libmodules__hal_nordic__nrfx.a(nrfx_dppi.c.obj)
                0x00000000000045d4                nrfx_dppi_channel_alloc
 .text.get_pin_idx
                0x00000000000045e4       0x14 modules/hal_nordic/modules/hal_nordic/nrfx/libmodules__hal_nordic__nrfx.a(nrfx_gpiote.c.obj)
 .text.nrf_gpio_pin_port_decode
                0x00000000000045f8       0x68 modules/hal_nordic/modules/hal_nordic/nrfx/libmodules__hal_nordic__nrfx.a(nrfx_gpiote.c.obj)
 .text.nrf_gpiote_in_event_get
                0x0000000000004660       0x34 modules/hal_nordic/modules/hal_nordic/nrfx/libmodules__hal_nordic__nrfx.a(nrfx_gpiote.c.obj)
 .text.call_handler.constprop.0
                0x0000000000004694       0x40 modules/hal_nordic/modules/hal_nordic/nrfx/libmodules__hal_nordic__nrfx.a(nrfx_gpiote.c.obj)
 .text.pin_te_get.constprop.0
                0x00000000000046d4       0x18 modules/hal_nordic/modules/hal_nordic/nrfx/libmodules__hal_nordic__nrfx.a(nrfx_gpiote.c.obj)
 .text.pin_is_output.constprop.0
                0x00000000000046ec       0x18 modules/hal_nordic/modules/hal_nordic/nrfx/libmodules__hal_nordic__nrfx.a(nrfx_gpiote.c.obj)
 .text.pin_has_trigger.constprop.0
                0x0000000000004704       0x1c modules/hal_nordic/modules/hal_nordic/nrfx/libmodules__hal_nordic__nrfx.a(nrfx_gpiote.c.obj)
 .text.pin_in_use_by_te.constprop.0
                0x0000000000004720       0x18 modules/hal_nordic/modules/hal_nordic/nrfx/libmodules__hal_nordic__nrfx.a(nrfx_gpiote.c.obj)
 .text.latch_pending_read_and_check
                0x0000000000004738       0x3c modules/hal_nordic/modules/hal_nordic/nrfx/libmodules__hal_nordic__nrfx.a(nrfx_gpiote.c.obj)
 .text.release_handler.isra.0
                0x0000000000004774       0x80 modules/hal_nordic/modules/hal_nordic/nrfx/libmodules__hal_nordic__nrfx.a(nrfx_gpiote.c.obj)
 .text.__nrfy_internal_gpiote_events_process.constprop.0
                0x00000000000047f4       0x64 modules/hal_nordic/modules/hal_nordic/nrfx/libmodules__hal_nordic__nrfx.a(nrfx_gpiote.c.obj)
 .text.pin_uninit
                0x0000000000004858       0x84 modules/hal_nordic/modules/hal_nordic/nrfx/libmodules__hal_nordic__nrfx.a(nrfx_gpiote.c.obj)
 .text.nrfx_gpiote_input_configure
                0x00000000000048dc      0x174 modules/hal_nordic/modules/hal_nordic/nrfx/libmodules__hal_nordic__nrfx.a(nrfx_gpiote.c.obj)
                0x00000000000048dc                nrfx_gpiote_input_configure
 .text.nrfx_gpiote_output_configure
                0x0000000000004a50      0x100 modules/hal_nordic/modules/hal_nordic/nrfx/libmodules__hal_nordic__nrfx.a(nrfx_gpiote.c.obj)
                0x0000000000004a50                nrfx_gpiote_output_configure
 .text.nrfx_gpiote_global_callback_set
                0x0000000000004b50        0xc modules/hal_nordic/modules/hal_nordic/nrfx/libmodules__hal_nordic__nrfx.a(nrfx_gpiote.c.obj)
                0x0000000000004b50                nrfx_gpiote_global_callback_set
 .text.nrfx_gpiote_channel_get
                0x0000000000004b5c       0x58 modules/hal_nordic/modules/hal_nordic/nrfx/libmodules__hal_nordic__nrfx.a(nrfx_gpiote.c.obj)
                0x0000000000004b5c                nrfx_gpiote_channel_get
 .text.nrfx_gpiote_init
                0x0000000000004bb4       0x98 modules/hal_nordic/modules/hal_nordic/nrfx/libmodules__hal_nordic__nrfx.a(nrfx_gpiote.c.obj)
                0x0000000000004bb4                nrfx_gpiote_init
 .text.nrfx_gpiote_init_check
                0x0000000000004c4c       0x14 modules/hal_nordic/modules/hal_nordic/nrfx/libmodules__hal_nordic__nrfx.a(nrfx_gpiote.c.obj)
                0x0000000000004c4c                nrfx_gpiote_init_check
 .text.nrfx_gpiote_channel_free
                0x0000000000004c60       0x10 modules/hal_nordic/modules/hal_nordic/nrfx/libmodules__hal_nordic__nrfx.a(nrfx_gpiote.c.obj)
                0x0000000000004c60                nrfx_gpiote_channel_free
 .text.nrfx_gpiote_channel_alloc
                0x0000000000004c70       0x10 modules/hal_nordic/modules/hal_nordic/nrfx/libmodules__hal_nordic__nrfx.a(nrfx_gpiote.c.obj)
                0x0000000000004c70                nrfx_gpiote_channel_alloc
 .text.nrfx_gpiote_trigger_enable
                0x0000000000004c80       0xf4 modules/hal_nordic/modules/hal_nordic/nrfx/libmodules__hal_nordic__nrfx.a(nrfx_gpiote.c.obj)
                0x0000000000004c80                nrfx_gpiote_trigger_enable
 .text.nrfx_gpiote_0_irq_handler
                0x0000000000004d74      0x1a8 modules/hal_nordic/modules/hal_nordic/nrfx/libmodules__hal_nordic__nrfx.a(nrfx_gpiote.c.obj)
                0x0000000000004d74                nrfx_gpiote_0_irq_handler
 .text.z_device_state_init
                0x0000000000004f1c       0x44 zephyr/kernel/libkernel.a(device.c.obj)
                0x0000000000004f1c                z_device_state_init
 .text.z_fatal_error
                0x0000000000004f60       0x60 zephyr/kernel/libkernel.a(fatal.c.obj)
                0x0000000000004f60                z_fatal_error
 .text.z_sys_init_run_level
                0x0000000000004fc0       0x30 zephyr/kernel/libkernel.a(init.c.obj)
 .text.bg_thread_main
                0x0000000000004ff0      0x10c zephyr/kernel/libkernel.a(init.c.obj)
 .text.z_bss_zero
                0x00000000000050fc       0x18 zephyr/kernel/libkernel.a(init.c.obj)
                0x00000000000050fc                z_bss_zero
 .text.z_init_cpu
                0x0000000000005114       0x70 zephyr/kernel/libkernel.a(init.c.obj)
                0x0000000000005114                z_init_cpu
 .text.z_cstart
                0x0000000000005184       0xd4 zephyr/kernel/libkernel.a(init.c.obj)
                0x0000000000005184                z_cstart
 .text.init_mem_slab_obj_core_list
                0x0000000000005258       0x50 zephyr/kernel/libkernel.a(mem_slab.c.obj)
 .text.k_mem_slab_alloc
                0x00000000000052a8      0x118 zephyr/kernel/libkernel.a(mem_slab.c.obj)
                0x00000000000052a8                k_mem_slab_alloc
 .text.k_mem_slab_free
                0x00000000000053c0      0x178 zephyr/kernel/libkernel.a(mem_slab.c.obj)
                0x00000000000053c0                k_mem_slab_free
 .text.idle     0x0000000000005538       0x48 zephyr/kernel/libkernel.a(idle.c.obj)
                0x0000000000005538                idle
 .text.z_impl_k_mutex_lock
                0x0000000000005580      0x1a0 zephyr/kernel/libkernel.a(mutex.c.obj)
                0x0000000000005580                z_impl_k_mutex_lock
 .text.z_impl_k_mutex_unlock
                0x0000000000005720      0x1a0 zephyr/kernel/libkernel.a(mutex.c.obj)
                0x0000000000005720                z_impl_k_mutex_unlock
 .text.unpend_thread_no_timeout
                0x00000000000058c0       0x40 zephyr/kernel/libkernel.a(queue.c.obj)
 .text.queue_insert
                0x0000000000005900      0x17c zephyr/kernel/libkernel.a(queue.c.obj)
 .text.z_impl_k_queue_get
                0x0000000000005a7c       0xd8 zephyr/kernel/libkernel.a(queue.c.obj)
                0x0000000000005a7c                z_impl_k_queue_get
 .text.unpend_thread_no_timeout
                0x0000000000005b54       0x40 zephyr/kernel/libkernel.a(sem.c.obj)
 .text.z_impl_k_sem_give
                0x0000000000005b94       0xfc zephyr/kernel/libkernel.a(sem.c.obj)
                0x0000000000005b94                z_impl_k_sem_give
 .text.z_impl_k_sem_take
                0x0000000000005c90       0xf4 zephyr/kernel/libkernel.a(sem.c.obj)
                0x0000000000005c90                z_impl_k_sem_take
 .text.unpend_thread_no_timeout
                0x0000000000005d84       0x40 zephyr/kernel/libkernel.a(condvar.c.obj)
 .text.z_impl_k_condvar_broadcast
                0x0000000000005dc4      0x12c zephyr/kernel/libkernel.a(condvar.c.obj)
                0x0000000000005dc4                z_impl_k_condvar_broadcast
 .text.z_impl_k_condvar_wait
                0x0000000000005ef0       0x84 zephyr/kernel/libkernel.a(condvar.c.obj)
                0x0000000000005ef0                z_impl_k_condvar_wait
 .text.z_setup_new_thread
                0x0000000000005f74      0x17c zephyr/kernel/libkernel.a(thread.c.obj)
                0x0000000000005f74                z_setup_new_thread
 .text.z_dummy_thread_init
                0x00000000000060f0       0x20 zephyr/kernel/libkernel.a(thread.c.obj)
                0x00000000000060f0                z_dummy_thread_init
 .text.z_swap_irqlock
                0x0000000000006110       0x34 zephyr/kernel/libkernel.a(sched.c.obj)
 .text.unready_thread
                0x0000000000006144       0xa4 zephyr/kernel/libkernel.a(sched.c.obj)
 .text.unpend_thread_no_timeout
                0x00000000000061e8       0x38 zephyr/kernel/libkernel.a(sched.c.obj)
 .text.ready_thread
                0x0000000000006220       0xd4 zephyr/kernel/libkernel.a(sched.c.obj)
 .text.move_thread_to_end_of_prio_q
                0x00000000000062f4       0xf4 zephyr/kernel/libkernel.a(sched.c.obj)
                0x00000000000062f4                move_thread_to_end_of_prio_q
 .text.z_ready_thread
                0x00000000000063e8       0x8c zephyr/kernel/libkernel.a(sched.c.obj)
                0x00000000000063e8                z_ready_thread
 .text.z_unpend_thread_no_timeout
                0x0000000000006474       0x90 zephyr/kernel/libkernel.a(sched.c.obj)
                0x0000000000006474                z_unpend_thread_no_timeout
 .text.z_sched_wake_thread
                0x0000000000006504       0xa8 zephyr/kernel/libkernel.a(sched.c.obj)
                0x0000000000006504                z_sched_wake_thread
 .text.z_pend_curr
                0x00000000000065ac      0x10c zephyr/kernel/libkernel.a(sched.c.obj)
                0x00000000000065ac                z_pend_curr
 .text.z_thread_prio_set
                0x00000000000066b8      0x1ac zephyr/kernel/libkernel.a(sched.c.obj)
                0x00000000000066b8                z_thread_prio_set
 .text.z_reschedule
                0x0000000000006864       0x8c zephyr/kernel/libkernel.a(sched.c.obj)
                0x0000000000006864                z_reschedule
 .text.z_reschedule_irqlock
                0x00000000000068f0       0x28 zephyr/kernel/libkernel.a(sched.c.obj)
                0x00000000000068f0                z_reschedule_irqlock
 .text.k_sched_lock
                0x0000000000006918       0xdc zephyr/kernel/libkernel.a(sched.c.obj)
                0x0000000000006918                k_sched_lock
 .text.k_sched_unlock
                0x00000000000069f4      0x120 zephyr/kernel/libkernel.a(sched.c.obj)
                0x00000000000069f4                k_sched_unlock
 .text.z_sched_init
                0x0000000000006b14       0x10 zephyr/kernel/libkernel.a(sched.c.obj)
                0x0000000000006b14                z_sched_init
 .text.z_impl_k_yield
                0x0000000000006b24      0x120 zephyr/kernel/libkernel.a(sched.c.obj)
                0x0000000000006b24                z_impl_k_yield
 .text.z_tick_sleep
                0x0000000000006c44      0x114 zephyr/kernel/libkernel.a(sched.c.obj)
 .text.z_impl_k_sleep
                0x0000000000006d58       0x88 zephyr/kernel/libkernel.a(sched.c.obj)
                0x0000000000006d58                z_impl_k_sleep
 .text.z_impl_k_wakeup
                0x0000000000006de0       0xb0 zephyr/kernel/libkernel.a(sched.c.obj)
                0x0000000000006de0                z_impl_k_wakeup
 .text.z_impl_k_sched_current_thread_query
                0x0000000000006e90        0xc zephyr/kernel/libkernel.a(sched.c.obj)
                0x0000000000006e90                z_impl_k_sched_current_thread_query
 .text.z_thread_abort
                0x0000000000006e9c      0x250 zephyr/kernel/libkernel.a(sched.c.obj)
                0x0000000000006e9c                z_thread_abort
 .text.slice_timeout
                0x00000000000070ec       0x5c zephyr/kernel/libkernel.a(timeslicing.c.obj)
 .text.thread_is_sliceable
                0x0000000000007148       0x3c zephyr/kernel/libkernel.a(timeslicing.c.obj)
                0x0000000000007148                thread_is_sliceable
 .text.z_reset_time_slice
                0x0000000000007184       0x50 zephyr/kernel/libkernel.a(timeslicing.c.obj)
                0x0000000000007184                z_reset_time_slice
 .text.z_time_slice
                0x00000000000071d4       0xc8 zephyr/kernel/libkernel.a(timeslicing.c.obj)
                0x00000000000071d4                z_time_slice
 .text.z_spin_lock_valid
                0x000000000000729c       0x1c zephyr/kernel/libkernel.a(spinlock_validate.c.obj)
                0x000000000000729c                z_spin_lock_valid
 .text.z_spin_unlock_valid
                0x00000000000072b8       0x2c zephyr/kernel/libkernel.a(spinlock_validate.c.obj)
                0x00000000000072b8                z_spin_unlock_valid
 .text.z_spin_lock_set_owner
                0x00000000000072e4       0x10 zephyr/kernel/libkernel.a(spinlock_validate.c.obj)
                0x00000000000072e4                z_spin_lock_set_owner
 .text.z_thread_monitor_exit
                0x00000000000072f4       0xa8 zephyr/kernel/libkernel.a(thread_monitor.c.obj)
                0x00000000000072f4                z_thread_monitor_exit
 .text.z_data_copy
                0x000000000000739c       0x38 zephyr/kernel/libkernel.a(xip.c.obj)
                0x000000000000739c                z_data_copy
 .text.first    0x00000000000073d4       0x10 zephyr/kernel/libkernel.a(timeout.c.obj)
 .text.elapsed  0x00000000000073e4       0x14 zephyr/kernel/libkernel.a(timeout.c.obj)
 .text.remove_timeout
                0x00000000000073f8       0x38 zephyr/kernel/libkernel.a(timeout.c.obj)
 .text.z_add_timeout
                0x0000000000007430      0x1c8 zephyr/kernel/libkernel.a(timeout.c.obj)
                0x0000000000007430                z_add_timeout
 .text.z_abort_timeout
                0x00000000000075f8       0xbc zephyr/kernel/libkernel.a(timeout.c.obj)
                0x00000000000075f8                z_abort_timeout
 .text.sys_clock_announce
                0x00000000000076b4      0x148 zephyr/kernel/libkernel.a(timeout.c.obj)
                0x00000000000076b4                sys_clock_announce
 .text.sys_clock_tick_get
                0x00000000000077fc       0x9c zephyr/kernel/libkernel.a(timeout.c.obj)
                0x00000000000077fc                sys_clock_tick_get
 .text.z_alloc_helper
                0x0000000000007898       0xfc zephyr/kernel/libkernel.a(mempool.c.obj)
 .text.z_thread_alloc_helper
                0x0000000000007994       0x38 zephyr/kernel/libkernel.a(mempool.c.obj)
 .text.k_malloc
                0x00000000000079cc       0x14 zephyr/kernel/libkernel.a(mempool.c.obj)
                0x00000000000079cc                k_malloc
 .text.k_thread_system_pool_assign
                0x00000000000079e0        0xc zephyr/kernel/libkernel.a(mempool.c.obj)
                0x00000000000079e0                k_thread_system_pool_assign
 .text.z_thread_malloc
                0x00000000000079ec       0x10 zephyr/kernel/libkernel.a(mempool.c.obj)
                0x00000000000079ec                z_thread_malloc
 .text.statics_init
                0x00000000000079fc       0x50 zephyr/kernel/libkernel.a(kheap.c.obj)
 .text.k_heap_free
                0x0000000000007a4c       0xa8 zephyr/kernel/libkernel.a(kheap.c.obj)
                0x0000000000007a4c                k_heap_free
 .text.nrf_cc3xx_platform_init_no_rng
                0x0000000000007af4       0x38 C:/ncs/v3.1.1/nrfxlib/crypto/nrf_cc312_platform/lib/cortex-m33/soft-float/no-interrupts/libnrf_cc312_platform_0.9.19.a(nrf_cc3xx_platform.c.obj)
                0x0000000000007af4                nrf_cc3xx_platform_init_no_rng
 .text.nrf_cc3xx_platform_abort
                0x0000000000007b2c       0x24 C:/ncs/v3.1.1/nrfxlib/crypto/nrf_cc312_platform/lib/cortex-m33/soft-float/no-interrupts/libnrf_cc312_platform_0.9.19.a(nrf_cc3xx_platform_abort.c.obj)
 .text.CC_PalAbort
                0x0000000000007b50       0x44 C:/ncs/v3.1.1/nrfxlib/crypto/nrf_cc312_platform/lib/cortex-m33/soft-float/no-interrupts/libnrf_cc312_platform_0.9.19.a(nrf_cc3xx_platform_abort.c.obj)
                0x0000000000007b50                CC_PalAbort
 .text.nrf_cc3xx_platform_set_abort
                0x0000000000007b94       0x10 C:/ncs/v3.1.1/nrfxlib/crypto/nrf_cc312_platform/lib/cortex-m33/soft-float/no-interrupts/libnrf_cc312_platform_0.9.19.a(nrf_cc3xx_platform_abort.c.obj)
                0x0000000000007b94                nrf_cc3xx_platform_set_abort
 .text.mutex_free
                0x0000000000007ba4       0x34 C:/ncs/v3.1.1/nrfxlib/crypto/nrf_cc312_platform/lib/cortex-m33/soft-float/no-interrupts/libnrf_cc312_platform_0.9.19.a(nrf_cc3xx_platform_mutex.c.obj)
 .text.mutex_lock
                0x0000000000007bd8       0x48 C:/ncs/v3.1.1/nrfxlib/crypto/nrf_cc312_platform/lib/cortex-m33/soft-float/no-interrupts/libnrf_cc312_platform_0.9.19.a(nrf_cc3xx_platform_mutex.c.obj)
 .text.mutex_unlock
                0x0000000000007c20       0x38 C:/ncs/v3.1.1/nrfxlib/crypto/nrf_cc312_platform/lib/cortex-m33/soft-float/no-interrupts/libnrf_cc312_platform_0.9.19.a(nrf_cc3xx_platform_mutex.c.obj)
 .text.mutex_init
                0x0000000000007c58       0x20 C:/ncs/v3.1.1/nrfxlib/crypto/nrf_cc312_platform/lib/cortex-m33/soft-float/no-interrupts/libnrf_cc312_platform_0.9.19.a(nrf_cc3xx_platform_mutex.c.obj)
 .text.nrf_cc3xx_platform_set_mutexes
                0x0000000000007c78       0x78 C:/ncs/v3.1.1/nrfxlib/crypto/nrf_cc312_platform/lib/cortex-m33/soft-float/no-interrupts/libnrf_cc312_platform_0.9.19.a(nrf_cc3xx_platform_mutex.c.obj)
                0x0000000000007c78                nrf_cc3xx_platform_set_mutexes
 .text.CC_LibInitNoRng
                0x0000000000007cf0       0x28 C:/ncs/v3.1.1/nrfxlib/crypto/nrf_cc312_platform/lib/cortex-m33/soft-float/no-interrupts/libnrf_cc312_platform_0.9.19.a(cc_lib.c.obj)
                0x0000000000007cf0                CC_LibInitNoRng
 .text.CC_HalInit
                0x0000000000007d18        0x4 C:/ncs/v3.1.1/nrfxlib/crypto/nrf_cc312_platform/lib/cortex-m33/soft-float/no-interrupts/libnrf_cc312_platform_0.9.19.a(cc_hal.c.obj)
                0x0000000000007d18                CC_HalInit
 .text.CC_PalInit
                0x0000000000007d1c       0x5c C:/ncs/v3.1.1/nrfxlib/crypto/nrf_cc312_platform/lib/cortex-m33/soft-float/no-interrupts/libnrf_cc312_platform_0.9.19.a(cc_pal.c.obj)
                0x0000000000007d1c                CC_PalInit
 .text.CC_PalTerminate
                0x0000000000007d78       0x34 C:/ncs/v3.1.1/nrfxlib/crypto/nrf_cc312_platform/lib/cortex-m33/soft-float/no-interrupts/libnrf_cc312_platform_0.9.19.a(cc_pal.c.obj)
                0x0000000000007d78                CC_PalTerminate
 .text.CC_PalDmaInit
                0x0000000000007dac        0x4 C:/ncs/v3.1.1/nrfxlib/crypto/nrf_cc312_platform/lib/cortex-m33/soft-float/no-interrupts/libnrf_cc312_platform_0.9.19.a(cc_pal_dma.c.obj)
                0x0000000000007dac                CC_PalDmaInit
 .text.CC_PalDmaTerminate
                0x0000000000007db0        0x4 C:/ncs/v3.1.1/nrfxlib/crypto/nrf_cc312_platform/lib/cortex-m33/soft-float/no-interrupts/libnrf_cc312_platform_0.9.19.a(cc_pal_dma.c.obj)
                0x0000000000007db0                CC_PalDmaTerminate
 .text.CC_PalMutexCreate
                0x0000000000007db4       0x14 C:/ncs/v3.1.1/nrfxlib/crypto/nrf_cc312_platform/lib/cortex-m33/soft-float/no-interrupts/libnrf_cc312_platform_0.9.19.a(cc_pal_mutex.c.obj)
                0x0000000000007db4                CC_PalMutexCreate
 .text.CC_PalMutexDestroy
                0x0000000000007dc8       0x14 C:/ncs/v3.1.1/nrfxlib/crypto/nrf_cc312_platform/lib/cortex-m33/soft-float/no-interrupts/libnrf_cc312_platform_0.9.19.a(cc_pal_mutex.c.obj)
                0x0000000000007dc8                CC_PalMutexDestroy
 .text.CC_PalPowerSaveModeInit
                0x0000000000007ddc       0x3c C:/ncs/v3.1.1/nrfxlib/crypto/nrf_cc312_platform/lib/cortex-m33/soft-float/no-interrupts/libnrf_cc312_platform_0.9.19.a(cc_pal_pm.c.obj)
                0x0000000000007ddc                CC_PalPowerSaveModeInit
 .text.sscanf   0x0000000000007e18       0x40 c:\ncs\toolchains\c1a76fddb2\opt\zephyr-sdk\arm-zephyr-eabi\bin\../lib/gcc/../../picolibc/arm-zephyr-eabi/lib/thumb/v8-m.main/nofp\libc.a(libc_tinystdio_sscanf.c.o)
                0x0000000000007e18                sscanf
 .text.__l_vfprintf
                0x0000000000007e58      0x4b4 c:\ncs\toolchains\c1a76fddb2\opt\zephyr-sdk\arm-zephyr-eabi\bin\../lib/gcc/../../picolibc/arm-zephyr-eabi/lib/thumb/v8-m.main/nofp\libc.a(libc_tinystdio_vflprintf.c.o)
                0x0000000000007e58                __l_vfprintf
 .text.__l_vfscanf
                0x000000000000830c      0x360 c:\ncs\toolchains\c1a76fddb2\opt\zephyr-sdk\arm-zephyr-eabi\bin\../lib/gcc/../../picolibc/arm-zephyr-eabi/lib/thumb/v8-m.main/nofp\libc.a(libc_tinystdio_vflscanf.c.o)
                0x000000000000830c                __l_vfscanf
 .text.vsnprintf
                0x000000000000866c       0x50 c:\ncs\toolchains\c1a76fddb2\opt\zephyr-sdk\arm-zephyr-eabi\bin\../lib/gcc/../../picolibc/arm-zephyr-eabi/lib/thumb/v8-m.main/nofp\libc.a(libc_tinystdio_vsnprintf.c.o)
                0x000000000000866c                vsnprintf
 .text._OffsetAbsSyms
                0x00000000000086bc        0x2 zephyr/CMakeFiles/offsets.dir/./arch/arm/core/offsets/offsets.c.obj
                0x00000000000086bc                _OffsetAbsSyms
 .text.k_condvar_broadcast.isra.0
                0x00000000000086be        0x4 app/libapp.a(main.c.obj)
 .text.k_msleep.isra.0
                0x00000000000086c2       0x26 app/libapp.a(main.c.obj)
 .text.gpio_is_ready_dt.isra.0
                0x00000000000086e8        0x4 app/libapp.a(main.c.obj)
 .text.chunk_field
                0x00000000000086ec       0x16 zephyr/libzephyr.a(heap.c.obj)
 .text.chunk_set
                0x0000000000008702       0x16 zephyr/libzephyr.a(heap.c.obj)
 .text.chunk_size
                0x0000000000008718        0xc zephyr/libzephyr.a(heap.c.obj)
 .text.set_chunk_used
                0x0000000000008724       0x30 zephyr/libzephyr.a(heap.c.obj)
 .text.set_chunk_size
                0x0000000000008754        0x8 zephyr/libzephyr.a(heap.c.obj)
 .text.mem_to_chunkid
                0x000000000000875c       0x14 zephyr/libzephyr.a(heap.c.obj)
 .text.bytes_to_chunksz.isra.0
                0x0000000000008770       0x12 zephyr/libzephyr.a(heap.c.obj)
 .text.bucket_idx.isra.0
                0x0000000000008782       0x18 zephyr/libzephyr.a(heap.c.obj)
 .text.free_list_remove_bidx
                0x000000000000879a       0x5c zephyr/libzephyr.a(heap.c.obj)
 .text.free_list_remove
                0x00000000000087f6       0x2e zephyr/libzephyr.a(heap.c.obj)
 .text.alloc_chunk
                0x0000000000008824       0x74 zephyr/libzephyr.a(heap.c.obj)
 .text.split_chunks
                0x0000000000008898       0x4e zephyr/libzephyr.a(heap.c.obj)
 .text.merge_chunks
                0x00000000000088e6       0x3c zephyr/libzephyr.a(heap.c.obj)
 .text.free_list_add
                0x0000000000008922       0x84 zephyr/libzephyr.a(heap.c.obj)
 .text.free_chunk
                0x00000000000089a6       0x84 zephyr/libzephyr.a(heap.c.obj)
 .text.sys_heap_alloc
                0x0000000000008a2a       0x64 zephyr/libzephyr.a(heap.c.obj)
                0x0000000000008a2a                sys_heap_alloc
 .text.sys_heap_noalign_alloc
                0x0000000000008a8e        0x6 zephyr/libzephyr.a(heap.c.obj)
                0x0000000000008a8e                sys_heap_noalign_alloc
 .text.arch_printk_char_out
                0x0000000000008a94        0x4 zephyr/libzephyr.a(printk.c.obj)
                0x0000000000008a94                arch_printk_char_out
 .text.printk   0x0000000000008a98       0x1a zephyr/libzephyr.a(printk.c.obj)
                0x0000000000008a98                printk
 .text.assert_post_action
                0x0000000000008ab2       0x12 zephyr/libzephyr.a(assert.c.obj)
                0x0000000000008ab2                assert_post_action
 .text.assert_print
                0x0000000000008ac4       0x1a zephyr/libzephyr.a(assert.c.obj)
                0x0000000000008ac4                assert_print
 .text.process_recheck
                0x0000000000008ade       0x38 zephyr/libzephyr.a(onoff.c.obj)
 .text.validate_args
                0x0000000000008b16       0x20 zephyr/libzephyr.a(onoff.c.obj)
 .text.notify_one
                0x0000000000008b36       0x2c zephyr/libzephyr.a(onoff.c.obj)
 .text.onoff_manager_init
                0x0000000000008b62       0x26 zephyr/libzephyr.a(onoff.c.obj)
                0x0000000000008b62                onoff_manager_init
 .text.sys_notify_validate
                0x0000000000008b88       0x22 zephyr/libzephyr.a(notify.c.obj)
                0x0000000000008b88                sys_notify_validate
 .text._ConfigAbsSyms
                0x0000000000008baa        0x2 zephyr/libzephyr.a(configs.c.obj)
                0x0000000000008baa                _ConfigAbsSyms
 .text.abort_function
                0x0000000000008bac        0x2 zephyr/libzephyr.a(nrf_cc3xx_platform_abort_zephyr.c.obj)
 .text.z_arm_fatal_error
                0x0000000000008bae        0xc zephyr/arch/arch/arm/core/libarch__arm__core.a(fatal.c.obj)
                0x0000000000008bae                z_arm_fatal_error
 .text.z_do_kernel_oops
                0x0000000000008bba        0x8 zephyr/arch/arch/arm/core/libarch__arm__core.a(fatal.c.obj)
                0x0000000000008bba                z_do_kernel_oops
 .text.z_arm_nmi
                0x0000000000008bc2        0xe zephyr/arch/arch/arm/core/libarch__arm__core.a(nmi.c.obj)
                0x0000000000008bc2                z_arm_nmi
 .text.z_irq_spurious
                0x0000000000008bd0        0x8 zephyr/arch/arch/arm/core/cortex_m/libarch__arm__core__cortex_m.a(irq_manage.c.obj)
                0x0000000000008bd0                z_irq_spurious
 .text.configure_builtin_stack_guard
                0x0000000000008bd8        0xa zephyr/arch/arch/arm/core/cortex_m/libarch__arm__core__cortex_m.a(thread.c.obj)
                0x0000000000008bd8                configure_builtin_stack_guard
 .text.arch_irq_unlock_outlined
                0x0000000000008be2        0xe zephyr/arch/arch/arm/core/cortex_m/libarch__arm__core__cortex_m.a(thread.c.obj)
                0x0000000000008be2                arch_irq_unlock_outlined
 .text.arch_cpu_idle
                0x0000000000008bf0       0x32 zephyr/arch/arch/arm/core/cortex_m/libarch__arm__core__cortex_m.a(cpu_idle.c.obj)
                0x0000000000008bf0                arch_cpu_idle
 .text.arch_cpu_atomic_idle
                0x0000000000008c22       0x38 zephyr/arch/arch/arm/core/cortex_m/libarch__arm__core__cortex_m.a(cpu_idle.c.obj)
                0x0000000000008c22                arch_cpu_atomic_idle
 .text.arch_timing_cycles_get
                0x0000000000008c5a       0x10 zephyr/arch/arch/arm/core/cortex_m/libarch__arm__core__cortex_m.a(timing.c.obj)
                0x0000000000008c5a                arch_timing_cycles_get
 .text.arch_timing_cycles_to_ns
                0x0000000000008c6a       0x20 zephyr/arch/arch/arm/core/cortex_m/libarch__arm__core__cortex_m.a(timing.c.obj)
                0x0000000000008c6a                arch_timing_cycles_to_ns
 .text.arm_cmse_mpu_region_get
                0x0000000000008c8a       0x12 zephyr/arch/arch/arm/core/cortex_m/cmse/libarch__arm__core__cortex_m__cmse.a(arm_core_cmse.c.obj)
                0x0000000000008c8a                arm_cmse_mpu_region_get
 .text.mpu_configure_region
                0x0000000000008c9c       0x32 zephyr/arch/arch/arm/core/mpu/libarch__arm__core__mpu.a(arm_mpu.c.obj)
 .text.picolibc_put
                0x0000000000008cce        0xa zephyr/lib/libc/picolibc/liblib__libc__picolibc.a(stdio.c.obj)
 .text.onoff_stop
                0x0000000000008cd8       0x22 zephyr/soc/soc/nrf5340/libsoc__nordic.a(nrf53_cpunet_mgmt.c.obj)
 .text.async_start
                0x0000000000008cfa       0x60 zephyr/drivers/clock_control/libdrivers__clock_control.a(clock_control_nrf.c.obj)
 .text.api_start
                0x0000000000008d5a        0xe zephyr/drivers/clock_control/libdrivers__clock_control.a(clock_control_nrf.c.obj)
 .text.onoff_started_callback
                0x0000000000008d68        0xc zephyr/drivers/clock_control/libdrivers__clock_control.a(clock_control_nrf.c.obj)
 .text.hfclkaudio_start
                0x0000000000008d74        0x6 zephyr/drivers/clock_control/libdrivers__clock_control.a(clock_control_nrf.c.obj)
 .text.hfclk192m_start
                0x0000000000008d7a        0x6 zephyr/drivers/clock_control/libdrivers__clock_control.a(clock_control_nrf.c.obj)
 .text.lfclk_start
                0x0000000000008d80        0x6 zephyr/drivers/clock_control/libdrivers__clock_control.a(clock_control_nrf.c.obj)
 .text.hfclkaudio_stop
                0x0000000000008d86        0x6 zephyr/drivers/clock_control/libdrivers__clock_control.a(clock_control_nrf.c.obj)
 .text.hfclk192m_stop
                0x0000000000008d8c        0x6 zephyr/drivers/clock_control/libdrivers__clock_control.a(clock_control_nrf.c.obj)
 .text.lfclk_stop
                0x0000000000008d92        0x6 zephyr/drivers/clock_control/libdrivers__clock_control.a(clock_control_nrf.c.obj)
 .text.blocking_start_callback
                0x0000000000008d98        0x6 zephyr/drivers/clock_control/libdrivers__clock_control.a(clock_control_nrf.c.obj)
 .text.api_stop
                0x0000000000008d9e        0x6 zephyr/drivers/clock_control/libdrivers__clock_control.a(clock_control_nrf.c.obj)
 .text.gpio_nrfx_port_get_raw
                0x0000000000008da4        0xc zephyr/drivers/gpio/libdrivers__gpio.a(gpio_nrfx.c.obj)
 .text.gpio_nrfx_port_set_masked_raw
                0x0000000000008db0       0x14 zephyr/drivers/gpio/libdrivers__gpio.a(gpio_nrfx.c.obj)
 .text.gpio_nrfx_port_set_bits_raw
                0x0000000000008dc4        0xa zephyr/drivers/gpio/libdrivers__gpio.a(gpio_nrfx.c.obj)
 .text.gpio_nrfx_port_clear_bits_raw
                0x0000000000008dce        0xa zephyr/drivers/gpio/libdrivers__gpio.a(gpio_nrfx.c.obj)
 .text.gpio_nrfx_port_toggle_bits
                0x0000000000008dd8       0x14 zephyr/drivers/gpio/libdrivers__gpio.a(gpio_nrfx.c.obj)
 .text.pinctrl_lookup_state
                0x0000000000008dec       0x26 zephyr/drivers/pinctrl/libdrivers__pinctrl.a(common.c.obj)
                0x0000000000008dec                pinctrl_lookup_state
 .text.uarte_nrfx_err_check
                0x0000000000008e12        0xe zephyr/drivers/serial/libdrivers__serial.a(uart_nrfx_uarte.c.obj)
 .text.uarte_nrfx_poll_in
                0x0000000000008e20       0x26 zephyr/drivers/serial/libdrivers__serial.a(uart_nrfx_uarte.c.obj)
 .text.is_tx_ready.isra.0
                0x0000000000008e46       0x20 zephyr/drivers/serial/libdrivers__serial.a(uart_nrfx_uarte.c.obj)
 .text.uarte_nrfx_isr_int
                0x0000000000008e66       0x42 zephyr/drivers/serial/libdrivers__serial.a(uart_nrfx_uarte.c.obj)
 .text.pinctrl_apply_state.isra.0
                0x0000000000008ea8       0x1e zephyr/drivers/serial/libdrivers__serial.a(uart_nrfx_uarte.c.obj)
 .text.sys_clock_cycle_get_32
                0x0000000000008ec6        0x8 zephyr/drivers/timer/libdrivers__timer.a(nrf_rtc_timer.c.obj)
                0x0000000000008ec6                sys_clock_cycle_get_32
 .text.hw_cc3xx_init_internal
                0x0000000000008ece        0x4 modules/nrf/drivers/hw_cc3xx/lib..__nrf__drivers__hw_cc3xx.a(hw_cc3xx.c.obj)
 .text.hw_cc3xx_init
                0x0000000000008ed2       0x12 modules/nrf/drivers/hw_cc3xx/lib..__nrf__drivers__hw_cc3xx.a(hw_cc3xx.c.obj)
 .text.nrfx_isr
                0x0000000000008ee4        0x2 modules/hal_nordic/modules/hal_nordic/nrfx/libmodules__hal_nordic__nrfx.a(nrfx_glue.c.obj)
                0x0000000000008ee4                nrfx_isr
 .text.nrfx_busy_wait
                0x0000000000008ee6        0x4 modules/hal_nordic/modules/hal_nordic/nrfx/libmodules__hal_nordic__nrfx.a(nrfx_glue.c.obj)
                0x0000000000008ee6                nrfx_busy_wait
 .text.nrfx_gppi_channel_endpoints_setup
                0x0000000000008eea       0x16 modules/hal_nordic/modules/hal_nordic/nrfx/libmodules__hal_nordic__nrfx.a(nrfx_gppi_dppi.c.obj)
                0x0000000000008eea                nrfx_gppi_channel_endpoints_setup
 .text.nrf_gpio_pin_present_check
                0x0000000000008f00       0x24 modules/hal_nordic/modules/hal_nordic/nrfx/libmodules__hal_nordic__nrfx.a(nrfx_gpiote.c.obj)
 .text.nrf_gpio_reconfigure
                0x0000000000008f24       0x9a modules/hal_nordic/modules/hal_nordic/nrfx/libmodules__hal_nordic__nrfx.a(nrfx_gpiote.c.obj)
 .text.nrf_gpio_cfg_sense_set
                0x0000000000008fbe       0x1e modules/hal_nordic/modules/hal_nordic/nrfx/libmodules__hal_nordic__nrfx.a(nrfx_gpiote.c.obj)
 .text.pin_is_task_output.isra.0
                0x0000000000008fdc       0x16 modules/hal_nordic/modules/hal_nordic/nrfx/libmodules__hal_nordic__nrfx.a(nrfx_gpiote.c.obj)
 .text.pin_trigger_disable
                0x0000000000008ff2       0x48 modules/hal_nordic/modules/hal_nordic/nrfx/libmodules__hal_nordic__nrfx.a(nrfx_gpiote.c.obj)
 .text.nrfx_gpiote_pin_uninit
                0x000000000000903a        0x4 modules/hal_nordic/modules/hal_nordic/nrfx/libmodules__hal_nordic__nrfx.a(nrfx_gpiote.c.obj)
                0x000000000000903a                nrfx_gpiote_pin_uninit
 .text.nrfx_gpiote_trigger_disable
                0x000000000000903e        0x4 modules/hal_nordic/modules/hal_nordic/nrfx/libmodules__hal_nordic__nrfx.a(nrfx_gpiote.c.obj)
                0x000000000000903e                nrfx_gpiote_trigger_disable
 .text.z_impl_k_busy_wait
                0x0000000000009042        0x8 zephyr/kernel/libkernel.a(busy_wait.c.obj)
                0x0000000000009042                z_impl_k_busy_wait
 .text.z_impl_device_is_ready
                0x000000000000904a       0x16 zephyr/kernel/libkernel.a(device.c.obj)
                0x000000000000904a                z_impl_device_is_ready
 .text.arch_system_halt
                0x0000000000009060       0x10 zephyr/kernel/libkernel.a(fatal.c.obj)
                0x0000000000009060                arch_system_halt
 .text.k_sys_fatal_error_handler
                0x0000000000009070        0x6 zephyr/kernel/libkernel.a(fatal.c.obj)
                0x0000000000009070                k_sys_fatal_error_handler
 .text.do_device_init
                0x0000000000009076       0x2e zephyr/kernel/libkernel.a(init.c.obj)
 .text.z_early_memset
                0x00000000000090a4        0x4 zephyr/kernel/libkernel.a(init.c.obj)
                0x00000000000090a4                z_early_memset
 .text.z_early_memcpy
                0x00000000000090a8        0x4 zephyr/kernel/libkernel.a(init.c.obj)
                0x00000000000090a8                z_early_memcpy
 .text.create_free_list
                0x00000000000090ac       0x34 zephyr/kernel/libkernel.a(mem_slab.c.obj)
 .text.k_mem_slab_init
                0x00000000000090e0       0x1e zephyr/kernel/libkernel.a(mem_slab.c.obj)
                0x00000000000090e0                k_mem_slab_init
 .text.adjust_owner_prio.isra.0
                0x00000000000090fe       0x10 zephyr/kernel/libkernel.a(mutex.c.obj)
 .text.z_impl_k_mutex_init
                0x000000000000910e        0xe zephyr/kernel/libkernel.a(mutex.c.obj)
                0x000000000000910e                z_impl_k_mutex_init
 .text.z_queue_node_peek
                0x000000000000911c       0x18 zephyr/kernel/libkernel.a(queue.c.obj)
                0x000000000000911c                z_queue_node_peek
 .text.k_queue_append
                0x0000000000009134       0x16 zephyr/kernel/libkernel.a(queue.c.obj)
                0x0000000000009134                k_queue_append
 .text.k_is_in_isr
                0x000000000000914a        0xc zephyr/kernel/libkernel.a(thread.c.obj)
                0x000000000000914a                k_is_in_isr
 .text.sys_dlist_remove
                0x0000000000009156       0x10 zephyr/kernel/libkernel.a(sched.c.obj)
 .text.add_to_waitq_locked
                0x0000000000009166       0x50 zephyr/kernel/libkernel.a(sched.c.obj)
 .text.z_thread_timeout
                0x00000000000091b6        0x8 zephyr/kernel/libkernel.a(sched.c.obj)
                0x00000000000091b6                z_thread_timeout
 .text.z_unpend_thread
                0x00000000000091be       0x14 zephyr/kernel/libkernel.a(sched.c.obj)
                0x00000000000091be                z_unpend_thread
 .text.z_unpend_all
                0x00000000000091d2       0x26 zephyr/kernel/libkernel.a(sched.c.obj)
                0x00000000000091d2                z_unpend_all
 .text.next_timeout
                0x00000000000091f8       0x2e zephyr/kernel/libkernel.a(timeout.c.obj)
 .text.sys_clock_tick_get_32
                0x0000000000009226        0x8 zephyr/kernel/libkernel.a(timeout.c.obj)
                0x0000000000009226                sys_clock_tick_get_32
 .text.k_free   0x000000000000922e        0xe zephyr/kernel/libkernel.a(mempool.c.obj)
                0x000000000000922e                k_free
 .text.k_heap_init
                0x000000000000923c       0x14 zephyr/kernel/libkernel.a(kheap.c.obj)
                0x000000000000923c                k_heap_init
 .text.memcpy   0x0000000000009250       0x1a c:\ncs\toolchains\c1a76fddb2\opt\zephyr-sdk\arm-zephyr-eabi\bin\../lib/gcc/../../picolibc/arm-zephyr-eabi/lib/thumb/v8-m.main/nofp\libc.a(memcpy.c.o)
                0x0000000000009250                __aeabi_memcpy
                0x0000000000009250                __aeabi_memcpy4
                0x0000000000009250                __aeabi_memcpy8
                0x0000000000009250                memcpy
 .text.memset   0x000000000000926a       0x10 c:\ncs\toolchains\c1a76fddb2\opt\zephyr-sdk\arm-zephyr-eabi\bin\../lib/gcc/../../picolibc/arm-zephyr-eabi/lib/thumb/v8-m.main/nofp\libc.a(memset.c.o)
                0x000000000000926a                memset
 .text.strncpy  0x000000000000927a       0x20 c:\ncs\toolchains\c1a76fddb2\opt\zephyr-sdk\arm-zephyr-eabi\bin\../lib/gcc/../../picolibc/arm-zephyr-eabi/lib/thumb/v8-m.main/nofp\libc.a(libc_string_strncpy.c.o)
                0x000000000000927a                strncpy
 .text.strnlen  0x000000000000929a       0x18 c:\ncs\toolchains\c1a76fddb2\opt\zephyr-sdk\arm-zephyr-eabi\bin\../lib/gcc/../../picolibc/arm-zephyr-eabi/lib/thumb/v8-m.main/nofp\libc.a(libc_string_strnlen.c.o)
                0x000000000000929a                strnlen
 .text.__ultoa_invert
                0x00000000000092b2       0xac c:\ncs\toolchains\c1a76fddb2\opt\zephyr-sdk\arm-zephyr-eabi\bin\../lib/gcc/../../picolibc/arm-zephyr-eabi/lib/thumb/v8-m.main/nofp\libc.a(libc_tinystdio_vflprintf.c.o)
 .text.scanf_getc
                0x000000000000935e       0x14 c:\ncs\toolchains\c1a76fddb2\opt\zephyr-sdk\arm-zephyr-eabi\bin\../lib/gcc/../../picolibc/arm-zephyr-eabi/lib/thumb/v8-m.main/nofp\libc.a(libc_tinystdio_vflscanf.c.o)
 .text.scanf_ungetc
                0x0000000000009372       0x10 c:\ncs\toolchains\c1a76fddb2\opt\zephyr-sdk\arm-zephyr-eabi\bin\../lib/gcc/../../picolibc/arm-zephyr-eabi/lib/thumb/v8-m.main/nofp\libc.a(libc_tinystdio_vflscanf.c.o)
 .text.skip_spaces
                0x0000000000009382       0x2a c:\ncs\toolchains\c1a76fddb2\opt\zephyr-sdk\arm-zephyr-eabi\bin\../lib/gcc/../../picolibc/arm-zephyr-eabi/lib/thumb/v8-m.main/nofp\libc.a(libc_tinystdio_vflscanf.c.o)
 .text.putval   0x00000000000093ac       0x2c c:\ncs\toolchains\c1a76fddb2\opt\zephyr-sdk\arm-zephyr-eabi\bin\../lib/gcc/../../picolibc/arm-zephyr-eabi/lib/thumb/v8-m.main/nofp\libc.a(libc_tinystdio_vflscanf.c.o)
 .text.strchr   0x00000000000093d8       0x1a c:\ncs\toolchains\c1a76fddb2\opt\zephyr-sdk\arm-zephyr-eabi\bin\../lib/gcc/../../picolibc/arm-zephyr-eabi/lib/thumb/v8-m.main/nofp\libc.a(libc_string_strchr.c.o)
                0x00000000000093d8                strchr
 .text.fgetc    0x00000000000093f2       0x46 c:\ncs\toolchains\c1a76fddb2\opt\zephyr-sdk\arm-zephyr-eabi\bin\../lib/gcc/../../picolibc/arm-zephyr-eabi/lib/thumb/v8-m.main/nofp\libc.a(libc_tinystdio_fgetc.c.o)
                0x00000000000093f2                getc
                0x00000000000093f2                fgetc
                0x00000000000093f2                getc_unlocked
 .text.__file_str_get
                0x0000000000009438       0x14 c:\ncs\toolchains\c1a76fddb2\opt\zephyr-sdk\arm-zephyr-eabi\bin\../lib/gcc/../../picolibc/arm-zephyr-eabi/lib/thumb/v8-m.main/nofp\libc.a(libc_tinystdio_filestrget.c.o)
                0x0000000000009438                __file_str_get
 .text.__file_str_put
                0x000000000000944c       0x10 c:\ncs\toolchains\c1a76fddb2\opt\zephyr-sdk\arm-zephyr-eabi\bin\../lib/gcc/../../picolibc/arm-zephyr-eabi/lib/thumb/v8-m.main/nofp\libc.a(libc_tinystdio_filestrput.c.o)
                0x000000000000944c                __file_str_put
 .text.ungetc   0x000000000000945c       0x32 c:\ncs\toolchains\c1a76fddb2\opt\zephyr-sdk\arm-zephyr-eabi\bin\../lib/gcc/../../picolibc/arm-zephyr-eabi/lib/thumb/v8-m.main/nofp\libc.a(libc_tinystdio_ungetc.c.o)
                0x000000000000945c                ungetc
 *(SORT_BY_ALIGNMENT(.TEXT.*))
 *fill*         0x000000000000948e        0x2 
 .TEXT.__aeabi_read_tp
                0x0000000000009490        0xc zephyr/arch/arch/arm/core/cortex_m/libarch__arm__core__cortex_m.a(__aeabi_read_tp.S.obj)
                0x0000000000009490                __aeabi_read_tp
 *(SORT_BY_ALIGNMENT(.gnu.linkonce.t.*))
 *(SORT_BY_ALIGNMENT(.glue_7t))
 .glue_7t       0x000000000000949c        0x0 linker stubs
 *(SORT_BY_ALIGNMENT(.glue_7))
 .glue_7        0x000000000000949c        0x0 linker stubs
 *(SORT_BY_ALIGNMENT(.vfp11_veneer))
 .vfp11_veneer  0x000000000000949c        0x0 linker stubs
 *(SORT_BY_ALIGNMENT(.v4_bx))
 .v4_bx         0x000000000000949c        0x0 linker stubs
                0x000000000000949c                . = ALIGN (0x4)
                0x000000000000949c                __text_region_end = .

.ARM.exidx      0x000000000000949c        0x8
                0x000000000000949c                __exidx_start = .
 *(SORT_BY_ALIGNMENT(.ARM.exidx*) SORT_BY_ALIGNMENT(gnu.linkonce.armexidx.*))
 .ARM.exidx     0x000000000000949c        0x8 c:\ncs\toolchains\c1a76fddb2\opt\zephyr-sdk\arm-zephyr-eabi\bin\../lib/gcc/../../picolibc/arm-zephyr-eabi/lib/thumb/v8-m.main/nofp\libc.a(strcmp.S.o)
 .ARM.exidx     0x00000000000094a4        0x0 c:/ncs/toolchains/c1a76fddb2/opt/zephyr-sdk/arm-zephyr-eabi/bin/../lib/gcc/arm-zephyr-eabi/12.2.0/thumb/v8-m.main/nofp\libgcc.a(_udivmoddi4.o)
                                          0x8 (size before relaxing)
                0x00000000000094a4                __exidx_end = .
                0x00000000000094a4                __rodata_region_start = .

initlevel       0x00000000000094a4       0x70
                0x00000000000094a4                __init_start = .
                0x00000000000094a4                __init_EARLY_start = .
 *(SORT_BY_NAME(SORT_BY_ALIGNMENT(.z_init_EARLY_P_?_*)))
 *(SORT_BY_NAME(SORT_BY_ALIGNMENT(.z_init_EARLY_P_??_*)))
 *(SORT_BY_NAME(SORT_BY_ALIGNMENT(.z_init_EARLY_P_???_*)))
                0x00000000000094a4                __init_PRE_KERNEL_1_start = .
 *(SORT_BY_NAME(SORT_BY_ALIGNMENT(.z_init_PRE_KERNEL_1_P_?_*)))
 *(SORT_BY_NAME(SORT_BY_ALIGNMENT(.z_init_PRE_KERNEL_1_P_??_*)))
 .z_init_PRE_KERNEL_1_P_30_SUB_00090_
                0x00000000000094a4        0x8 zephyr/drivers/clock_control/libdrivers__clock_control.a(clock_control_nrf.c.obj)
 .z_init_PRE_KERNEL_1_P_30_SUB_0_
                0x00000000000094ac        0x8 zephyr/kernel/libkernel.a(mem_slab.c.obj)
 .z_init_PRE_KERNEL_1_P_30_SUB_0_
                0x00000000000094b4        0x8 zephyr/kernel/libkernel.a(kheap.c.obj)
 .z_init_PRE_KERNEL_1_P_40_SUB_00008_
                0x00000000000094bc        0x8 zephyr/drivers/gpio/libdrivers__gpio.a(gpio_nrfx.c.obj)
 .z_init_PRE_KERNEL_1_P_40_SUB_00032_
                0x00000000000094c4        0x8 zephyr/drivers/gpio/libdrivers__gpio.a(gpio_nrfx.c.obj)
 .z_init_PRE_KERNEL_1_P_40_SUB_0_
                0x00000000000094cc        0x8 modules/nrf/drivers/hw_cc3xx/lib..__nrf__drivers__hw_cc3xx.a(hw_cc3xx.c.obj)
 .z_init_PRE_KERNEL_1_P_50_SUB_00126_
                0x00000000000094d4        0x8 zephyr/drivers/serial/libdrivers__serial.a(uart_nrfx_uarte.c.obj)
 .z_init_PRE_KERNEL_1_P_60_SUB_0_
                0x00000000000094dc        0x8 zephyr/drivers/console/libdrivers__console.a(uart_console.c.obj)
 *(SORT_BY_NAME(SORT_BY_ALIGNMENT(.z_init_PRE_KERNEL_1_P_???_*)))
                0x00000000000094e4                __init_PRE_KERNEL_2_start = .
 *(SORT_BY_NAME(SORT_BY_ALIGNMENT(.z_init_PRE_KERNEL_2_P_?_*)))
 .z_init_PRE_KERNEL_2_P_0_SUB_0_
                0x00000000000094e4        0x8 zephyr/drivers/timer/libdrivers__timer.a(nrf_rtc_timer.c.obj)
 *(SORT_BY_NAME(SORT_BY_ALIGNMENT(.z_init_PRE_KERNEL_2_P_??_*)))
 *(SORT_BY_NAME(SORT_BY_ALIGNMENT(.z_init_PRE_KERNEL_2_P_???_*)))
                0x00000000000094ec                __init_POST_KERNEL_start = .
 *(SORT_BY_NAME(SORT_BY_ALIGNMENT(.z_init_POST_KERNEL_P_?_*)))
 *(SORT_BY_NAME(SORT_BY_ALIGNMENT(.z_init_POST_KERNEL_P_??_*)))
 .z_init_POST_KERNEL_P_35_SUB_0_
                0x00000000000094ec        0x8 zephyr/lib/libc/common/liblib__libc__common.a(malloc.c.obj)
 .z_init_POST_KERNEL_P_40_SUB_0_
                0x00000000000094f4        0x8 modules/nrf/drivers/hw_cc3xx/lib..__nrf__drivers__hw_cc3xx.a(hw_cc3xx.c.obj)
 .z_init_POST_KERNEL_P_41_SUB_0_
                0x00000000000094fc        0x8 zephyr/drivers/gpio/libdrivers__gpio.a(gpio_hogs.c.obj)
 .z_init_POST_KERNEL_P_50_SUB_00013_
                0x0000000000009504        0x8 zephyr/drivers/regulator/libdrivers__regulator.a(regulator_npm1100.c.obj)
 .z_init_POST_KERNEL_P_50_SUB_0_
                0x000000000000950c        0x8 zephyr/boards/nordic/nrf5340_audio_dk/libboards__nordic__nrf5340_audio_dk.a(nrf5340_audio_dk_config.c.obj)
 *(SORT_BY_NAME(SORT_BY_ALIGNMENT(.z_init_POST_KERNEL_P_???_*)))
                0x0000000000009514                __init_APPLICATION_start = .
 *(SORT_BY_NAME(SORT_BY_ALIGNMENT(.z_init_APPLICATION_P_?_*)))
 *(SORT_BY_NAME(SORT_BY_ALIGNMENT(.z_init_APPLICATION_P_??_*)))
 *(SORT_BY_NAME(SORT_BY_ALIGNMENT(.z_init_APPLICATION_P_???_*)))
                0x0000000000009514                __init_SMP_start = .
 *(SORT_BY_NAME(SORT_BY_ALIGNMENT(.z_init_SMP_P_?_*)))
 *(SORT_BY_NAME(SORT_BY_ALIGNMENT(.z_init_SMP_P_??_*)))
 *(SORT_BY_NAME(SORT_BY_ALIGNMENT(.z_init_SMP_P_???_*)))
                0x0000000000009514                __init_end = .

device_area     0x0000000000009514       0xa0
                0x0000000000009514                _device_list_start = .
 *(SORT_BY_NAME(SORT_BY_ALIGNMENT(._device.static.*_?_*)))
 *(SORT_BY_NAME(SORT_BY_ALIGNMENT(._device.static.*_??_*)))
 ._device.static.1_30_
                0x0000000000009514       0x20 zephyr/drivers/clock_control/libdrivers__clock_control.a(clock_control_nrf.c.obj)
                0x0000000000009514                __device_dts_ord_90
 ._device.static.1_40_
                0x0000000000009534       0x40 zephyr/drivers/gpio/libdrivers__gpio.a(gpio_nrfx.c.obj)
                0x0000000000009534                __device_dts_ord_32
                0x0000000000009554                __device_dts_ord_8
 ._device.static.1_50_
                0x0000000000009574       0x20 zephyr/drivers/serial/libdrivers__serial.a(uart_nrfx_uarte.c.obj)
                0x0000000000009574                __device_dts_ord_126
 ._device.static.3_50_
                0x0000000000009594       0x20 zephyr/drivers/regulator/libdrivers__regulator.a(regulator_npm1100.c.obj)
                0x0000000000009594                __device_dts_ord_13
 *(SORT_BY_NAME(SORT_BY_ALIGNMENT(._device.static.*_???_*)))
 *(SORT_BY_NAME(SORT_BY_ALIGNMENT(._device.static.*_????_*)))
 *(SORT_BY_NAME(SORT_BY_ALIGNMENT(._device.static.*_?????_*)))
                0x00000000000095b4                _device_list_end = .

sw_isr_table    0x00000000000095b4      0x228
                0x00000000000095b4                . = ALIGN (0x4)
 *(SORT_BY_ALIGNMENT(.gnu.linkonce.sw_isr_table*))
 .gnu.linkonce.sw_isr_table
                0x00000000000095b4      0x228 zephyr/arch/common/libisr_tables.a(isr_tables.c.obj)
                0x00000000000095b4                _sw_isr_table

initlevel_error
                0x00000000000094a4        0x0
 *(SORT_BY_NAME(SORT_BY_ALIGNMENT(.z_init_*)))
                0x0000000000000001                ASSERT ((SIZEOF (initlevel_error) == 0x0), Undefined initialization levels used.)

app_shmem_regions
                0x00000000000097dc        0x0
                0x00000000000097dc                __app_shmem_regions_start = .
 *(SORT_BY_NAME(SORT_BY_ALIGNMENT(.app_regions.*)))
                0x00000000000097dc                __app_shmem_regions_end = .

k_p4wq_initparam_area
                0x00000000000097dc        0x0
                0x00000000000097dc                _k_p4wq_initparam_list_start = .
 *(SORT_BY_NAME(SORT_BY_ALIGNMENT(._k_p4wq_initparam.static.*)))
                0x00000000000097dc                _k_p4wq_initparam_list_end = .

_static_thread_data_area
                0x00000000000097e0      0x120
                0x00000000000097e0                __static_thread_data_list_start = .
 *(SORT_BY_NAME(SORT_BY_ALIGNMENT(.__static_thread_data.static.*)))
 .__static_thread_data.static._k_thread_data_debug_tid_
                0x00000000000097e0       0x30 app/libapp.a(main.c.obj)
                0x00000000000097e0                _k_thread_data_debug_tid
 .__static_thread_data.static._k_thread_data_dispatcher_tid_
                0x0000000000009810       0x30 app/libapp.a(main.c.obj)
                0x0000000000009810                _k_thread_data_dispatcher_tid
 .__static_thread_data.static._k_thread_data_green_tid_
                0x0000000000009840       0x30 app/libapp.a(main.c.obj)
                0x0000000000009840                _k_thread_data_green_tid
 .__static_thread_data.static._k_thread_data_red_tid_
                0x0000000000009870       0x30 app/libapp.a(main.c.obj)
                0x0000000000009870                _k_thread_data_red_tid
 .__static_thread_data.static._k_thread_data_uart_tid_
                0x00000000000098a0       0x30 app/libapp.a(main.c.obj)
                0x00000000000098a0                _k_thread_data_uart_tid
 .__static_thread_data.static._k_thread_data_yellow_tid_
                0x00000000000098d0       0x30 app/libapp.a(main.c.obj)
                0x00000000000098d0                _k_thread_data_yellow_tid
                0x0000000000009900                __static_thread_data_list_end = .

device_deps     0x0000000000009900        0x0
                0x0000000000009900                __device_deps_start = .
 *(SORT_BY_NAME(SORT_BY_ALIGNMENT(.__device_deps_pass2*)))
                0x0000000000009900                __device_deps_end = .

gpio_driver_api_area
                0x0000000000009900       0x24
                0x0000000000009900                _gpio_driver_api_list_start = .
 *(SORT_BY_NAME(SORT_BY_ALIGNMENT(._gpio_driver_api.static.*)))
 ._gpio_driver_api.static.gpio_nrfx_drv_api_funcs_
                0x0000000000009900       0x24 zephyr/drivers/gpio/libdrivers__gpio.a(gpio_nrfx.c.obj)
                0x0000000000009924                _gpio_driver_api_list_end = .

shared_irq_driver_api_area
                0x0000000000009924        0x0
                0x0000000000009924                _shared_irq_driver_api_list_start = .
 *(SORT_BY_NAME(SORT_BY_ALIGNMENT(._shared_irq_driver_api.static.*)))
                0x0000000000009924                _shared_irq_driver_api_list_end = .

crypto_driver_api_area
                0x0000000000009924        0x0
                0x0000000000009924                _crypto_driver_api_list_start = .
 *(SORT_BY_NAME(SORT_BY_ALIGNMENT(._crypto_driver_api.static.*)))
                0x0000000000009924                _crypto_driver_api_list_end = .

adc_driver_api_area
                0x0000000000009924        0x0
                0x0000000000009924                _adc_driver_api_list_start = .
 *(SORT_BY_NAME(SORT_BY_ALIGNMENT(._adc_driver_api.static.*)))
                0x0000000000009924                _adc_driver_api_list_end = .

auxdisplay_driver_api_area
                0x0000000000009924        0x0
                0x0000000000009924                _auxdisplay_driver_api_list_start = .
 *(SORT_BY_NAME(SORT_BY_ALIGNMENT(._auxdisplay_driver_api.static.*)))
                0x0000000000009924                _auxdisplay_driver_api_list_end = .

bbram_driver_api_area
                0x0000000000009924        0x0
                0x0000000000009924                _bbram_driver_api_list_start = .
 *(SORT_BY_NAME(SORT_BY_ALIGNMENT(._bbram_driver_api.static.*)))
                0x0000000000009924                _bbram_driver_api_list_end = .

bt_hci_driver_api_area
                0x0000000000009924        0x0
                0x0000000000009924                _bt_hci_driver_api_list_start = .
 *(SORT_BY_NAME(SORT_BY_ALIGNMENT(._bt_hci_driver_api.static.*)))
                0x0000000000009924                _bt_hci_driver_api_list_end = .

can_driver_api_area
                0x0000000000009924        0x0
                0x0000000000009924                _can_driver_api_list_start = .
 *(SORT_BY_NAME(SORT_BY_ALIGNMENT(._can_driver_api.static.*)))
                0x0000000000009924                _can_driver_api_list_end = .

cellular_driver_api_area
                0x0000000000009924        0x0
                0x0000000000009924                _cellular_driver_api_list_start = .
 *(SORT_BY_NAME(SORT_BY_ALIGNMENT(._cellular_driver_api.static.*)))
                0x0000000000009924                _cellular_driver_api_list_end = .

charger_driver_api_area
                0x0000000000009924        0x0
                0x0000000000009924                _charger_driver_api_list_start = .
 *(SORT_BY_NAME(SORT_BY_ALIGNMENT(._charger_driver_api.static.*)))
                0x0000000000009924                _charger_driver_api_list_end = .

clock_control_driver_api_area
                0x0000000000009924       0x1c
                0x0000000000009924                _clock_control_driver_api_list_start = .
 *(SORT_BY_NAME(SORT_BY_ALIGNMENT(._clock_control_driver_api.static.*)))
 ._clock_control_driver_api.static.clock_control_api_
                0x0000000000009924       0x1c zephyr/drivers/clock_control/libdrivers__clock_control.a(clock_control_nrf.c.obj)
                0x0000000000009940                _clock_control_driver_api_list_end = .

comparator_driver_api_area
                0x0000000000009940        0x0
                0x0000000000009940                _comparator_driver_api_list_start = .
 *(SORT_BY_NAME(SORT_BY_ALIGNMENT(._comparator_driver_api.static.*)))
                0x0000000000009940                _comparator_driver_api_list_end = .

coredump_driver_api_area
                0x0000000000009940        0x0
                0x0000000000009940                _coredump_driver_api_list_start = .
 *(SORT_BY_NAME(SORT_BY_ALIGNMENT(._coredump_driver_api.static.*)))
                0x0000000000009940                _coredump_driver_api_list_end = .

counter_driver_api_area
                0x0000000000009940        0x0
                0x0000000000009940                _counter_driver_api_list_start = .
 *(SORT_BY_NAME(SORT_BY_ALIGNMENT(._counter_driver_api.static.*)))
                0x0000000000009940                _counter_driver_api_list_end = .

dac_driver_api_area
                0x0000000000009940        0x0
                0x0000000000009940                _dac_driver_api_list_start = .
 *(SORT_BY_NAME(SORT_BY_ALIGNMENT(._dac_driver_api.static.*)))
                0x0000000000009940                _dac_driver_api_list_end = .

dai_driver_api_area
                0x0000000000009940        0x0
                0x0000000000009940                _dai_driver_api_list_start = .
 *(SORT_BY_NAME(SORT_BY_ALIGNMENT(._dai_driver_api.static.*)))
                0x0000000000009940                _dai_driver_api_list_end = .

display_driver_api_area
                0x0000000000009940        0x0
                0x0000000000009940                _display_driver_api_list_start = .
 *(SORT_BY_NAME(SORT_BY_ALIGNMENT(._display_driver_api.static.*)))
                0x0000000000009940                _display_driver_api_list_end = .

dma_driver_api_area
                0x0000000000009940        0x0
                0x0000000000009940                _dma_driver_api_list_start = .
 *(SORT_BY_NAME(SORT_BY_ALIGNMENT(._dma_driver_api.static.*)))
                0x0000000000009940                _dma_driver_api_list_end = .

edac_driver_api_area
                0x0000000000009940        0x0
                0x0000000000009940                _edac_driver_api_list_start = .
 *(SORT_BY_NAME(SORT_BY_ALIGNMENT(._edac_driver_api.static.*)))
                0x0000000000009940                _edac_driver_api_list_end = .

eeprom_driver_api_area
                0x0000000000009940        0x0
                0x0000000000009940                _eeprom_driver_api_list_start = .
 *(SORT_BY_NAME(SORT_BY_ALIGNMENT(._eeprom_driver_api.static.*)))
                0x0000000000009940                _eeprom_driver_api_list_end = .

emul_bbram_driver_api_area
                0x0000000000009940        0x0
                0x0000000000009940                _emul_bbram_driver_api_list_start = .
 *(SORT_BY_NAME(SORT_BY_ALIGNMENT(._emul_bbram_driver_api.static.*)))
                0x0000000000009940                _emul_bbram_driver_api_list_end = .

fuel_gauge_emul_driver_api_area
                0x0000000000009940        0x0
                0x0000000000009940                _fuel_gauge_emul_driver_api_list_start = .
 *(SORT_BY_NAME(SORT_BY_ALIGNMENT(._fuel_gauge_emul_driver_api.static.*)))
                0x0000000000009940                _fuel_gauge_emul_driver_api_list_end = .

emul_sensor_driver_api_area
                0x0000000000009940        0x0
                0x0000000000009940                _emul_sensor_driver_api_list_start = .
 *(SORT_BY_NAME(SORT_BY_ALIGNMENT(._emul_sensor_driver_api.static.*)))
                0x0000000000009940                _emul_sensor_driver_api_list_end = .

entropy_driver_api_area
                0x0000000000009940        0x0
                0x0000000000009940                _entropy_driver_api_list_start = .
 *(SORT_BY_NAME(SORT_BY_ALIGNMENT(._entropy_driver_api.static.*)))
                0x0000000000009940                _entropy_driver_api_list_end = .

espi_driver_api_area
                0x0000000000009940        0x0
                0x0000000000009940                _espi_driver_api_list_start = .
 *(SORT_BY_NAME(SORT_BY_ALIGNMENT(._espi_driver_api.static.*)))
                0x0000000000009940                _espi_driver_api_list_end = .

espi_saf_driver_api_area
                0x0000000000009940        0x0
                0x0000000000009940                _espi_saf_driver_api_list_start = .
 *(SORT_BY_NAME(SORT_BY_ALIGNMENT(._espi_saf_driver_api.static.*)))
                0x0000000000009940                _espi_saf_driver_api_list_end = .

flash_driver_api_area
                0x0000000000009940        0x0
                0x0000000000009940                _flash_driver_api_list_start = .
 *(SORT_BY_NAME(SORT_BY_ALIGNMENT(._flash_driver_api.static.*)))
                0x0000000000009940                _flash_driver_api_list_end = .

fpga_driver_api_area
                0x0000000000009940        0x0
                0x0000000000009940                _fpga_driver_api_list_start = .
 *(SORT_BY_NAME(SORT_BY_ALIGNMENT(._fpga_driver_api.static.*)))
                0x0000000000009940                _fpga_driver_api_list_end = .

fuel_gauge_driver_api_area
                0x0000000000009940        0x0
                0x0000000000009940                _fuel_gauge_driver_api_list_start = .
 *(SORT_BY_NAME(SORT_BY_ALIGNMENT(._fuel_gauge_driver_api.static.*)))
                0x0000000000009940                _fuel_gauge_driver_api_list_end = .

gnss_driver_api_area
                0x0000000000009940        0x0
                0x0000000000009940                _gnss_driver_api_list_start = .
 *(SORT_BY_NAME(SORT_BY_ALIGNMENT(._gnss_driver_api.static.*)))
                0x0000000000009940                _gnss_driver_api_list_end = .

haptics_driver_api_area
                0x0000000000009940        0x0
                0x0000000000009940                _haptics_driver_api_list_start = .
 *(SORT_BY_NAME(SORT_BY_ALIGNMENT(._haptics_driver_api.static.*)))
                0x0000000000009940                _haptics_driver_api_list_end = .

hwspinlock_driver_api_area
                0x0000000000009940        0x0
                0x0000000000009940                _hwspinlock_driver_api_list_start = .
 *(SORT_BY_NAME(SORT_BY_ALIGNMENT(._hwspinlock_driver_api.static.*)))
                0x0000000000009940                _hwspinlock_driver_api_list_end = .

i2c_driver_api_area
                0x0000000000009940        0x0
                0x0000000000009940                _i2c_driver_api_list_start = .
 *(SORT_BY_NAME(SORT_BY_ALIGNMENT(._i2c_driver_api.static.*)))
                0x0000000000009940                _i2c_driver_api_list_end = .

i2c_target_driver_api_area
                0x0000000000009940        0x0
                0x0000000000009940                _i2c_target_driver_api_list_start = .
 *(SORT_BY_NAME(SORT_BY_ALIGNMENT(._i2c_target_driver_api.static.*)))
                0x0000000000009940                _i2c_target_driver_api_list_end = .

i2s_driver_api_area
                0x0000000000009940        0x0
                0x0000000000009940                _i2s_driver_api_list_start = .
 *(SORT_BY_NAME(SORT_BY_ALIGNMENT(._i2s_driver_api.static.*)))
                0x0000000000009940                _i2s_driver_api_list_end = .

i3c_driver_api_area
                0x0000000000009940        0x0
                0x0000000000009940                _i3c_driver_api_list_start = .
 *(SORT_BY_NAME(SORT_BY_ALIGNMENT(._i3c_driver_api.static.*)))
                0x0000000000009940                _i3c_driver_api_list_end = .

ipm_driver_api_area
                0x0000000000009940        0x0
                0x0000000000009940                _ipm_driver_api_list_start = .
 *(SORT_BY_NAME(SORT_BY_ALIGNMENT(._ipm_driver_api.static.*)))
                0x0000000000009940                _ipm_driver_api_list_end = .

led_driver_api_area
                0x0000000000009940        0x0
                0x0000000000009940                _led_driver_api_list_start = .
 *(SORT_BY_NAME(SORT_BY_ALIGNMENT(._led_driver_api.static.*)))
                0x0000000000009940                _led_driver_api_list_end = .

led_strip_driver_api_area
                0x0000000000009940        0x0
                0x0000000000009940                _led_strip_driver_api_list_start = .
 *(SORT_BY_NAME(SORT_BY_ALIGNMENT(._led_strip_driver_api.static.*)))
                0x0000000000009940                _led_strip_driver_api_list_end = .

lora_driver_api_area
                0x0000000000009940        0x0
                0x0000000000009940                _lora_driver_api_list_start = .
 *(SORT_BY_NAME(SORT_BY_ALIGNMENT(._lora_driver_api.static.*)))
                0x0000000000009940                _lora_driver_api_list_end = .
