Archive member included to satisfy reference by file (symbol)

app/libapp.a(main.c.obj)      (--whole-archive)
zephyr/libzephyr.a(heap.c.obj)
                              (--whole-archive)
zephyr/libzephyr.a(cbprintf_packaged.c.obj)
                              (--whole-archive)
zephyr/libzephyr.a(printk.c.obj)
                              (--whole-archive)
zephyr/libzephyr.a(sem.c.obj)
                              (--whole-archive)
zephyr/libzephyr.a(thread_entry.c.obj)
                              (--whole-archive)
zephyr/libzephyr.a(cbprintf_complete.c.obj)
                              (--whole-archive)
zephyr/libzephyr.a(assert.c.obj)
                              (--whole-archive)
zephyr/libzephyr.a(dec.c.obj)
                              (--whole-archive)
zephyr/libzephyr.a(hex.c.obj)
                              (--whole-archive)
zephyr/libzephyr.a(rb.c.obj)  (--whole-archive)
zephyr/libzephyr.a(timeutil.c.obj)
                              (--whole-archive)
zephyr/libzephyr.a(bitarray.c.obj)
                              (--whole-archive)
zephyr/libzephyr.a(onoff.c.obj)
                              (--whole-archive)
zephyr/libzephyr.a(notify.c.obj)
                              (--whole-archive)
zephyr/libzephyr.a(ring_buffer.c.obj)
                              (--whole-archive)
zephyr/libzephyr.a(last_section_id.c.obj)
                              (--whole-archive)
zephyr/libzephyr.a(configs.c.obj)
                              (--whole-archive)
zephyr/libzephyr.a(thread_info.c.obj)
                              (--whole-archive)
zephyr/libzephyr.a(mem_attr.c.obj)
                              (--whole-archive)
zephyr/libzephyr.a(tracing_none.c.obj)
                              (--whole-archive)
zephyr/libzephyr.a(banner.c.obj)
                              (--whole-archive)
zephyr/libzephyr.a(flash_map_partition_manager.c.obj)
                              (--whole-archive)
zephyr/libzephyr.a(nrf_cc3xx_platform_abort_zephyr.c.obj)
                              (--whole-archive)
zephyr/libzephyr.a(nrf_cc3xx_platform_mutex_zephyr.c.obj)
                              (--whole-archive)
zephyr/arch/common/libarch__common.a(sw_isr_common.c.obj)
                              (--whole-archive)
zephyr/arch/arch/arm/core/libarch__arm__core.a(fatal.c.obj)
                              (--whole-archive)
zephyr/arch/arch/arm/core/libarch__arm__core.a(nmi.c.obj)
                              (--whole-archive)
zephyr/arch/arch/arm/core/libarch__arm__core.a(nmi_on_reset.S.obj)
                              (--whole-archive)
zephyr/arch/arch/arm/core/libarch__arm__core.a(tls.c.obj)
                              (--whole-archive)
zephyr/arch/arch/arm/core/cortex_m/libarch__arm__core__cortex_m.a(exc_exit.c.obj)
                              (--whole-archive)
zephyr/arch/arch/arm/core/cortex_m/libarch__arm__core__cortex_m.a(fault.c.obj)
                              (--whole-archive)
zephyr/arch/arch/arm/core/cortex_m/libarch__arm__core__cortex_m.a(fault_s.S.obj)
                              (--whole-archive)
zephyr/arch/arch/arm/core/cortex_m/libarch__arm__core__cortex_m.a(fpu.c.obj)
                              (--whole-archive)
zephyr/arch/arch/arm/core/cortex_m/libarch__arm__core__cortex_m.a(reset.S.obj)
                              (--whole-archive)
zephyr/arch/arch/arm/core/cortex_m/libarch__arm__core__cortex_m.a(scb.c.obj)
                              (--whole-archive)
zephyr/arch/arch/arm/core/cortex_m/libarch__arm__core__cortex_m.a(thread_abort.c.obj)
                              (--whole-archive)
zephyr/arch/arch/arm/core/cortex_m/libarch__arm__core__cortex_m.a(vector_table.S.obj)
                              (--whole-archive)
zephyr/arch/arch/arm/core/cortex_m/libarch__arm__core__cortex_m.a(swap_helper.S.obj)
                              (--whole-archive)
zephyr/arch/arch/arm/core/cortex_m/libarch__arm__core__cortex_m.a(irq_manage.c.obj)
                              (--whole-archive)
zephyr/arch/arch/arm/core/cortex_m/libarch__arm__core__cortex_m.a(prep_c.c.obj)
                              (--whole-archive)
zephyr/arch/arch/arm/core/cortex_m/libarch__arm__core__cortex_m.a(thread.c.obj)
                              (--whole-archive)
zephyr/arch/arch/arm/core/cortex_m/libarch__arm__core__cortex_m.a(cpu_idle.c.obj)
                              (--whole-archive)
zephyr/arch/arch/arm/core/cortex_m/libarch__arm__core__cortex_m.a(irq_init.c.obj)
                              (--whole-archive)
zephyr/arch/arch/arm/core/cortex_m/libarch__arm__core__cortex_m.a(isr_wrapper.c.obj)
                              (--whole-archive)
zephyr/arch/arch/arm/core/cortex_m/libarch__arm__core__cortex_m.a(__aeabi_read_tp.S.obj)
                              (--whole-archive)
zephyr/arch/arch/arm/core/cortex_m/cmse/libarch__arm__core__cortex_m__cmse.a(arm_core_cmse.c.obj)
                              (--whole-archive)
zephyr/arch/arch/arm/core/mpu/libarch__arm__core__mpu.a(arm_core_mpu.c.obj)
[...]
Memory Configuration

Name             Origin             Length             Attributes
FLASH            0x0000000000000000 0x0000000000100000 xr
RAM              0x0000000020000000 0x0000000000070000 xw
IDT_LIST         0x00000000ffff7fff 0x0000000000008000 xw
*default*        0x0000000000000000 0xffffffffffffffff

Linker script and memory map

                0x0000000000004fa4                vfprintf = __l_vfprintf
                0x0000000000005458                vfscanf = __l_vfscanf
LOAD zephyr/CMakeFiles/zephyr_pre0.dir/misc/empty_file.c.obj
LOAD zephyr/CMakeFiles/offsets.dir/./arch/arm/core/offsets/offsets.c.obj
LOAD app/libapp.a
LOAD zephyr/libzephyr.a
LOAD zephyr/arch/common/libarch__common.a
LOAD zephyr/arch/arch/arm/core/libarch__arm__core.a
LOAD zephyr/arch/arch/arm/core/cortex_m/libarch__arm__core__cortex_m.a
LOAD zephyr/arch/arch/arm/core/cortex_m/cmse/libarch__arm__core__cortex_m__cmse.a
LOAD zephyr/arch/arch/arm/core/mpu/libarch__arm__core__mpu.a
LOAD zephyr/lib/libc/picolibc/liblib__libc__picolibc.a
LOAD zephyr/lib/libc/common/liblib__libc__common.a
LOAD zephyr/soc/soc/nrf5340/libsoc__nordic.a
LOAD zephyr/boards/nordic/nrf5340_audio_dk/libboards__nordic__nrf5340_audio_dk.a
LOAD zephyr/drivers/clock_control/libdrivers__clock_control.a
LOAD zephyr/drivers/console/libdrivers__console.a
LOAD zephyr/drivers/gpio/libdrivers__gpio.a
LOAD zephyr/drivers/pinctrl/libdrivers__pinctrl.a
LOAD zephyr/drivers/regulator/libdrivers__regulator.a
LOAD zephyr/drivers/serial/libdrivers__serial.a
LOAD zephyr/drivers/timer/libdrivers__timer.a
LOAD modules/nrf/drivers/hw_cc3xx/lib..__nrf__drivers__hw_cc3xx.a
LOAD modules/hal_nordic/modules/hal_nordic/nrfx/libmodules__hal_nordic__nrfx.a
LOAD zephyr/kernel/libkernel.a
LOAD zephyr/arch/common/libisr_tables.a
LOAD C:/ncs/v3.1.1/nrfxlib/crypto/nrf_cc312_platform/lib/cortex-m33/soft-float/no-interrupts/libnrf_cc312_platform_0.9.19.a
LOAD c:\ncs\toolchains\c1a76fddb2\opt\zephyr-sdk\arm-zephyr-eabi\bin\../lib/gcc/../../picolibc/arm-zephyr-eabi/lib/thumb/v8-m.main/nofp\libc.a
LOAD c:/ncs/toolchains/c1a76fddb2/opt/zephyr-sdk/arm-zephyr-eabi/bin/../lib/gcc/arm-zephyr-eabi/12.2.0/thumb/v8-m.main/nofp\libgcc.a
                0x0000000000000020                _region_min_align = 0x20

.rel.plt        0x0000000000000000        0x0
 *(SORT_BY_ALIGNMENT(.rel.plt))
                [!provide]                        PROVIDE (__rel_iplt_start = .)
 *(SORT_BY_ALIGNMENT(.rel.iplt))
 .rel.iplt      0x0000000000000000        0x0 app/libapp.a(main.c.obj)
                [!provide]                        PROVIDE (__rel_iplt_end = .)

.rela.plt       0x0000000000000000        0x0
 *(SORT_BY_ALIGNMENT(.rela.plt))
                [!provide]                        PROVIDE (__rela_iplt_start = .)
 *(SORT_BY_ALIGNMENT(.rela.iplt))
                [!provide]                        PROVIDE (__rela_iplt_end = .)

.rel.dyn
 *(SORT_BY_ALIGNMENT(.rel.*))

.rela.dyn
 *(SORT_BY_ALIGNMENT(.rela.*))

/DISCARD/
 *(SORT_BY_ALIGNMENT(.plt))

/DISCARD/
 *(SORT_BY_ALIGNMENT(.iplt))
                0x0000000000000000                __rom_region_start = 0x0

rom_start       0x0000000000000000      0x154
                0x0000000000000000                __rom_start_address = .
 FILL mask 0x00
                0x0000000000000000                . = (. + (0x0 - (. - __rom_start_address)))
                0x0000000000000000                . = ALIGN (0x4)
                0x0000000000000000                . = ALIGN (0x80)
                0x0000000000000000                . = ALIGN (0x200)
                0x0000000000000000                _vector_start = .
 *(SORT_BY_ALIGNMENT(.exc_vector_table))
 *(SORT_BY_ALIGNMENT(.exc_vector_table.*))
 .exc_vector_table._vector_table_section
                0x0000000000000000       0x40 zephyr/arch/arch/arm/core/cortex_m/libarch__arm__core__cortex_m.a(vector_table.S.obj)
                0x0000000000000000                _vector_table
 *(SORT_BY_ALIGNMENT(.vectors))
                0x0000000000000154                _vector_end = .
                0x0000000000000040                . = ALIGN (0x4)
 *(SORT_BY_ALIGNMENT(.gnu.linkonce.irq_vector_table*))
 .gnu.linkonce.irq_vector_table
                0x0000000000000040      0x114 zephyr/arch/common/libisr_tables.a(isr_tables.c.obj)
                0x0000000000000040                _irq_vector_table
                0x0000000000000154                _vector_end = .

text            0x0000000000000154     0x6a98
                0x0000000000000154                __text_region_start = .
 *(SORT_BY_ALIGNMENT(.text))
 .text          0x0000000000000154       0x30 c:/ncs/toolchains/c1a76fddb2/opt/zephyr-sdk/arm-zephyr-eabi/bin/../lib/gcc/arm-zephyr-eabi/12.2.0/thumb/v8-m.main/nofp\libgcc.a(_aeabi_uldivmod.o)
                0x0000000000000154                __aeabi_uldivmod
 .text          0x0000000000000184        0x4 c:/ncs/toolchains/c1a76fddb2/opt/zephyr-sdk/arm-zephyr-eabi/bin/../lib/gcc/arm-zephyr-eabi/12.2.0/thumb/v8-m.main/nofp\libgcc.a(_dvmd_tls.o)
                0x0000000000000184                __aeabi_idiv0
                0x0000000000000184                __aeabi_ldiv0
 .text          0x0000000000000188       0x14 c:\ncs\toolchains\c1a76fddb2\opt\zephyr-sdk\arm-zephyr-eabi\bin\../lib/gcc/../../picolibc/arm-zephyr-eabi/lib/thumb/v8-m.main/nofp\libc.a(strcmp.S.o)
                0x0000000000000188                strcmp
 .text          0x000000000000019c      0x29c c:/ncs/toolchains/c1a76fddb2/opt/zephyr-sdk/arm-zephyr-eabi/bin/../lib/gcc/arm-zephyr-eabi/12.2.0/thumb/v8-m.main/nofp\libgcc.a(_udivmoddi4.o)
                0x000000000000019c                __udivmoddi4
 *(SORT_BY_ALIGNMENT(.text.*))
 .text.gpio_add_callback.constprop.0.isra.0
                0x0000000000000438       0x14 app/libapp.a(main.c.obj)
 .text.green_on
                0x000000000000044c       0x2c app/libapp.a(main.c.obj)
 .text.yellow_on
                0x0000000000000478       0x2c app/libapp.a(main.c.obj)
 .text.button_4_handler
                0x00000000000004a4       0x30 app/libapp.a(main.c.obj)
                0x00000000000004a4                button_4_handler
 .text.red_on   0x00000000000004d4       0x2c app/libapp.a(main.c.obj)
 .text.all_leds_off
                0x0000000000000500       0x2c app/libapp.a(main.c.obj)
 .text.button_0_handler
                0x000000000000052c       0x3c app/libapp.a(main.c.obj)
                0x000000000000052c                button_0_handler
 .text.button_1_handler
                0x0000000000000568       0x40 app/libapp.a(main.c.obj)
                0x0000000000000568                button_1_handler
 .text.button_2_handler
                0x00000000000005a8       0x40 app/libapp.a(main.c.obj)
                0x00000000000005a8                button_2_handler
 .text.button_3_handler
                0x00000000000005e8       0x40 app/libapp.a(main.c.obj)
                0x00000000000005e8                button_3_handler
 .text.uart_task
                0x0000000000000628       0xdc app/libapp.a(main.c.obj)
 .text.dispatcher_task
                0x0000000000000704      0x218 app/libapp.a(main.c.obj)
 .text.green_task
                0x000000000000091c       0x94 app/libapp.a(main.c.obj)
                0x000000000000091c                green_task
 .text.yellow_task
                0x00000000000009b0       0x94 app/libapp.a(main.c.obj)
                0x00000000000009b0                yellow_task
 .text.red_task
                0x0000000000000a44       0x94 app/libapp.a(main.c.obj)
                0x0000000000000a44                red_task
 .text.init_uart
                0x0000000000000ad8       0x2c app/libapp.a(main.c.obj)
                0x0000000000000ad8                init_uart
 .text.init_buttons
                0x0000000000000b04      0x170 app/libapp.a(main.c.obj)
                0x0000000000000b04                init_buttons
 .text.main     0x0000000000000c74       0xf4 app/libapp.a(main.c.obj)
                0x0000000000000c74                main
 .text.char_out
                0x0000000000000d68        0xc zephyr/libzephyr.a(printk.c.obj)
 .text.__printk_hook_install
                0x0000000000000d74        0xc zephyr/libzephyr.a(printk.c.obj)
                0x0000000000000d74                __printk_hook_install
 .text.vprintk  0x0000000000000d80       0x30 zephyr/libzephyr.a(printk.c.obj)
                0x0000000000000d80                vprintk
 .text.z_thread_entry
                0x0000000000000db0       0x34 zephyr/libzephyr.a(thread_entry.c.obj)
                0x0000000000000db0                z_thread_entry
 .text.process_event
                0x0000000000000de4      0x21c zephyr/libzephyr.a(onoff.c.obj)
 .text.mem_attr_get_regions
                0x0000000000001000        0xc zephyr/libzephyr.a(mem_attr.c.obj)
                0x0000000000001000                mem_attr_get_regions
 .text.boot_banner
                0x000000000000100c       0x1c zephyr/libzephyr.a(banner.c.obj)
                0x000000000000100c                boot_banner
 .text.nrf_cc3xx_platform_abort_init
                0x0000000000001028        0xc zephyr/libzephyr.a(nrf_cc3xx_platform_abort_zephyr.c.obj)
                0x0000000000001028                nrf_cc3xx_platform_abort_init
 .text.mutex_free_platform
                0x0000000000001034       0x54 zephyr/libzephyr.a(nrf_cc3xx_platform_mutex_zephyr.c.obj)
 .text.mutex_lock_platform
                0x0000000000001088       0x74 zephyr/libzephyr.a(nrf_cc3xx_platform_mutex_zephyr.c.obj)
 .text.mutex_unlock_platform
                0x00000000000010fc       0x68 zephyr/libzephyr.a(nrf_cc3xx_platform_mutex_zephyr.c.obj)
 .text.mutex_init_platform
                0x0000000000001164       0x94 zephyr/libzephyr.a(nrf_cc3xx_platform_mutex_zephyr.c.obj)
 .text.nrf_cc3xx_platform_mutex_init
                0x00000000000011f8       0x2c zephyr/libzephyr.a(nrf_cc3xx_platform_mutex_zephyr.c.obj)
                0x00000000000011f8                nrf_cc3xx_platform_mutex_init
 .text.z_SysNmiOnReset
                0x0000000000001224        0x8 zephyr/arch/arch/arm/core/libarch__arm__core.a(nmi_on_reset.S.obj)
                0x0000000000001224                z_SysNmiOnReset
 .text.arch_tls_stack_setup
                0x000000000000122c       0x40 zephyr/arch/arch/arm/core/libarch__arm__core.a(tls.c.obj)
                0x000000000000122c                arch_tls_stack_setup
 .text._HandlerModeExit
                0x000000000000126c       0x20 zephyr/arch/arch/arm/core/cortex_m/libarch__arm__core__cortex_m.a(exc_exit.c.obj)
                0x000000000000126c                z_arm_int_exit
                0x000000000000126c                z_arm_exc_exit
 .text.usage_fault.constprop.0
                0x000000000000128c       0x5c zephyr/arch/arch/arm/core/cortex_m/libarch__arm__core__cortex_m.a(fault.c.obj)
 .text.bus_fault.constprop.0
                0x00000000000012e8       0x6c zephyr/arch/arch/arm/core/cortex_m/libarch__arm__core__cortex_m.a(fault.c.obj)
 .text.mem_manage_fault.constprop.0
                0x0000000000001354       0x78 zephyr/arch/arch/arm/core/cortex_m/libarch__arm__core__cortex_m.a(fault.c.obj)
 .text.z_arm_fault
                0x00000000000013cc      0x124 zephyr/arch/arch/arm/core/cortex_m/libarch__arm__core__cortex_m.a(fault.c.obj)
                0x00000000000013cc                z_arm_fault
 .text.z_arm_fault_init
                0x00000000000014f0       0x20 zephyr/arch/arch/arm/core/cortex_m/libarch__arm__core__cortex_m.a(fault.c.obj)
                0x00000000000014f0                z_arm_fault_init
 .text.__fault  0x0000000000001510       0x14 zephyr/arch/arch/arm/core/cortex_m/libarch__arm__core__cortex_m.a(fault_s.S.obj)
                0x0000000000001510                z_arm_usage_fault
                0x0000000000001510                z_arm_mpu_fault
                0x0000000000001510                z_arm_exc_spurious
                0x0000000000001510                z_arm_debug_monitor
                0x0000000000001510                z_arm_hard_fault
                0x0000000000001510                z_arm_bus_fault
 .text._reset_section
                0x0000000000001524       0x68 zephyr/arch/arch/arm/core/cortex_m/libarch__arm__core__cortex_m.a(reset.S.obj)
                0x0000000000001524                __start
                0x0000000000001524                z_arm_reset
 .text.z_arm_clear_arm_mpu_config
                0x000000000000158c       0x24 zephyr/arch/arch/arm/core/cortex_m/libarch__arm__core__cortex_m.a(scb.c.obj)
                0x000000000000158c                z_arm_clear_arm_mpu_config
 .text.z_arm_init_arch_hw_at_boot
                0x00000000000015b0       0x4c zephyr/arch/arch/arm/core/cortex_m/libarch__arm__core__cortex_m.a(scb.c.obj)
                0x00000000000015b0                z_arm_init_arch_hw_at_boot
 .text.z_impl_k_thread_abort
                0x00000000000015fc       0x2c zephyr/arch/arch/arm/core/cortex_m/libarch__arm__core__cortex_m.a(thread_abort.c.obj)
                0x00000000000015fc                z_impl_k_thread_abort
 .text.z_arm_pendsv
                0x0000000000001628       0x68 zephyr/arch/arch/arm/core/cortex_m/libarch__arm__core__cortex_m.a(swap_helper.S.obj)
                0x0000000000001628                z_arm_pendsv
 .text.z_arm_svc
                0x0000000000001690       0x24 zephyr/arch/arch/arm/core/cortex_m/libarch__arm__core__cortex_m.a(swap_helper.S.obj)
                0x0000000000001690                z_arm_svc
 .text.arm_irq_enable
                0x00000000000016b4       0x1c zephyr/arch/arch/arm/core/cortex_m/libarch__arm__core__cortex_m.a(irq_manage.c.obj)
                0x00000000000016b4                arm_irq_enable
 .text.arm_irq_is_enabled
                0x00000000000016d0       0x1c zephyr/arch/arch/arm/core/cortex_m/libarch__arm__core__cortex_m.a(irq_manage.c.obj)
                0x00000000000016d0                arm_irq_is_enabled
 .text.arm_irq_priority_set
                0x00000000000016ec       0x2c zephyr/arch/arch/arm/core/cortex_m/libarch__arm__core__cortex_m.a(irq_manage.c.obj)
                0x00000000000016ec                arm_irq_priority_set
 .text.relocate_vector_table
                0x0000000000001718       0x1c zephyr/arch/arch/arm/core/cortex_m/libarch__arm__core__cortex_m.a(prep_c.c.obj)
                0x0000000000001718                relocate_vector_table
 .text.z_prep_c
                0x0000000000001734       0x28 zephyr/arch/arch/arm/core/cortex_m/libarch__arm__core__cortex_m.a(prep_c.c.obj)
                0x0000000000001734                z_prep_c
 .text.arch_new_thread
                0x000000000000175c       0x38 zephyr/arch/arch/arm/core/cortex_m/libarch__arm__core__cortex_m.a(thread.c.obj)
                0x000000000000175c                arch_new_thread
 .text.arch_switch_to_main_thread
                0x0000000000001794       0x44 zephyr/arch/arch/arm/core/cortex_m/libarch__arm__core__cortex_m.a(thread.c.obj)
                0x0000000000001794                arch_switch_to_main_thread
 .text.z_arm_cpu_idle_init
                0x00000000000017d8        0xc zephyr/arch/arch/arm/core/cortex_m/libarch__arm__core__cortex_m.a(cpu_idle.c.obj)
                0x00000000000017d8                z_arm_cpu_idle_init
 .text.z_arm_interrupt_init
                0x00000000000017e4       0x18 zephyr/arch/arch/arm/core/cortex_m/libarch__arm__core__cortex_m.a(irq_init.c.obj)
                0x00000000000017e4                z_arm_interrupt_init
 .text._isr_wrapper
                0x00000000000017fc       0x24 zephyr/arch/arch/arm/core/cortex_m/libarch__arm__core__cortex_m.a(isr_wrapper.c.obj)
                0x00000000000017fc                _isr_wrapper
 .text.z_arm_configure_static_mpu_regions
                0x0000000000001820       0x38 zephyr/arch/arch/arm/core/mpu/libarch__arm__core__mpu.a(arm_core_mpu.c.obj)
                0x0000000000001820                z_arm_configure_static_mpu_regions
 .text.region_init
                0x0000000000001858       0x34 zephyr/arch/arch/arm/core/mpu/libarch__arm__core__mpu.a(arm_mpu.c.obj)
 .text.region_allocate_and_init
                0x000000000000188c       0x24 zephyr/arch/arch/arm/core/mpu/libarch__arm__core__mpu.a(arm_mpu.c.obj)
 .text.mpu_configure_regions_and_partition.constprop.0
                0x00000000000018b0      0x148 zephyr/arch/arch/arm/core/mpu/libarch__arm__core__mpu.a(arm_mpu.c.obj)
 .text.arm_core_mpu_enable
                0x00000000000019f8       0x18 zephyr/arch/arch/arm/core/mpu/libarch__arm__core__mpu.a(arm_mpu.c.obj)
                0x00000000000019f8                arm_core_mpu_enable
 .text.arm_core_mpu_disable
                0x0000000000001a10       0x14 zephyr/arch/arch/arm/core/mpu/libarch__arm__core__mpu.a(arm_mpu.c.obj)
                0x0000000000001a10                arm_core_mpu_disable
 .text.arm_core_mpu_configure_static_mpu_regions
                0x0000000000001a24       0x14 zephyr/arch/arch/arm/core/mpu/libarch__arm__core__mpu.a(arm_mpu.c.obj)
                0x0000000000001a24                arm_core_mpu_configure_static_mpu_regions
 .text.arm_core_mpu_mark_areas_for_dynamic_regions
                0x0000000000001a38       0xb8 zephyr/arch/arch/arm/core/mpu/libarch__arm__core__mpu.a(arm_mpu.c.obj)
                0x0000000000001a38                arm_core_mpu_mark_areas_for_dynamic_regions
 .text.z_arm_mpu_init
                0x0000000000001af0      0x11c zephyr/arch/arch/arm/core/mpu/libarch__arm__core__mpu.a(arm_mpu.c.obj)
                0x0000000000001af0                z_arm_mpu_init
 .text.z_impl_zephyr_fputc
                0x0000000000001c0c       0x10 zephyr/lib/libc/picolibc/liblib__libc__picolibc.a(stdio.c.obj)
                0x0000000000001c0c                z_impl_zephyr_fputc
 .text.__stdout_hook_install
                0x0000000000001c1c       0x18 zephyr/lib/libc/picolibc/liblib__libc__picolibc.a(stdio.c.obj)
                0x0000000000001c1c                __stdout_hook_install
 .text.malloc_prepare
                0x0000000000001c34       0x24 zephyr/lib/libc/common/liblib__libc__common.a(malloc.c.obj)
 .text.nrf_gpio_pin_control_select.constprop.0
                0x0000000000001c58       0x1c zephyr/soc/soc/nrf5340/libsoc__nordic.a(soc.c.obj)
 .text.z_arm_on_enter_cpu_idle
                0x0000000000001c74       0x64 zephyr/soc/soc/nrf5340/libsoc__nordic.a(soc.c.obj)
                0x0000000000001c74                z_arm_on_enter_cpu_idle
 .text.soc_early_init_hook
                0x0000000000001cd8       0x3c zephyr/soc/soc/nrf5340/libsoc__nordic.a(soc.c.obj)
                0x0000000000001cd8                soc_early_init_hook
 .text.soc_late_init_hook
                0x0000000000001d14       0x58 zephyr/soc/soc/nrf5340/libsoc__nordic.a(soc.c.obj)
                0x0000000000001d14                soc_late_init_hook
 .text.arch_busy_wait
                0x0000000000001d6c       0x24 zephyr/soc/soc/nrf5340/libsoc__nordic.a(soc.c.obj)
                0x0000000000001d6c                arch_busy_wait
 .text.assign_pins
                0x0000000000001d90       0x54 zephyr/soc/soc/nrf5340/libsoc__nordic.a(nrf53_cpunet_mgmt.c.obj)
 .text.onoff_start
                0x0000000000001de4       0x70 zephyr/soc/soc/nrf5340/libsoc__nordic.a(nrf53_cpunet_mgmt.c.obj)
 .text.nrf53_cpunet_mgmt_init
                0x0000000000001e54       0x10 zephyr/soc/soc/nrf5340/libsoc__nordic.a(nrf53_cpunet_mgmt.c.obj)
                0x0000000000001e54                nrf53_cpunet_mgmt_init
 .text.core_config
                0x0000000000001e64       0x18 zephyr/boards/nordic/nrf5340_audio_dk/libboards__nordic__nrf5340_audio_dk.a(nrf5340_audio_dk_config.c.obj)
 .text.onoff_stop
                0x0000000000001e7c       0x30 zephyr/drivers/clock_control/libdrivers__clock_control.a(clock_control_nrf.c.obj)
 .text.onoff_start
                0x0000000000001eac       0x44 zephyr/drivers/clock_control/libdrivers__clock_control.a(clock_control_nrf.c.obj)
 .text.generic_hfclk_stop
                0x0000000000001ef0       0x34 zephyr/drivers/clock_control/libdrivers__clock_control.a(clock_control_nrf.c.obj)
 .text.clk_init
                0x0000000000001f24       0x64 zephyr/drivers/clock_control/libdrivers__clock_control.a(clock_control_nrf.c.obj)
 .text.api_blocking_start
                0x0000000000001f88       0x34 zephyr/drivers/clock_control/libdrivers__clock_control.a(clock_control_nrf.c.obj)
 .text.clkstarted_handle.constprop.0
                0x0000000000001fbc       0x4c zephyr/drivers/clock_control/libdrivers__clock_control.a(clock_control_nrf.c.obj)
 .text.generic_hfclk_start
                0x0000000000002008       0x78 zephyr/drivers/clock_control/libdrivers__clock_control.a(clock_control_nrf.c.obj)
 .text.clock_event_handler
                0x0000000000002080       0x34 zephyr/drivers/clock_control/libdrivers__clock_control.a(clock_control_nrf.c.obj)
 .text.z_nrf_clock_control_lf_on
                0x00000000000020b4       0xf8 zephyr/drivers/clock_control/libdrivers__clock_control.a(clock_control_nrf.c.obj)
                0x00000000000020b4                z_nrf_clock_control_lf_on
 .text.uart_console_init
                0x00000000000021ac       0x28 zephyr/drivers/console/libdrivers__console.a(uart_console.c.obj)
 .text.console_out
                0x00000000000021d4       0x28 zephyr/drivers/console/libdrivers__console.a(uart_console.c.obj)
 .text.gpio_nrfx_pin_interrupt_configure
                0x00000000000021fc      0x120 zephyr/drivers/gpio/libdrivers__gpio.a(gpio_nrfx.c.obj)
 .text.nrfx_gpio_handler
                0x000000000000231c       0x4c zephyr/drivers/gpio/libdrivers__gpio.a(gpio_nrfx.c.obj)
 .text.gpio_nrfx_init
                0x0000000000002368       0x48 zephyr/drivers/gpio/libdrivers__gpio.a(gpio_nrfx.c.obj)
 .text.gpio_nrfx_pin_configure
                0x00000000000023b0      0x18c zephyr/drivers/gpio/libdrivers__gpio.a(gpio_nrfx.c.obj)
 .text.gpio_hogs_init
                0x000000000000253c       0x34 zephyr/drivers/gpio/libdrivers__gpio.a(gpio_hogs.c.obj)
 .text.nrf_gpio_pin_port_decode
                0x0000000000002570       0x24 zephyr/drivers/pinctrl/libdrivers__pinctrl.a(pinctrl_nrf.c.obj)
 .text.pinctrl_configure_pins
                0x0000000000002594      0x194 zephyr/drivers/pinctrl/libdrivers__pinctrl.a(pinctrl_nrf.c.obj)
                0x0000000000002594                pinctrl_configure_pins
 .text.uarte_nrfx_poll_out
                0x0000000000002728       0xb4 zephyr/drivers/serial/libdrivers__serial.a(uart_nrfx_uarte.c.obj)
 .text.uarte_0_init
                0x00000000000027dc      0x10c zephyr/drivers/serial/libdrivers__serial.a(uart_nrfx_uarte.c.obj)
 .text.compare_int_lock
                0x00000000000028e8       0x40 zephyr/drivers/timer/libdrivers__timer.a(nrf_rtc_timer.c.obj)
 .text.sys_clock_timeout_handler
                0x0000000000002928       0x48 zephyr/drivers/timer/libdrivers__timer.a(nrf_rtc_timer.c.obj)
 .text.compare_int_unlock
                0x0000000000002970       0x4c zephyr/drivers/timer/libdrivers__timer.a(nrf_rtc_timer.c.obj)
 .text.z_nrf_rtc_timer_read
                0x00000000000029bc       0x44 zephyr/drivers/timer/libdrivers__timer.a(nrf_rtc_timer.c.obj)
                0x00000000000029bc                z_nrf_rtc_timer_read
 .text.compare_set
                0x0000000000002a00      0x124 zephyr/drivers/timer/libdrivers__timer.a(nrf_rtc_timer.c.obj)
 .text.sys_clock_driver_init
                0x0000000000002b24       0x90 zephyr/drivers/timer/libdrivers__timer.a(nrf_rtc_timer.c.obj)
 .text.rtc_nrf_isr
                0x0000000000002bb4       0xd0 zephyr/drivers/timer/libdrivers__timer.a(nrf_rtc_timer.c.obj)
                0x0000000000002bb4                rtc_nrf_isr
 .text.sys_clock_set_timeout
                0x0000000000002c84       0x5c zephyr/drivers/timer/libdrivers__timer.a(nrf_rtc_timer.c.obj)
                0x0000000000002c84                sys_clock_set_timeout
 .text.sys_clock_elapsed
                0x0000000000002ce0       0x14 zephyr/drivers/timer/libdrivers__timer.a(nrf_rtc_timer.c.obj)
                0x0000000000002ce0                sys_clock_elapsed
 .text.nrf53_errata_42
                0x0000000000002cf4       0x24 modules/hal_nordic/modules/hal_nordic/nrfx/libmodules__hal_nordic__nrfx.a(system_nrf5340_application.c.obj)
 .text.SystemInit
                0x0000000000002d18      0x218 modules/hal_nordic/modules/hal_nordic/nrfx/libmodules__hal_nordic__nrfx.a(system_nrf5340_application.c.obj)
                0x0000000000002d18                SystemInit
 .text.nrfx_flag32_alloc
                0x0000000000002f30       0x40 modules/hal_nordic/modules/hal_nordic/nrfx/libmodules__hal_nordic__nrfx.a(nrfx_flag32_allocator.c.obj)
                0x0000000000002f30                nrfx_flag32_alloc
 .text.nrfx_flag32_free
                0x0000000000002f70       0x38 modules/hal_nordic/modules/hal_nordic/nrfx/libmodules__hal_nordic__nrfx.a(nrfx_flag32_allocator.c.obj)
                0x0000000000002f70                nrfx_flag32_free
 .text.nrfx_gppi_channels_enable
                0x0000000000002fa8        0xc modules/hal_nordic/modules/hal_nordic/nrfx/libmodules__hal_nordic__nrfx.a(nrfx_gppi_dppi.c.obj)
                0x0000000000002fa8                nrfx_gppi_channels_enable
 .text.nrfx_gppi_channel_alloc
                0x0000000000002fb4        0xc modules/hal_nordic/modules/hal_nordic/nrfx/libmodules__hal_nordic__nrfx.a(nrfx_gppi_dppi.c.obj)
                0x0000000000002fb4                nrfx_gppi_channel_alloc
 .text.clock_stop
                0x0000000000002fc0       0xf4 modules/hal_nordic/modules/hal_nordic/nrfx/libmodules__hal_nordic__nrfx.a(nrfx_clock.c.obj)
 .text.nrfx_clock_init
                0x00000000000030b4       0x20 modules/hal_nordic/modules/hal_nordic/nrfx/libmodules__hal_nordic__nrfx.a(nrfx_clock.c.obj)
                0x00000000000030b4                nrfx_clock_init
 .text.nrfx_clock_enable
                0x00000000000030d4       0x30 modules/hal_nordic/modules/hal_nordic/nrfx/libmodules__hal_nordic__nrfx.a(nrfx_clock.c.obj)
                0x00000000000030d4                nrfx_clock_enable
 .text.nrfx_clock_start
                0x0000000000003104       0xd0 modules/hal_nordic/modules/hal_nordic/nrfx/libmodules__hal_nordic__nrfx.a(nrfx_clock.c.obj)
                0x0000000000003104                nrfx_clock_start
 .text.nrfx_power_clock_irq_handler
                0x00000000000031d4       0x70 modules/hal_nordic/modules/hal_nordic/nrfx/libmodules__hal_nordic__nrfx.a(nrfx_clock.c.obj)
                0x00000000000031d4                nrfx_power_clock_irq_handler
 .text.nrfx_dppi_channel_alloc
                0x0000000000003244       0x10 modules/hal_nordic/modules/hal_nordic/nrfx/libmodules__hal_nordic__nrfx.a(nrfx_dppi.c.obj)
                0x0000000000003244                nrfx_dppi_channel_alloc
 .text.nrf_gpio_pin_port_decode
                0x0000000000003254       0x24 modules/hal_nordic/modules/hal_nordic/nrfx/libmodules__hal_nordic__nrfx.a(nrfx_gpiote.c.obj)
 .text.get_pin_idx
                0x0000000000003278       0x14 modules/hal_nordic/modules/hal_nordic/nrfx/libmodules__hal_nordic__nrfx.a(nrfx_gpiote.c.obj)
 .text.call_handler.constprop.0
                0x000000000000328c       0x40 modules/hal_nordic/modules/hal_nordic/nrfx/libmodules__hal_nordic__nrfx.a(nrfx_gpiote.c.obj)
 .text.pin_te_get.constprop.0
                0x00000000000032cc       0x18 modules/hal_nordic/modules/hal_nordic/nrfx/libmodules__hal_nordic__nrfx.a(nrfx_gpiote.c.obj)
 .text.pin_is_output.constprop.0
                0x00000000000032e4       0x18 modules/hal_nordic/modules/hal_nordic/nrfx/libmodules__hal_nordic__nrfx.a(nrfx_gpiote.c.obj)
 .text.pin_in_use_by_te.constprop.0
                0x00000000000032fc       0x18 modules/hal_nordic/modules/hal_nordic/nrfx/libmodules__hal_nordic__nrfx.a(nrfx_gpiote.c.obj)
 .text.latch_pending_read_and_check
                0x0000000000003314       0x3c modules/hal_nordic/modules/hal_nordic/nrfx/libmodules__hal_nordic__nrfx.a(nrfx_gpiote.c.obj)
 .text.release_handler.isra.0
                0x0000000000003350       0x58 modules/hal_nordic/modules/hal_nordic/nrfx/libmodules__hal_nordic__nrfx.a(nrfx_gpiote.c.obj)
 .text.__nrfy_internal_gpiote_events_process.constprop.0
                0x00000000000033a8       0x5c modules/hal_nordic/modules/hal_nordic/nrfx/libmodules__hal_nordic__nrfx.a(nrfx_gpiote.c.obj)
 .text.pin_uninit
                0x0000000000003404       0x84 modules/hal_nordic/modules/hal_nordic/nrfx/libmodules__hal_nordic__nrfx.a(nrfx_gpiote.c.obj)
 .text.nrfx_gpiote_input_configure
                0x0000000000003488      0x180 modules/hal_nordic/modules/hal_nordic/nrfx/libmodules__hal_nordic__nrfx.a(nrfx_gpiote.c.obj)
                0x0000000000003488                nrfx_gpiote_input_configure
 .text.nrfx_gpiote_output_configure
                0x0000000000003608      0x104 modules/hal_nordic/modules/hal_nordic/nrfx/libmodules__hal_nordic__nrfx.a(nrfx_gpiote.c.obj)
                0x0000000000003608                nrfx_gpiote_output_configure
 .text.nrfx_gpiote_global_callback_set
                0x000000000000370c        0xc modules/hal_nordic/modules/hal_nordic/nrfx/libmodules__hal_nordic__nrfx.a(nrfx_gpiote.c.obj)
                0x000000000000370c                nrfx_gpiote_global_callback_set
 .text.nrfx_gpiote_channel_get
                0x0000000000003718       0x34 modules/hal_nordic/modules/hal_nordic/nrfx/libmodules__hal_nordic__nrfx.a(nrfx_gpiote.c.obj)
                0x0000000000003718                nrfx_gpiote_channel_get
 .text.nrfx_gpiote_init
                0x000000000000374c       0x48 modules/hal_nordic/modules/hal_nordic/nrfx/libmodules__hal_nordic__nrfx.a(nrfx_gpiote.c.obj)
                0x000000000000374c                nrfx_gpiote_init
 .text.nrfx_gpiote_init_check
                0x0000000000003794       0x14 modules/hal_nordic/modules/hal_nordic/nrfx/libmodules__hal_nordic__nrfx.a(nrfx_gpiote.c.obj)
                0x0000000000003794                nrfx_gpiote_init_check
 .text.nrfx_gpiote_channel_free
                0x00000000000037a8       0x10 modules/hal_nordic/modules/hal_nordic/nrfx/libmodules__hal_nordic__nrfx.a(nrfx_gpiote.c.obj)
                0x00000000000037a8                nrfx_gpiote_channel_free
 .text.nrfx_gpiote_channel_alloc
                0x00000000000037b8       0x10 modules/hal_nordic/modules/hal_nordic/nrfx/libmodules__hal_nordic__nrfx.a(nrfx_gpiote.c.obj)
                0x00000000000037b8                nrfx_gpiote_channel_alloc
 .text.nrfx_gpiote_trigger_enable
                0x00000000000037c8       0xa8 modules/hal_nordic/modules/hal_nordic/nrfx/libmodules__hal_nordic__nrfx.a(nrfx_gpiote.c.obj)
                0x00000000000037c8                nrfx_gpiote_trigger_enable
 .text.nrfx_gpiote_0_irq_handler
                0x0000000000003870      0x1a8 modules/hal_nordic/modules/hal_nordic/nrfx/libmodules__hal_nordic__nrfx.a(nrfx_gpiote.c.obj)
                0x0000000000003870                nrfx_gpiote_0_irq_handler
 .text.z_fatal_error
                0x0000000000003a18       0x30 zephyr/kernel/libkernel.a(fatal.c.obj)
                0x0000000000003a18                z_fatal_error
 .text.z_sys_init_run_level
                0x0000000000003a48       0x30 zephyr/kernel/libkernel.a(init.c.obj)
 .text.bg_thread_main
                0x0000000000003a78       0xc4 zephyr/kernel/libkernel.a(init.c.obj)
 .text.z_bss_zero
                0x0000000000003b3c       0x18 zephyr/kernel/libkernel.a(init.c.obj)
                0x0000000000003b3c                z_bss_zero
 .text.z_init_cpu
                0x0000000000003b54       0x70 zephyr/kernel/libkernel.a(init.c.obj)
                0x0000000000003b54                z_init_cpu
 .text.z_cstart
                0x0000000000003bc4       0xd4 zephyr/kernel/libkernel.a(init.c.obj)
                0x0000000000003bc4                z_cstart
 .text.init_mem_slab_obj_core_list
                0x0000000000003c98       0x24 zephyr/kernel/libkernel.a(mem_slab.c.obj)
 .text.k_mem_slab_alloc
                0x0000000000003cbc       0x5c zephyr/kernel/libkernel.a(mem_slab.c.obj)
                0x0000000000003cbc                k_mem_slab_alloc
 .text.z_impl_k_mutex_lock
                0x0000000000003d18       0xf0 zephyr/kernel/libkernel.a(mutex.c.obj)
                0x0000000000003d18                z_impl_k_mutex_lock
 .text.z_impl_k_mutex_unlock
                0x0000000000003e08       0xa0 zephyr/kernel/libkernel.a(mutex.c.obj)
                0x0000000000003e08                z_impl_k_mutex_unlock
 .text.z_impl_k_queue_get
                0x0000000000003ea8       0x64 zephyr/kernel/libkernel.a(queue.c.obj)
                0x0000000000003ea8                z_impl_k_queue_get
 .text.z_impl_k_sem_give
                0x0000000000003f0c       0x68 zephyr/kernel/libkernel.a(sem.c.obj)
                0x0000000000003f0c                z_impl_k_sem_give
 .text.z_impl_k_sem_take
                0x0000000000003f74       0x4c zephyr/kernel/libkernel.a(sem.c.obj)
                0x0000000000003f74                z_impl_k_sem_take
 .text.z_impl_k_condvar_broadcast
                0x0000000000003fc0       0x70 zephyr/kernel/libkernel.a(condvar.c.obj)
                0x0000000000003fc0                z_impl_k_condvar_broadcast
 .text.z_impl_k_condvar_wait
                0x0000000000004030       0x4c zephyr/kernel/libkernel.a(condvar.c.obj)
                0x0000000000004030                z_impl_k_condvar_wait
 .text.z_setup_new_thread
                0x000000000000407c       0xcc zephyr/kernel/libkernel.a(thread.c.obj)
                0x000000000000407c                z_setup_new_thread
 .text.z_dummy_thread_init
                0x0000000000004148       0x20 zephyr/kernel/libkernel.a(thread.c.obj)
                0x0000000000004148                z_dummy_thread_init
 .text.z_swap_irqlock
                0x0000000000004168       0x34 zephyr/kernel/libkernel.a(sched.c.obj)
 .text.ready_thread
                0x000000000000419c       0x84 zephyr/kernel/libkernel.a(sched.c.obj)
 .text.unready_thread
                0x0000000000004220       0x54 zephyr/kernel/libkernel.a(sched.c.obj)
 .text.add_thread_timeout
                0x0000000000004274       0x1c zephyr/kernel/libkernel.a(sched.c.obj)
 .text.move_thread_to_end_of_prio_q
                0x0000000000004290       0x90 zephyr/kernel/libkernel.a(sched.c.obj)
                0x0000000000004290                move_thread_to_end_of_prio_q
 .text.z_pend_curr
                0x0000000000004320       0x44 zephyr/kernel/libkernel.a(sched.c.obj)
                0x0000000000004320                z_pend_curr
 .text.z_thread_prio_set
                0x0000000000004364       0xe4 zephyr/kernel/libkernel.a(sched.c.obj)
                0x0000000000004364                z_thread_prio_set
 .text.z_reschedule
                0x0000000000004448       0x24 zephyr/kernel/libkernel.a(sched.c.obj)
                0x0000000000004448                z_reschedule
 .text.z_reschedule_irqlock
                0x000000000000446c       0x28 zephyr/kernel/libkernel.a(sched.c.obj)
                0x000000000000446c                z_reschedule_irqlock
 .text.k_sched_lock
                0x0000000000004494       0x28 zephyr/kernel/libkernel.a(sched.c.obj)
                0x0000000000004494                k_sched_lock
 .text.k_sched_unlock
                0x00000000000044bc       0x68 zephyr/kernel/libkernel.a(sched.c.obj)
                0x00000000000044bc                k_sched_unlock
 .text.z_sched_init
                0x0000000000004524       0x10 zephyr/kernel/libkernel.a(sched.c.obj)
                0x0000000000004524                z_sched_init
 .text.z_impl_k_yield
                0x0000000000004534       0x88 zephyr/kernel/libkernel.a(sched.c.obj)
                0x0000000000004534                z_impl_k_yield
 .text.z_tick_sleep
                0x00000000000045bc       0x78 zephyr/kernel/libkernel.a(sched.c.obj)
 .text.z_impl_k_wakeup
                0x0000000000004634       0x48 zephyr/kernel/libkernel.a(sched.c.obj)
                0x0000000000004634                z_impl_k_wakeup
 .text.z_impl_k_sched_current_thread_query
                0x000000000000467c        0xc zephyr/kernel/libkernel.a(sched.c.obj)
                0x000000000000467c                z_impl_k_sched_current_thread_query
 .text.z_thread_abort
                0x0000000000004688      0x140 zephyr/kernel/libkernel.a(sched.c.obj)
                0x0000000000004688                z_thread_abort
 .text.slice_timeout
                0x00000000000047c8       0x20 zephyr/kernel/libkernel.a(timeslicing.c.obj)
 .text.thread_is_sliceable
                0x00000000000047e8       0x3c zephyr/kernel/libkernel.a(timeslicing.c.obj)
                0x00000000000047e8                thread_is_sliceable
 .text.z_reset_time_slice
                0x0000000000004824       0x50 zephyr/kernel/libkernel.a(timeslicing.c.obj)
                0x0000000000004824                z_reset_time_slice
 .text.z_time_slice
                0x0000000000004874       0x60 zephyr/kernel/libkernel.a(timeslicing.c.obj)
                0x0000000000004874                z_time_slice
 .text.z_thread_monitor_exit
                0x00000000000048d4       0x3c zephyr/kernel/libkernel.a(thread_monitor.c.obj)
                0x00000000000048d4                z_thread_monitor_exit
 .text.z_data_copy
                0x0000000000004910       0x38 zephyr/kernel/libkernel.a(xip.c.obj)
                0x0000000000004910                z_data_copy
 .text.first    0x0000000000004948       0x10 zephyr/kernel/libkernel.a(timeout.c.obj)
 .text.elapsed  0x0000000000004958       0x14 zephyr/kernel/libkernel.a(timeout.c.obj)
 .text.remove_timeout
                0x000000000000496c       0x38 zephyr/kernel/libkernel.a(timeout.c.obj)
 .text.z_add_timeout
                0x00000000000049a4      0x124 zephyr/kernel/libkernel.a(timeout.c.obj)
                0x00000000000049a4                z_add_timeout
 .text.sys_clock_announce
                0x0000000000004ac8       0xbc zephyr/kernel/libkernel.a(timeout.c.obj)
                0x0000000000004ac8                sys_clock_announce
 .text.sys_clock_tick_get
                0x0000000000004b84       0x30 zephyr/kernel/libkernel.a(timeout.c.obj)
                0x0000000000004b84                sys_clock_tick_get
 .text.z_thread_alloc_helper
                0x0000000000004bb4       0x38 zephyr/kernel/libkernel.a(mempool.c.obj)
 .text.k_malloc
                0x0000000000004bec       0x14 zephyr/kernel/libkernel.a(mempool.c.obj)
                0x0000000000004bec                k_malloc
 .text.k_thread_system_pool_assign
                0x0000000000004c00        0xc zephyr/kernel/libkernel.a(mempool.c.obj)
                0x0000000000004c00                k_thread_system_pool_assign
 .text.z_thread_malloc
                0x0000000000004c0c       0x10 zephyr/kernel/libkernel.a(mempool.c.obj)
                0x0000000000004c0c                z_thread_malloc
 .text.statics_init
                0x0000000000004c1c       0x24 zephyr/kernel/libkernel.a(kheap.c.obj)
 .text.nrf_cc3xx_platform_init_no_rng
                0x0000000000004c40       0x38 C:/ncs/v3.1.1/nrfxlib/crypto/nrf_cc312_platform/lib/cortex-m33/soft-float/no-interrupts/libnrf_cc312_platform_0.9.19.a(nrf_cc3xx_platform.c.obj)
                0x0000000000004c40                nrf_cc3xx_platform_init_no_rng
 .text.nrf_cc3xx_platform_abort
                0x0000000000004c78       0x24 C:/ncs/v3.1.1/nrfxlib/crypto/nrf_cc312_platform/lib/cortex-m33/soft-float/no-interrupts/libnrf_cc312_platform_0.9.19.a(nrf_cc3xx_platform_abort.c.obj)
 .text.CC_PalAbort
                0x0000000000004c9c       0x44 C:/ncs/v3.1.1/nrfxlib/crypto/nrf_cc312_platform/lib/cortex-m33/soft-float/no-interrupts/libnrf_cc312_platform_0.9.19.a(nrf_cc3xx_platform_abort.c.obj)
                0x0000000000004c9c                CC_PalAbort
 .text.nrf_cc3xx_platform_set_abort
                0x0000000000004ce0       0x10 C:/ncs/v3.1.1/nrfxlib/crypto/nrf_cc312_platform/lib/cortex-m33/soft-float/no-interrupts/libnrf_cc312_platform_0.9.19.a(nrf_cc3xx_platform_abort.c.obj)
                0x0000000000004ce0                nrf_cc3xx_platform_set_abort
 .text.mutex_free
                0x0000000000004cf0       0x34 C:/ncs/v3.1.1/nrfxlib/crypto/nrf_cc312_platform/lib/cortex-m33/soft-float/no-interrupts/libnrf_cc312_platform_0.9.19.a(nrf_cc3xx_platform_mutex.c.obj)
 .text.mutex_lock
                0x0000000000004d24       0x48 C:/ncs/v3.1.1/nrfxlib/crypto/nrf_cc312_platform/lib/cortex-m33/soft-float/no-interrupts/libnrf_cc312_platform_0.9.19.a(nrf_cc3xx_platform_mutex.c.obj)
 .text.mutex_unlock
                0x0000000000004d6c       0x38 C:/ncs/v3.1.1/nrfxlib/crypto/nrf_cc312_platform/lib/cortex-m33/soft-float/no-interrupts/libnrf_cc312_platform_0.9.19.a(nrf_cc3xx_platform_mutex.c.obj)
 .text.mutex_init
                0x0000000000004da4       0x20 C:/ncs/v3.1.1/nrfxlib/crypto/nrf_cc312_platform/lib/cortex-m33/soft-float/no-interrupts/libnrf_cc312_platform_0.9.19.a(nrf_cc3xx_platform_mutex.c.obj)
 .text.nrf_cc3xx_platform_set_mutexes
                0x0000000000004dc4       0x78 C:/ncs/v3.1.1/nrfxlib/crypto/nrf_cc312_platform/lib/cortex-m33/soft-float/no-interrupts/libnrf_cc312_platform_0.9.19.a(nrf_cc3xx_platform_mutex.c.obj)
                0x0000000000004dc4                nrf_cc3xx_platform_set_mutexes
 .text.CC_LibInitNoRng
                0x0000000000004e3c       0x28 C:/ncs/v3.1.1/nrfxlib/crypto/nrf_cc312_platform/lib/cortex-m33/soft-float/no-interrupts/libnrf_cc312_platform_0.9.19.a(cc_lib.c.obj)
                0x0000000000004e3c                CC_LibInitNoRng
 .text.CC_HalInit
                0x0000000000004e64        0x4 C:/ncs/v3.1.1/nrfxlib/crypto/nrf_cc312_platform/lib/cortex-m33/soft-float/no-interrupts/libnrf_cc312_platform_0.9.19.a(cc_hal.c.obj)
                0x0000000000004e64                CC_HalInit
 .text.CC_PalInit
                0x0000000000004e68       0x5c C:/ncs/v3.1.1/nrfxlib/crypto/nrf_cc312_platform/lib/cortex-m33/soft-float/no-interrupts/libnrf_cc312_platform_0.9.19.a(cc_pal.c.obj)
                0x0000000000004e68                CC_PalInit
 .text.CC_PalTerminate
                0x0000000000004ec4       0x34 C:/ncs/v3.1.1/nrfxlib/crypto/nrf_cc312_platform/lib/cortex-m33/soft-float/no-interrupts/libnrf_cc312_platform_0.9.19.a(cc_pal.c.obj)
                0x0000000000004ec4                CC_PalTerminate
 .text.CC_PalDmaInit
                0x0000000000004ef8        0x4 C:/ncs/v3.1.1/nrfxlib/crypto/nrf_cc312_platform/lib/cortex-m33/soft-float/no-interrupts/libnrf_cc312_platform_0.9.19.a(cc_pal_dma.c.obj)
                0x0000000000004ef8                CC_PalDmaInit
 .text.CC_PalDmaTerminate
                0x0000000000004efc        0x4 C:/ncs/v3.1.1/nrfxlib/crypto/nrf_cc312_platform/lib/cortex-m33/soft-float/no-interrupts/libnrf_cc312_platform_0.9.19.a(cc_pal_dma.c.obj)
                0x0000000000004efc                CC_PalDmaTerminate
 .text.CC_PalMutexCreate
                0x0000000000004f00       0x14 C:/ncs/v3.1.1/nrfxlib/crypto/nrf_cc312_platform/lib/cortex-m33/soft-float/no-interrupts/libnrf_cc312_platform_0.9.19.a(cc_pal_mutex.c.obj)
                0x0000000000004f00                CC_PalMutexCreate
 .text.CC_PalMutexDestroy
                0x0000000000004f14       0x14 C:/ncs/v3.1.1/nrfxlib/crypto/nrf_cc312_platform/lib/cortex-m33/soft-float/no-interrupts/libnrf_cc312_platform_0.9.19.a(cc_pal_mutex.c.obj)
                0x0000000000004f14                CC_PalMutexDestroy
 .text.CC_PalPowerSaveModeInit
                0x0000000000004f28       0x3c C:/ncs/v3.1.1/nrfxlib/crypto/nrf_cc312_platform/lib/cortex-m33/soft-float/no-interrupts/libnrf_cc312_platform_0.9.19.a(cc_pal_pm.c.obj)
                0x0000000000004f28                CC_PalPowerSaveModeInit
 .text.sscanf   0x0000000000004f64       0x40 c:\ncs\toolchains\c1a76fddb2\opt\zephyr-sdk\arm-zephyr-eabi\bin\../lib/gcc/../../picolibc/arm-zephyr-eabi/lib/thumb/v8-m.main/nofp\libc.a(libc_tinystdio_sscanf.c.o)
                0x0000000000004f64                sscanf
 .text.__l_vfprintf
                0x0000000000004fa4      0x4b4 c:\ncs\toolchains\c1a76fddb2\opt\zephyr-sdk\arm-zephyr-eabi\bin\../lib/gcc/../../picolibc/arm-zephyr-eabi/lib/thumb/v8-m.main/nofp\libc.a(libc_tinystdio_vflprintf.c.o)
                0x0000000000004fa4                __l_vfprintf
 .text.__l_vfscanf
                0x0000000000005458      0x360 c:\ncs\toolchains\c1a76fddb2\opt\zephyr-sdk\arm-zephyr-eabi\bin\../lib/gcc/../../picolibc/arm-zephyr-eabi/lib/thumb/v8-m.main/nofp\libc.a(libc_tinystdio_vflscanf.c.o)
                0x0000000000005458                __l_vfscanf
 .text._OffsetAbsSyms
                0x00000000000057b8        0x2 zephyr/CMakeFiles/offsets.dir/./arch/arm/core/offsets/offsets.c.obj
                0x00000000000057b8                _OffsetAbsSyms
 .text.gpio_pin_configure_dt
                0x00000000000057ba       0x3e app/libapp.a(main.c.obj)
 .text.gpio_pin_interrupt_configure_dt.constprop.0
                0x00000000000057f8       0x34 app/libapp.a(main.c.obj)
 .text.gpio_pin_set_dt.isra.0
                0x000000000000582c       0x28 app/libapp.a(main.c.obj)
 .text.k_condvar_broadcast.isra.0
                0x0000000000005854        0x4 app/libapp.a(main.c.obj)
 .text.k_msleep.isra.0
                0x0000000000005858       0x26 app/libapp.a(main.c.obj)
 .text.gpio_is_ready_dt.isra.0
                0x000000000000587e        0x4 app/libapp.a(main.c.obj)
 .text.chunk_field
                0x0000000000005882       0x16 zephyr/libzephyr.a(heap.c.obj)
 .text.chunk_set
                0x0000000000005898       0x16 zephyr/libzephyr.a(heap.c.obj)
 .text.chunk_size
                0x00000000000058ae        0xc zephyr/libzephyr.a(heap.c.obj)
 .text.set_chunk_used
                0x00000000000058ba       0x30 zephyr/libzephyr.a(heap.c.obj)
 .text.set_chunk_size
                0x00000000000058ea        0x8 zephyr/libzephyr.a(heap.c.obj)
 .text.mem_to_chunkid
                0x00000000000058f2       0x14 zephyr/libzephyr.a(heap.c.obj)
 .text.bucket_idx.isra.0
                0x0000000000005906       0x1c zephyr/libzephyr.a(heap.c.obj)
 .text.free_list_remove_bidx
                0x0000000000005922       0x5c zephyr/libzephyr.a(heap.c.obj)
 .text.free_list_remove
                0x000000000000597e       0x2e zephyr/libzephyr.a(heap.c.obj)
 .text.alloc_chunk
                0x00000000000059ac       0x74 zephyr/libzephyr.a(heap.c.obj)
 .text.split_chunks
                0x0000000000005a20       0x4e zephyr/libzephyr.a(heap.c.obj)
 .text.merge_chunks
                0x0000000000005a6e       0x3c zephyr/libzephyr.a(heap.c.obj)
 .text.free_list_add
                0x0000000000005aaa       0x84 zephyr/libzephyr.a(heap.c.obj)
 .text.free_chunk
                0x0000000000005b2e       0x84 zephyr/libzephyr.a(heap.c.obj)
 .text.sys_heap_free
                0x0000000000005bb2       0x24 zephyr/libzephyr.a(heap.c.obj)
                0x0000000000005bb2                sys_heap_free
 .text.sys_heap_alloc
                0x0000000000005bd6       0x6e zephyr/libzephyr.a(heap.c.obj)
                0x0000000000005bd6                sys_heap_alloc
 .text.sys_heap_noalign_alloc
                0x0000000000005c44        0x6 zephyr/libzephyr.a(heap.c.obj)
                0x0000000000005c44                sys_heap_noalign_alloc
 .text.sys_heap_init
                0x0000000000005c4a       0xb0 zephyr/libzephyr.a(heap.c.obj)
                0x0000000000005c4a                sys_heap_init
 .text.arch_printk_char_out
                0x0000000000005cfa        0x4 zephyr/libzephyr.a(printk.c.obj)
                0x0000000000005cfa                arch_printk_char_out
 .text.printk   0x0000000000005cfe       0x1a zephyr/libzephyr.a(printk.c.obj)
                0x0000000000005cfe                printk
 .text.process_recheck
                0x0000000000005d18       0x38 zephyr/libzephyr.a(onoff.c.obj)
 .text.validate_args
                0x0000000000005d50       0x20 zephyr/libzephyr.a(onoff.c.obj)
 .text.notify_one
                0x0000000000005d70       0x2c zephyr/libzephyr.a(onoff.c.obj)
 .text.transition_complete
                0x0000000000005d9c       0x1a zephyr/libzephyr.a(onoff.c.obj)
 .text.onoff_manager_init
                0x0000000000005db6       0x26 zephyr/libzephyr.a(onoff.c.obj)
                0x0000000000005db6                onoff_manager_init
 .text.onoff_request
                0x0000000000005ddc       0xae zephyr/libzephyr.a(onoff.c.obj)
                0x0000000000005ddc                onoff_request
 .text.sys_notify_validate
                0x0000000000005e8a       0x22 zephyr/libzephyr.a(notify.c.obj)
                0x0000000000005e8a                sys_notify_validate
 .text.sys_notify_finalize
                0x0000000000005eac       0x1a zephyr/libzephyr.a(notify.c.obj)
                0x0000000000005eac                sys_notify_finalize
 .text._ConfigAbsSyms
                0x0000000000005ec6        0x2 zephyr/libzephyr.a(configs.c.obj)
                0x0000000000005ec6                _ConfigAbsSyms
 .text.abort_function
                0x0000000000005ec8        0x2 zephyr/libzephyr.a(nrf_cc3xx_platform_abort_zephyr.c.obj)
 .text.z_arm_fatal_error
                0x0000000000005eca        0xc zephyr/arch/arch/arm/core/libarch__arm__core.a(fatal.c.obj)
                0x0000000000005eca                z_arm_fatal_error
 .text.z_do_kernel_oops
                0x0000000000005ed6        0x8 zephyr/arch/arch/arm/core/libarch__arm__core.a(fatal.c.obj)
                0x0000000000005ed6                z_do_kernel_oops
 .text.z_arm_nmi
                0x0000000000005ede        0xe zephyr/arch/arch/arm/core/libarch__arm__core.a(nmi.c.obj)
                0x0000000000005ede                z_arm_nmi
 .text.z_irq_spurious
                0x0000000000005eec        0x8 zephyr/arch/arch/arm/core/cortex_m/libarch__arm__core__cortex_m.a(irq_manage.c.obj)
                0x0000000000005eec                z_irq_spurious
 .text.configure_builtin_stack_guard
                0x0000000000005ef4        0xa zephyr/arch/arch/arm/core/cortex_m/libarch__arm__core__cortex_m.a(thread.c.obj)
                0x0000000000005ef4                configure_builtin_stack_guard
 .text.arch_irq_unlock_outlined
                0x0000000000005efe        0xe zephyr/arch/arch/arm/core/cortex_m/libarch__arm__core__cortex_m.a(thread.c.obj)
                0x0000000000005efe                arch_irq_unlock_outlined
 .text.arch_cpu_idle
                0x0000000000005f0c       0x32 zephyr/arch/arch/arm/core/cortex_m/libarch__arm__core__cortex_m.a(cpu_idle.c.obj)
                0x0000000000005f0c                arch_cpu_idle
 .text.arch_cpu_atomic_idle
                0x0000000000005f3e       0x38 zephyr/arch/arch/arm/core/cortex_m/libarch__arm__core__cortex_m.a(cpu_idle.c.obj)
                0x0000000000005f3e                arch_cpu_atomic_idle
 .text.arm_cmse_mpu_region_get
                0x0000000000005f76       0x12 zephyr/arch/arch/arm/core/cortex_m/cmse/libarch__arm__core__cortex_m__cmse.a(arm_core_cmse.c.obj)
                0x0000000000005f76                arm_cmse_mpu_region_get
 .text.mpu_configure_region
                0x0000000000005f88       0x32 zephyr/arch/arch/arm/core/mpu/libarch__arm__core__mpu.a(arm_mpu.c.obj)
 .text.picolibc_put
                0x0000000000005fba        0xa zephyr/lib/libc/picolibc/liblib__libc__picolibc.a(stdio.c.obj)
 .text.onoff_stop
                0x0000000000005fc4       0x22 zephyr/soc/soc/nrf5340/libsoc__nordic.a(nrf53_cpunet_mgmt.c.obj)
 .text.get_status
                0x0000000000005fe6       0x12 zephyr/drivers/clock_control/libdrivers__clock_control.a(clock_control_nrf.c.obj)
 .text.stop     0x0000000000005ff8       0x52 zephyr/drivers/clock_control/libdrivers__clock_control.a(clock_control_nrf.c.obj)
 .text.api_stop
                0x000000000000604a        0x6 zephyr/drivers/clock_control/libdrivers__clock_control.a(clock_control_nrf.c.obj)
 .text.async_start
                0x0000000000006050       0x5c zephyr/drivers/clock_control/libdrivers__clock_control.a(clock_control_nrf.c.obj)
 .text.api_start
                0x00000000000060ac        0xe zephyr/drivers/clock_control/libdrivers__clock_control.a(clock_control_nrf.c.obj)
 .text.onoff_started_callback
                0x00000000000060ba       0x12 zephyr/drivers/clock_control/libdrivers__clock_control.a(clock_control_nrf.c.obj)
 .text.hfclkaudio_start
                0x00000000000060cc        0x6 zephyr/drivers/clock_control/libdrivers__clock_control.a(clock_control_nrf.c.obj)
 .text.hfclk192m_start
                0x00000000000060d2        0x6 zephyr/drivers/clock_control/libdrivers__clock_control.a(clock_control_nrf.c.obj)
 .text.lfclk_start
                0x00000000000060d8        0x6 zephyr/drivers/clock_control/libdrivers__clock_control.a(clock_control_nrf.c.obj)
 .text.hfclkaudio_stop
                0x00000000000060de        0x6 zephyr/drivers/clock_control/libdrivers__clock_control.a(clock_control_nrf.c.obj)
 .text.hfclk192m_stop
                0x00000000000060e4        0x6 zephyr/drivers/clock_control/libdrivers__clock_control.a(clock_control_nrf.c.obj)
 .text.lfclk_stop
                0x00000000000060ea        0x6 zephyr/drivers/clock_control/libdrivers__clock_control.a(clock_control_nrf.c.obj)
 .text.blocking_start_callback
                0x00000000000060f0        0x6 zephyr/drivers/clock_control/libdrivers__clock_control.a(clock_control_nrf.c.obj)
 .text.gpio_nrfx_port_get_raw
                0x00000000000060f6        0xc zephyr/drivers/gpio/libdrivers__gpio.a(gpio_nrfx.c.obj)
 .text.gpio_nrfx_port_set_masked_raw
                0x0000000000006102       0x14 zephyr/drivers/gpio/libdrivers__gpio.a(gpio_nrfx.c.obj)
 .text.gpio_nrfx_port_set_bits_raw
                0x0000000000006116        0xa zephyr/drivers/gpio/libdrivers__gpio.a(gpio_nrfx.c.obj)
 .text.gpio_nrfx_port_clear_bits_raw
                0x0000000000006120        0xa zephyr/drivers/gpio/libdrivers__gpio.a(gpio_nrfx.c.obj)
 .text.gpio_nrfx_port_toggle_bits
                0x000000000000612a       0x14 zephyr/drivers/gpio/libdrivers__gpio.a(gpio_nrfx.c.obj)
 .text.gpio_nrfx_manage_callback
                0x000000000000613e       0x52 zephyr/drivers/gpio/libdrivers__gpio.a(gpio_nrfx.c.obj)
 .text.pinctrl_lookup_state
                0x0000000000006190       0x26 zephyr/drivers/pinctrl/libdrivers__pinctrl.a(common.c.obj)
                0x0000000000006190                pinctrl_lookup_state
 .text.regulator_npm1100_set_mode
                0x00000000000061b6       0x34 zephyr/drivers/regulator/libdrivers__regulator.a(regulator_npm1100.c.obj)
 .text.regulator_npm1100_get_mode
                0x00000000000061ea       0x46 zephyr/drivers/regulator/libdrivers__regulator.a(regulator_npm1100.c.obj)
 .text.regulator_npm1100_common_init
                0x0000000000006230       0x48 zephyr/drivers/regulator/libdrivers__regulator.a(regulator_npm1100.c.obj)
 .text.uarte_nrfx_err_check
                0x0000000000006278        0xe zephyr/drivers/serial/libdrivers__serial.a(uart_nrfx_uarte.c.obj)
 .text.uarte_nrfx_poll_in
                0x0000000000006286       0x26 zephyr/drivers/serial/libdrivers__serial.a(uart_nrfx_uarte.c.obj)
 .text.is_tx_ready.isra.0
                0x00000000000062ac       0x20 zephyr/drivers/serial/libdrivers__serial.a(uart_nrfx_uarte.c.obj)
 .text.uarte_nrfx_isr_int
                0x00000000000062cc       0x42 zephyr/drivers/serial/libdrivers__serial.a(uart_nrfx_uarte.c.obj)
 .text.pinctrl_apply_state.isra.0
                0x000000000000630e       0x1e zephyr/drivers/serial/libdrivers__serial.a(uart_nrfx_uarte.c.obj)
 .text.event_clear
                0x000000000000632c       0x18 zephyr/drivers/timer/libdrivers__timer.a(nrf_rtc_timer.c.obj)
 .text.sys_clock_cycle_get_32
                0x0000000000006344        0x8 zephyr/drivers/timer/libdrivers__timer.a(nrf_rtc_timer.c.obj)
                0x0000000000006344                sys_clock_cycle_get_32
 .text.hw_cc3xx_init_internal
                0x000000000000634c        0x4 modules/nrf/drivers/hw_cc3xx/lib..__nrf__drivers__hw_cc3xx.a(hw_cc3xx.c.obj)
 .text.hw_cc3xx_init
                0x0000000000006350       0x12 modules/nrf/drivers/hw_cc3xx/lib..__nrf__drivers__hw_cc3xx.a(hw_cc3xx.c.obj)
 .text.nrfx_isr
                0x0000000000006362        0x2 modules/hal_nordic/modules/hal_nordic/nrfx/libmodules__hal_nordic__nrfx.a(nrfx_glue.c.obj)
                0x0000000000006362                nrfx_isr
 .text.nrfx_busy_wait
                0x0000000000006364        0x4 modules/hal_nordic/modules/hal_nordic/nrfx/libmodules__hal_nordic__nrfx.a(nrfx_glue.c.obj)
                0x0000000000006364                nrfx_busy_wait
 .text.nrfx_gppi_event_endpoint_setup
                0x0000000000006368        0xa modules/hal_nordic/modules/hal_nordic/nrfx/libmodules__hal_nordic__nrfx.a(nrfx_gppi_dppi.c.obj)
                0x0000000000006368                nrfx_gppi_event_endpoint_setup
 .text.nrfx_gppi_task_endpoint_setup
                0x0000000000006372        0xa modules/hal_nordic/modules/hal_nordic/nrfx/libmodules__hal_nordic__nrfx.a(nrfx_gppi_dppi.c.obj)
                0x0000000000006372                nrfx_gppi_task_endpoint_setup
 .text.nrfx_gppi_channel_endpoints_setup
                0x000000000000637c        0xe modules/hal_nordic/modules/hal_nordic/nrfx/libmodules__hal_nordic__nrfx.a(nrfx_gppi_dppi.c.obj)
                0x000000000000637c                nrfx_gppi_channel_endpoints_setup
 .text.nrfx_clock_stop
                0x000000000000638a        0x4 modules/hal_nordic/modules/hal_nordic/nrfx/libmodules__hal_nordic__nrfx.a(nrfx_clock.c.obj)
                0x000000000000638a                nrfx_clock_stop
 .text.nrf_gpio_reconfigure
                0x000000000000638e       0x92 modules/hal_nordic/modules/hal_nordic/nrfx/libmodules__hal_nordic__nrfx.a(nrfx_gpiote.c.obj)
 .text.nrf_gpio_cfg_sense_set
                0x0000000000006420       0x1e modules/hal_nordic/modules/hal_nordic/nrfx/libmodules__hal_nordic__nrfx.a(nrfx_gpiote.c.obj)
 .text.pin_trigger_disable
                0x000000000000643e       0x48 modules/hal_nordic/modules/hal_nordic/nrfx/libmodules__hal_nordic__nrfx.a(nrfx_gpiote.c.obj)
 .text.nrfx_gpiote_pin_uninit
                0x0000000000006486        0x4 modules/hal_nordic/modules/hal_nordic/nrfx/libmodules__hal_nordic__nrfx.a(nrfx_gpiote.c.obj)
                0x0000000000006486                nrfx_gpiote_pin_uninit
 .text.nrfx_gpiote_trigger_disable
                0x000000000000648a        0x4 modules/hal_nordic/modules/hal_nordic/nrfx/libmodules__hal_nordic__nrfx.a(nrfx_gpiote.c.obj)
                0x000000000000648a                nrfx_gpiote_trigger_disable
 .text.z_impl_k_busy_wait
                0x000000000000648e        0x8 zephyr/kernel/libkernel.a(busy_wait.c.obj)
                0x000000000000648e                z_impl_k_busy_wait
 .text.z_device_state_init
                0x0000000000006496        0x2 zephyr/kernel/libkernel.a(device.c.obj)
                0x0000000000006496                z_device_state_init
 .text.z_impl_device_is_ready
                0x0000000000006498       0x16 zephyr/kernel/libkernel.a(device.c.obj)
                0x0000000000006498                z_impl_device_is_ready
 .text.arch_system_halt
                0x00000000000064ae       0x10 zephyr/kernel/libkernel.a(fatal.c.obj)
                0x00000000000064ae                arch_system_halt
 .text.k_sys_fatal_error_handler
                0x00000000000064be        0x6 zephyr/kernel/libkernel.a(fatal.c.obj)
                0x00000000000064be                k_sys_fatal_error_handler
 .text.do_device_init
                0x00000000000064c4       0x2e zephyr/kernel/libkernel.a(init.c.obj)
 .text.z_early_memset
                0x00000000000064f2        0x4 zephyr/kernel/libkernel.a(init.c.obj)
                0x00000000000064f2                z_early_memset
 .text.z_early_memcpy
                0x00000000000064f6        0x4 zephyr/kernel/libkernel.a(init.c.obj)
                0x00000000000064f6                z_early_memcpy
 .text.create_free_list
                0x00000000000064fa       0x34 zephyr/kernel/libkernel.a(mem_slab.c.obj)
 .text.k_mem_slab_init
                0x000000000000652e       0x1c zephyr/kernel/libkernel.a(mem_slab.c.obj)
                0x000000000000652e                k_mem_slab_init
 .text.k_mem_slab_free
                0x000000000000654a       0x70 zephyr/kernel/libkernel.a(mem_slab.c.obj)
                0x000000000000654a                k_mem_slab_free
 .text.idle     0x00000000000065ba       0x16 zephyr/kernel/libkernel.a(idle.c.obj)
                0x00000000000065ba                idle
 .text.adjust_owner_prio.isra.0
                0x00000000000065d0       0x10 zephyr/kernel/libkernel.a(mutex.c.obj)
 .text.z_impl_k_mutex_init
                0x00000000000065e0        0xe zephyr/kernel/libkernel.a(mutex.c.obj)
                0x00000000000065e0                z_impl_k_mutex_init
 .text.unpend_thread_no_timeout
                0x00000000000065ee       0x1a zephyr/kernel/libkernel.a(queue.c.obj)
 .text.queue_insert
                0x0000000000006608       0xd0 zephyr/kernel/libkernel.a(queue.c.obj)
 .text.z_queue_node_peek
                0x00000000000066d8       0x18 zephyr/kernel/libkernel.a(queue.c.obj)
                0x00000000000066d8                z_queue_node_peek
 .text.k_queue_append
                0x00000000000066f0       0x16 zephyr/kernel/libkernel.a(queue.c.obj)
                0x00000000000066f0                k_queue_append
 .text.unpend_thread_no_timeout
                0x0000000000006706       0x1a zephyr/kernel/libkernel.a(condvar.c.obj)
 .text.k_is_in_isr
                0x0000000000006720        0xc zephyr/kernel/libkernel.a(thread.c.obj)
                0x0000000000006720                k_is_in_isr
 .text.sys_dlist_remove
                0x000000000000672c       0x10 zephyr/kernel/libkernel.a(sched.c.obj)
 .text.unpend_thread_no_timeout
                0x000000000000673c       0x14 zephyr/kernel/libkernel.a(sched.c.obj)
 .text.add_to_waitq_locked
                0x0000000000006750       0x50 zephyr/kernel/libkernel.a(sched.c.obj)
 .text.z_ready_thread
                0x00000000000067a0       0x1e zephyr/kernel/libkernel.a(sched.c.obj)
                0x00000000000067a0                z_ready_thread
 .text.z_unpend_thread_no_timeout
                0x00000000000067be       0x22 zephyr/kernel/libkernel.a(sched.c.obj)
                0x00000000000067be                z_unpend_thread_no_timeout
 .text.z_sched_wake_thread
                0x00000000000067e0       0x3a zephyr/kernel/libkernel.a(sched.c.obj)
                0x00000000000067e0                z_sched_wake_thread
 .text.z_thread_timeout
                0x000000000000681a        0x8 zephyr/kernel/libkernel.a(sched.c.obj)
                0x000000000000681a                z_thread_timeout
 .text.z_unpend_thread
                0x0000000000006822       0x10 zephyr/kernel/libkernel.a(sched.c.obj)
                0x0000000000006822                z_unpend_thread
 .text.z_unpend_all
                0x0000000000006832       0x26 zephyr/kernel/libkernel.a(sched.c.obj)
                0x0000000000006832                z_unpend_all
 .text.z_impl_k_sleep
                0x0000000000006858       0x4e zephyr/kernel/libkernel.a(sched.c.obj)
                0x0000000000006858                z_impl_k_sleep
 .text.next_timeout
                0x00000000000068a6       0x2e zephyr/kernel/libkernel.a(timeout.c.obj)
 .text.z_abort_timeout
                0x00000000000068d4       0x50 zephyr/kernel/libkernel.a(timeout.c.obj)
                0x00000000000068d4                z_abort_timeout
 .text.sys_clock_tick_get_32
                0x0000000000006924        0x8 zephyr/kernel/libkernel.a(timeout.c.obj)
                0x0000000000006924                sys_clock_tick_get_32
 .text.z_alloc_helper
                0x000000000000692c       0x30 zephyr/kernel/libkernel.a(mempool.c.obj)
 .text.k_free   0x000000000000695c        0xe zephyr/kernel/libkernel.a(mempool.c.obj)
                0x000000000000695c                k_free
 .text.k_heap_init
                0x000000000000696a       0x10 zephyr/kernel/libkernel.a(kheap.c.obj)
                0x000000000000696a                k_heap_init
 .text.k_heap_free
                0x000000000000697a       0x38 zephyr/kernel/libkernel.a(kheap.c.obj)
                0x000000000000697a                k_heap_free
 .text.memcpy   0x00000000000069b2       0x1a c:\ncs\toolchains\c1a76fddb2\opt\zephyr-sdk\arm-zephyr-eabi\bin\../lib/gcc/../../picolibc/arm-zephyr-eabi/lib/thumb/v8-m.main/nofp\libc.a(memcpy.c.o)
                0x00000000000069b2                __aeabi_memcpy
                0x00000000000069b2                __aeabi_memcpy4
                0x00000000000069b2                __aeabi_memcpy8
                0x00000000000069b2                memcpy
 .text.memset   0x00000000000069cc       0x10 c:\ncs\toolchains\c1a76fddb2\opt\zephyr-sdk\arm-zephyr-eabi\bin\../lib/gcc/../../picolibc/arm-zephyr-eabi/lib/thumb/v8-m.main/nofp\libc.a(memset.c.o)
                0x00000000000069cc                memset
 .text.strncpy  0x00000000000069dc       0x20 c:\ncs\toolchains\c1a76fddb2\opt\zephyr-sdk\arm-zephyr-eabi\bin\../lib/gcc/../../picolibc/arm-zephyr-eabi/lib/thumb/v8-m.main/nofp\libc.a(libc_string_strncpy.c.o)
                0x00000000000069dc                strncpy
 .text.strnlen  0x00000000000069fc       0x18 c:\ncs\toolchains\c1a76fddb2\opt\zephyr-sdk\arm-zephyr-eabi\bin\../lib/gcc/../../picolibc/arm-zephyr-eabi/lib/thumb/v8-m.main/nofp\libc.a(libc_string_strnlen.c.o)
                0x00000000000069fc                strnlen
 .text.__ultoa_invert
                0x0000000000006a14       0xac c:\ncs\toolchains\c1a76fddb2\opt\zephyr-sdk\arm-zephyr-eabi\bin\../lib/gcc/../../picolibc/arm-zephyr-eabi/lib/thumb/v8-m.main/nofp\libc.a(libc_tinystdio_vflprintf.c.o)
 .text.scanf_getc
                0x0000000000006ac0       0x14 c:\ncs\toolchains\c1a76fddb2\opt\zephyr-sdk\arm-zephyr-eabi\bin\../lib/gcc/../../picolibc/arm-zephyr-eabi/lib/thumb/v8-m.main/nofp\libc.a(libc_tinystdio_vflscanf.c.o)
 .text.scanf_ungetc
                0x0000000000006ad4       0x10 c:\ncs\toolchains\c1a76fddb2\opt\zephyr-sdk\arm-zephyr-eabi\bin\../lib/gcc/../../picolibc/arm-zephyr-eabi/lib/thumb/v8-m.main/nofp\libc.a(libc_tinystdio_vflscanf.c.o)
 .text.skip_spaces
                0x0000000000006ae4       0x2a c:\ncs\toolchains\c1a76fddb2\opt\zephyr-sdk\arm-zephyr-eabi\bin\../lib/gcc/../../picolibc/arm-zephyr-eabi/lib/thumb/v8-m.main/nofp\libc.a(libc_tinystdio_vflscanf.c.o)
 .text.putval   0x0000000000006b0e       0x2c c:\ncs\toolchains\c1a76fddb2\opt\zephyr-sdk\arm-zephyr-eabi\bin\../lib/gcc/../../picolibc/arm-zephyr-eabi/lib/thumb/v8-m.main/nofp\libc.a(libc_tinystdio_vflscanf.c.o)
 .text.strchr   0x0000000000006b3a       0x1a c:\ncs\toolchains\c1a76fddb2\opt\zephyr-sdk\arm-zephyr-eabi\bin\../lib/gcc/../../picolibc/arm-zephyr-eabi/lib/thumb/v8-m.main/nofp\libc.a(libc_string_strchr.c.o)
                0x0000000000006b3a                strchr
 .text.fgetc    0x0000000000006b54       0x46 c:\ncs\toolchains\c1a76fddb2\opt\zephyr-sdk\arm-zephyr-eabi\bin\../lib/gcc/../../picolibc/arm-zephyr-eabi/lib/thumb/v8-m.main/nofp\libc.a(libc_tinystdio_fgetc.c.o)
                0x0000000000006b54                getc
                0x0000000000006b54                fgetc
                0x0000000000006b54                getc_unlocked
 .text.__file_str_get
                0x0000000000006b9a       0x14 c:\ncs\toolchains\c1a76fddb2\opt\zephyr-sdk\arm-zephyr-eabi\bin\../lib/gcc/../../picolibc/arm-zephyr-eabi/lib/thumb/v8-m.main/nofp\libc.a(libc_tinystdio_filestrget.c.o)
                0x0000000000006b9a                __file_str_get
 .text.ungetc   0x0000000000006bae       0x32 c:\ncs\toolchains\c1a76fddb2\opt\zephyr-sdk\arm-zephyr-eabi\bin\../lib/gcc/../../picolibc/arm-zephyr-eabi/lib/thumb/v8-m.main/nofp\libc.a(libc_tinystdio_ungetc.c.o)
                0x0000000000006bae                ungetc
 *(SORT_BY_ALIGNMENT(.TEXT.*))
 .TEXT.__aeabi_read_tp
                0x0000000000006be0        0xc zephyr/arch/arch/arm/core/cortex_m/libarch__arm__core__cortex_m.a(__aeabi_read_tp.S.obj)
                0x0000000000006be0                __aeabi_read_tp
 *(SORT_BY_ALIGNMENT(.gnu.linkonce.t.*))
 *(SORT_BY_ALIGNMENT(.glue_7t))
 .glue_7t       0x0000000000006bec        0x0 linker stubs
 *(SORT_BY_ALIGNMENT(.glue_7))
 .glue_7        0x0000000000006bec        0x0 linker stubs
 *(SORT_BY_ALIGNMENT(.vfp11_veneer))
 .vfp11_veneer  0x0000000000006bec        0x0 linker stubs
 *(SORT_BY_ALIGNMENT(.v4_bx))
 .v4_bx         0x0000000000006bec        0x0 linker stubs
                0x0000000000006bec                . = ALIGN (0x4)
                0x0000000000006bec                __text_region_end = .

.ARM.exidx      0x0000000000006bec        0x8
                0x0000000000006bec                __exidx_start = .
 *(SORT_BY_ALIGNMENT(.ARM.exidx*) SORT_BY_ALIGNMENT(gnu.linkonce.armexidx.*))
 .ARM.exidx     0x0000000000006bec        0x8 c:\ncs\toolchains\c1a76fddb2\opt\zephyr-sdk\arm-zephyr-eabi\bin\../lib/gcc/../../picolibc/arm-zephyr-eabi/lib/thumb/v8-m.main/nofp\libc.a(strcmp.S.o)
 .ARM.exidx     0x0000000000006bf4        0x0 c:/ncs/toolchains/c1a76fddb2/opt/zephyr-sdk/arm-zephyr-eabi/bin/../lib/gcc/arm-zephyr-eabi/12.2.0/thumb/v8-m.main/nofp\libgcc.a(_udivmoddi4.o)
                                          0x8 (size before relaxing)
                0x0000000000006bf4                __exidx_end = .
                0x0000000000006bf4                __rodata_region_start = .

initlevel       0x0000000000006bf4       0x70
                0x0000000000006bf4                __init_start = .
                0x0000000000006bf4                __init_EARLY_start = .
 *(SORT_BY_NAME(SORT_BY_ALIGNMENT(.z_init_EARLY_P_?_*)))
 *(SORT_BY_NAME(SORT_BY_ALIGNMENT(.z_init_EARLY_P_??_*)))
 *(SORT_BY_NAME(SORT_BY_ALIGNMENT(.z_init_EARLY_P_???_*)))
                0x0000000000006bf4                __init_PRE_KERNEL_1_start = .
 *(SORT_BY_NAME(SORT_BY_ALIGNMENT(.z_init_PRE_KERNEL_1_P_?_*)))
 *(SORT_BY_NAME(SORT_BY_ALIGNMENT(.z_init_PRE_KERNEL_1_P_??_*)))
 .z_init_PRE_KERNEL_1_P_30_SUB_00090_
                0x0000000000006bf4        0x8 zephyr/drivers/clock_control/libdrivers__clock_control.a(clock_control_nrf.c.obj)
 .z_init_PRE_KERNEL_1_P_30_SUB_0_
                0x0000000000006bfc        0x8 zephyr/kernel/libkernel.a(mem_slab.c.obj)
 .z_init_PRE_KERNEL_1_P_30_SUB_0_
                0x0000000000006c04        0x8 zephyr/kernel/libkernel.a(kheap.c.obj)
 .z_init_PRE_KERNEL_1_P_40_SUB_00008_
                0x0000000000006c0c        0x8 zephyr/drivers/gpio/libdrivers__gpio.a(gpio_nrfx.c.obj)
 .z_init_PRE_KERNEL_1_P_40_SUB_00032_
                0x0000000000006c14        0x8 zephyr/drivers/gpio/libdrivers__gpio.a(gpio_nrfx.c.obj)
 .z_init_PRE_KERNEL_1_P_40_SUB_0_
                0x0000000000006c1c        0x8 modules/nrf/drivers/hw_cc3xx/lib..__nrf__drivers__hw_cc3xx.a(hw_cc3xx.c.obj)
 .z_init_PRE_KERNEL_1_P_50_SUB_00126_
                0x0000000000006c24        0x8 zephyr/drivers/serial/libdrivers__serial.a(uart_nrfx_uarte.c.obj)
 .z_init_PRE_KERNEL_1_P_60_SUB_0_
                0x0000000000006c2c        0x8 zephyr/drivers/console/libdrivers__console.a(uart_console.c.obj)
 *(SORT_BY_NAME(SORT_BY_ALIGNMENT(.z_init_PRE_KERNEL_1_P_???_*)))
                0x0000000000006c34                __init_PRE_KERNEL_2_start = .
 *(SORT_BY_NAME(SORT_BY_ALIGNMENT(.z_init_PRE_KERNEL_2_P_?_*)))
 .z_init_PRE_KERNEL_2_P_0_SUB_0_
                0x0000000000006c34        0x8 zephyr/drivers/timer/libdrivers__timer.a(nrf_rtc_timer.c.obj)
 *(SORT_BY_NAME(SORT_BY_ALIGNMENT(.z_init_PRE_KERNEL_2_P_??_*)))
 *(SORT_BY_NAME(SORT_BY_ALIGNMENT(.z_init_PRE_KERNEL_2_P_???_*)))
                0x0000000000006c3c                __init_POST_KERNEL_start = .
 *(SORT_BY_NAME(SORT_BY_ALIGNMENT(.z_init_POST_KERNEL_P_?_*)))
 *(SORT_BY_NAME(SORT_BY_ALIGNMENT(.z_init_POST_KERNEL_P_??_*)))
 .z_init_POST_KERNEL_P_35_SUB_0_
                0x0000000000006c3c        0x8 zephyr/lib/libc/common/liblib__libc__common.a(malloc.c.obj)
 .z_init_POST_KERNEL_P_40_SUB_0_
                0x0000000000006c44        0x8 modules/nrf/drivers/hw_cc3xx/lib..__nrf__drivers__hw_cc3xx.a(hw_cc3xx.c.obj)
 .z_init_POST_KERNEL_P_41_SUB_0_
                0x0000000000006c4c        0x8 zephyr/drivers/gpio/libdrivers__gpio.a(gpio_hogs.c.obj)
 .z_init_POST_KERNEL_P_50_SUB_00013_
                0x0000000000006c54        0x8 zephyr/drivers/regulator/libdrivers__regulator.a(regulator_npm1100.c.obj)
 .z_init_POST_KERNEL_P_50_SUB_0_
                0x0000000000006c5c        0x8 zephyr/boards/nordic/nrf5340_audio_dk/libboards__nordic__nrf5340_audio_dk.a(nrf5340_audio_dk_config.c.obj)
 *(SORT_BY_NAME(SORT_BY_ALIGNMENT(.z_init_POST_KERNEL_P_???_*)))
                0x0000000000006c64                __init_APPLICATION_start = .
 *(SORT_BY_NAME(SORT_BY_ALIGNMENT(.z_init_APPLICATION_P_?_*)))
 *(SORT_BY_NAME(SORT_BY_ALIGNMENT(.z_init_APPLICATION_P_??_*)))
 *(SORT_BY_NAME(SORT_BY_ALIGNMENT(.z_init_APPLICATION_P_???_*)))
                0x0000000000006c64                __init_SMP_start = .
 *(SORT_BY_NAME(SORT_BY_ALIGNMENT(.z_init_SMP_P_?_*)))
 *(SORT_BY_NAME(SORT_BY_ALIGNMENT(.z_init_SMP_P_??_*)))
 *(SORT_BY_NAME(SORT_BY_ALIGNMENT(.z_init_SMP_P_???_*)))
                0x0000000000006c64                __init_end = .

device_area     0x0000000000006c64       0xa0
                0x0000000000006c64                _device_list_start = .
 *(SORT_BY_NAME(SORT_BY_ALIGNMENT(._device.static.*_?_*)))
 *(SORT_BY_NAME(SORT_BY_ALIGNMENT(._device.static.*_??_*)))
 ._device.static.1_30_
                0x0000000000006c64       0x20 zephyr/drivers/clock_control/libdrivers__clock_control.a(clock_control_nrf.c.obj)
                0x0000000000006c64                __device_dts_ord_90
 ._device.static.1_40_
                0x0000000000006c84       0x40 zephyr/drivers/gpio/libdrivers__gpio.a(gpio_nrfx.c.obj)
                0x0000000000006c84                __device_dts_ord_32
                0x0000000000006ca4                __device_dts_ord_8
 ._device.static.1_50_
                0x0000000000006cc4       0x20 zephyr/drivers/serial/libdrivers__serial.a(uart_nrfx_uarte.c.obj)
                0x0000000000006cc4                __device_dts_ord_126
 ._device.static.3_50_
                0x0000000000006ce4       0x20 zephyr/drivers/regulator/libdrivers__regulator.a(regulator_npm1100.c.obj)
                0x0000000000006ce4                __device_dts_ord_13
 *(SORT_BY_NAME(SORT_BY_ALIGNMENT(._device.static.*_???_*)))
 *(SORT_BY_NAME(SORT_BY_ALIGNMENT(._device.static.*_????_*)))
 *(SORT_BY_NAME(SORT_BY_ALIGNMENT(._device.static.*_?????_*)))
                0x0000000000006d04                _device_list_end = .

sw_isr_table    0x0000000000006d04      0x228
                0x0000000000006d04                . = ALIGN (0x4)
 *(SORT_BY_ALIGNMENT(.gnu.linkonce.sw_isr_table*))
 .gnu.linkonce.sw_isr_table
                0x0000000000006d04      0x228 zephyr/arch/common/libisr_tables.a(isr_tables.c.obj)
                0x0000000000006d04                _sw_isr_table

initlevel_error
                0x0000000000006bf4        0x0
 *(SORT_BY_NAME(SORT_BY_ALIGNMENT(.z_init_*)))
                0x0000000000000001                ASSERT ((SIZEOF (initlevel_error) == 0x0), Undefined initialization levels used.)

app_shmem_regions
                0x0000000000006f2c        0x0
                0x0000000000006f2c                __app_shmem_regions_start = .
 *(SORT_BY_NAME(SORT_BY_ALIGNMENT(.app_regions.*)))
                0x0000000000006f2c                __app_shmem_regions_end = .

k_p4wq_initparam_area
                0x0000000000006f2c        0x0
                0x0000000000006f2c                _k_p4wq_initparam_list_start = .
 *(SORT_BY_NAME(SORT_BY_ALIGNMENT(._k_p4wq_initparam.static.*)))
                0x0000000000006f2c                _k_p4wq_initparam_list_end = .

_static_thread_data_area
                0x0000000000006f30       0xf0
                0x0000000000006f30                __static_thread_data_list_start = .
 *(SORT_BY_NAME(SORT_BY_ALIGNMENT(.__static_thread_data.static.*)))
 .__static_thread_data.static._k_thread_data_dispatcher_tid_
                0x0000000000006f30       0x30 app/libapp.a(main.c.obj)
                0x0000000000006f30                _k_thread_data_dispatcher_tid
 .__static_thread_data.static._k_thread_data_green_tid_
                0x0000000000006f60       0x30 app/libapp.a(main.c.obj)
                0x0000000000006f60                _k_thread_data_green_tid
 .__static_thread_data.static._k_thread_data_red_tid_
                0x0000000000006f90       0x30 app/libapp.a(main.c.obj)
                0x0000000000006f90                _k_thread_data_red_tid
 .__static_thread_data.static._k_thread_data_uart_tid_
                0x0000000000006fc0       0x30 app/libapp.a(main.c.obj)
                0x0000000000006fc0                _k_thread_data_uart_tid
 .__static_thread_data.static._k_thread_data_yellow_tid_
                0x0000000000006ff0       0x30 app/libapp.a(main.c.obj)
                0x0000000000006ff0                _k_thread_data_yellow_tid
                0x0000000000007020                __static_thread_data_list_end = .

device_deps     0x0000000000007020        0x0
                0x0000000000007020                __device_deps_start = .
 *(SORT_BY_NAME(SORT_BY_ALIGNMENT(.__device_deps_pass2*)))
                0x0000000000007020                __device_deps_end = .

gpio_driver_api_area
                0x0000000000007020       0x24
                0x0000000000007020                _gpio_driver_api_list_start = .
 *(SORT_BY_NAME(SORT_BY_ALIGNMENT(._gpio_driver_api.static.*)))
 ._gpio_driver_api.static.gpio_nrfx_drv_api_funcs_
                0x0000000000007020       0x24 zephyr/drivers/gpio/libdrivers__gpio.a(gpio_nrfx.c.obj)
                0x0000000000007044                _gpio_driver_api_list_end = .

shared_irq_driver_api_area
                0x0000000000007044        0x0
                0x0000000000007044                _shared_irq_driver_api_list_start = .
 *(SORT_BY_NAME(SORT_BY_ALIGNMENT(._shared_irq_driver_api.static.*)))
                0x0000000000007044                _shared_irq_driver_api_list_end = .

crypto_driver_api_area
                0x0000000000007044        0x0
                0x0000000000007044                _crypto_driver_api_list_start = .
 *(SORT_BY_NAME(SORT_BY_ALIGNMENT(._crypto_driver_api.static.*)))
                0x0000000000007044                _crypto_driver_api_list_end = .

adc_driver_api_area
                0x0000000000007044        0x0
                0x0000000000007044                _adc_driver_api_list_start = .
 *(SORT_BY_NAME(SORT_BY_ALIGNMENT(._adc_driver_api.static.*)))
                0x0000000000007044                _adc_driver_api_list_end = .

auxdisplay_driver_api_area
                0x0000000000007044        0x0
                0x0000000000007044                _auxdisplay_driver_api_list_start = .
 *(SORT_BY_NAME(SORT_BY_ALIGNMENT(._auxdisplay_driver_api.static.*)))
                0x0000000000007044                _auxdisplay_driver_api_list_end = .

bbram_driver_api_area
                0x0000000000007044        0x0
                0x0000000000007044                _bbram_driver_api_list_start = .
 *(SORT_BY_NAME(SORT_BY_ALIGNMENT(._bbram_driver_api.static.*)))
                0x0000000000007044                _bbram_driver_api_list_end = .

bt_hci_driver_api_area
                0x0000000000007044        0x0
                0x0000000000007044                _bt_hci_driver_api_list_start = .
 *(SORT_BY_NAME(SORT_BY_ALIGNMENT(._bt_hci_driver_api.static.*)))
                0x0000000000007044                _bt_hci_driver_api_list_end = .

can_driver_api_area
                0x0000000000007044        0x0
                0x0000000000007044                _can_driver_api_list_start = .
 *(SORT_BY_NAME(SORT_BY_ALIGNMENT(._can_driver_api.static.*)))
                0x0000000000007044                _can_driver_api_list_end = .

cellular_driver_api_area
                0x0000000000007044        0x0
                0x0000000000007044                _cellular_driver_api_list_start = .
 *(SORT_BY_NAME(SORT_BY_ALIGNMENT(._cellular_driver_api.static.*)))
                0x0000000000007044                _cellular_driver_api_list_end = .

charger_driver_api_area
                0x0000000000007044        0x0
                0x0000000000007044                _charger_driver_api_list_start = .
 *(SORT_BY_NAME(SORT_BY_ALIGNMENT(._charger_driver_api.static.*)))
                0x0000000000007044                _charger_driver_api_list_end = .

clock_control_driver_api_area
                0x0000000000007044       0x1c
                0x0000000000007044                _clock_control_driver_api_list_start = .
 *(SORT_BY_NAME(SORT_BY_ALIGNMENT(._clock_control_driver_api.static.*)))
 ._clock_control_driver_api.static.clock_control_api_
                0x0000000000007044       0x1c zephyr/drivers/clock_control/libdrivers__clock_control.a(clock_control_nrf.c.obj)
                0x0000000000007060                _clock_control_driver_api_list_end = .

comparator_driver_api_area
                0x0000000000007060        0x0
                0x0000000000007060                _comparator_driver_api_list_start = .
 *(SORT_BY_NAME(SORT_BY_ALIGNMENT(._comparator_driver_api.static.*)))
                0x0000000000007060                _comparator_driver_api_list_end = .

coredump_driver_api_area
                0x0000000000007060        0x0
                0x0000000000007060                _coredump_driver_api_list_start = .
 *(SORT_BY_NAME(SORT_BY_ALIGNMENT(._coredump_driver_api.static.*)))
                0x0000000000007060                _coredump_driver_api_list_end = .

counter_driver_api_area
                0x0000000000007060        0x0
                0x0000000000007060                _counter_driver_api_list_start = .
 *(SORT_BY_NAME(SORT_BY_ALIGNMENT(._counter_driver_api.static.*)))
                0x0000000000007060                _counter_driver_api_list_end = .

dac_driver_api_area
                0x0000000000007060        0x0
                0x0000000000007060                _dac_driver_api_list_start = .
 *(SORT_BY_NAME(SORT_BY_ALIGNMENT(._dac_driver_api.static.*)))
                0x0000000000007060                _dac_driver_api_list_end = .

dai_driver_api_area
                0x0000000000007060        0x0
                0x0000000000007060                _dai_driver_api_list_start = .
 *(SORT_BY_NAME(SORT_BY_ALIGNMENT(._dai_driver_api.static.*)))
                0x0000000000007060                _dai_driver_api_list_end = .

display_driver_api_area
                0x0000000000007060        0x0
                0x0000000000007060                _display_driver_api_list_start = .
 *(SORT_BY_NAME(SORT_BY_ALIGNMENT(._display_driver_api.static.*)))
                0x0000000000007060                _display_driver_api_list_end = .

dma_driver_api_area
                0x0000000000007060        0x0
                0x0000000000007060                _dma_driver_api_list_start = .
 *(SORT_BY_NAME(SORT_BY_ALIGNMENT(._dma_driver_api.static.*)))
                0x0000000000007060                _dma_driver_api_list_end = .

edac_driver_api_area
                0x0000000000007060        0x0
                0x0000000000007060                _edac_driver_api_list_start = .
 *(SORT_BY_NAME(SORT_BY_ALIGNMENT(._edac_driver_api.static.*)))
                0x0000000000007060                _edac_driver_api_list_end = .

eeprom_driver_api_area
                0x0000000000007060        0x0
                0x0000000000007060                _eeprom_driver_api_list_start = .
 *(SORT_BY_NAME(SORT_BY_ALIGNMENT(._eeprom_driver_api.static.*)))
                0x0000000000007060                _eeprom_driver_api_list_end = .

emul_bbram_driver_api_area
                0x0000000000007060        0x0
                0x0000000000007060                _emul_bbram_driver_api_list_start = .
 *(SORT_BY_NAME(SORT_BY_ALIGNMENT(._emul_bbram_driver_api.static.*)))
                0x0000000000007060                _emul_bbram_driver_api_list_end = .

fuel_gauge_emul_driver_api_area
                0x0000000000007060        0x0
                0x0000000000007060                _fuel_gauge_emul_driver_api_list_start = .
 *(SORT_BY_NAME(SORT_BY_ALIGNMENT(._fuel_gauge_emul_driver_api.static.*)))
                0x0000000000007060                _fuel_gauge_emul_driver_api_list_end = .

emul_sensor_driver_api_area
                0x0000000000007060        0x0
                0x0000000000007060                _emul_sensor_driver_api_list_start = .
 *(SORT_BY_NAME(SORT_BY_ALIGNMENT(._emul_sensor_driver_api.static.*)))
                0x0000000000007060                _emul_sensor_driver_api_list_end = .

entropy_driver_api_area
                0x0000000000007060        0x0
                0x0000000000007060                _entropy_driver_api_list_start = .
 *(SORT_BY_NAME(SORT_BY_ALIGNMENT(._entropy_driver_api.static.*)))
                0x0000000000007060                _entropy_driver_api_list_end = .

espi_driver_api_area
                0x0000000000007060        0x0
                0x0000000000007060                _espi_driver_api_list_start = .
 *(SORT_BY_NAME(SORT_BY_ALIGNMENT(._espi_driver_api.static.*)))
                0x0000000000007060                _espi_driver_api_list_end = .

espi_saf_driver_api_area
                0x0000000000007060        0x0
                0x0000000000007060                _espi_saf_driver_api_list_start = .
 *(SORT_BY_NAME(SORT_BY_ALIGNMENT(._espi_saf_driver_api.static.*)))
                0x0000000000007060                _espi_saf_driver_api_list_end = .

flash_driver_api_area
                0x0000000000007060        0x0
                0x0000000000007060                _flash_driver_api_list_start = .
 *(SORT_BY_NAME(SORT_BY_ALIGNMENT(._flash_driver_api.static.*)))
                0x0000000000007060                _flash_driver_api_list_end = .

fpga_driver_api_area
                0x0000000000007060        0x0
                0x0000000000007060                _fpga_driver_api_list_start = .
 *(SORT_BY_NAME(SORT_BY_ALIGNMENT(._fpga_driver_api.static.*)))
                0x0000000000007060                _fpga_driver_api_list_end = .

fuel_gauge_driver_api_area
                0x0000000000007060        0x0
                0x0000000000007060                _fuel_gauge_driver_api_list_start = .
 *(SORT_BY_NAME(SORT_BY_ALIGNMENT(._fuel_gauge_driver_api.static.*)))
                0x0000000000007060                _fuel_gauge_driver_api_list_end = .

gnss_driver_api_area
                0x0000000000007060        0x0
                0x0000000000007060                _gnss_driver_api_list_start = .
 *(SORT_BY_NAME(SORT_BY_ALIGNMENT(._gnss_driver_api.static.*)))
                0x0000000000007060                _gnss_driver_api_list_end = .

haptics_driver_api_area
                0x0000000000007060        0x0
                0x0000000000007060                _haptics_driver_api_list_start = .
 *(SORT_BY_NAME(SORT_BY_ALIGNMENT(._haptics_driver_api.static.*)))
                0x0000000000007060                _haptics_driver_api_list_end = .

hwspinlock_driver_api_area
                0x0000000000007060        0x0
                0x0000000000007060                _hwspinlock_driver_api_list_start = .
 *(SORT_BY_NAME(SORT_BY_ALIGNMENT(._hwspinlock_driver_api.static.*)))
                0x0000000000007060                _hwspinlock_driver_api_list_end = .

i2c_driver_api_area
                0x0000000000007060        0x0
                0x0000000000007060                _i2c_driver_api_list_start = .
 *(SORT_BY_NAME(SORT_BY_ALIGNMENT(._i2c_driver_api.static.*)))
                0x0000000000007060                _i2c_driver_api_list_end = .

i2c_target_driver_api_area
                0x0000000000007060        0x0
                0x0000000000007060                _i2c_target_driver_api_list_start = .
 *(SORT_BY_NAME(SORT_BY_ALIGNMENT(._i2c_target_driver_api.static.*)))
                0x0000000000007060                _i2c_target_driver_api_list_end = .

i2s_driver_api_area
                0x0000000000007060        0x0
                0x0000000000007060                _i2s_driver_api_list_start = .
 *(SORT_BY_NAME(SORT_BY_ALIGNMENT(._i2s_driver_api.static.*)))
                0x0000000000007060                _i2s_driver_api_list_end = .

i3c_driver_api_area
                0x0000000000007060        0x0
                0x0000000000007060                _i3c_driver_api_list_start = .
 *(SORT_BY_NAME(SORT_BY_ALIGNMENT(._i3c_driver_api.static.*)))
                0x0000000000007060                _i3c_driver_api_list_end = .

ipm_driver_api_area
                0x0000000000007060        0x0
                0x0000000000007060                _ipm_driver_api_list_start = .
 *(SORT_BY_NAME(SORT_BY_ALIGNMENT(._ipm_driver_api.static.*)))
                0x0000000000007060                _ipm_driver_api_list_end = .

led_driver_api_area
                0x0000000000007060        0x0
                0x0000000000007060                _led_driver_api_list_start = .
 *(SORT_BY_NAME(SORT_BY_ALIGNMENT(._led_driver_api.static.*)))
                0x0000000000007060                _led_driver_api_list_end = .

led_strip_driver_api_area
                0x0000000000007060        0x0
                0x0000000000007060                _led_strip_driver_api_list_start = .
 *(SORT_BY_NAME(SORT_BY_ALIGNMENT(._led_strip_driver_api.static.*)))
                0x0000000000007060                _led_strip_driver_api_list_end = .

lora_driver_api_area
                0x0000000000007060        0x0
                0x0000000000007060                _lora_driver_api_list_start = .
 *(SORT_BY_NAME(SORT_BY_ALIGNMENT(._lora_driver_api.static.*)))
                0x0000000000007060                _lora_driver_api_list_end = .

mbox_driver_api_area
                0x0000000000007060        0x0
                0x0000000000007060                _mbox_driver_api_list_start = .
 *(SORT_BY_NAME(SORT_BY_ALIGNMENT(._mbox_driver_api.static.*)))
                0x0000000000007060                _mbox_driver_api_list_end = .

mdio_driver_api_area
                0x0000000000007060        0x0
                0x0000000000007060                _mdio_driver_api_list_start = .
 *(SORT_BY_NAME(SORT_BY_ALIGNMENT(._mdio_driver_api.static.*)))
                0x0000000000007060                _mdio_driver_api_list_end = .

mipi_dbi_driver_api_area
                0x0000000000007060        0x0
                0x0000000000007060                _mipi_dbi_driver_api_list_start = .
 *(SORT_BY_NAME(SORT_BY_ALIGNMENT(._mipi_dbi_driver_api.static.*)))
                0x0000000000007060                _mipi_dbi_driver_api_list_end = .

mipi_dsi_driver_api_area
                0x0000000000007060        0x0
                0x0000000000007060                _mipi_dsi_driver_api_list_start = .
 *(SORT_BY_NAME(SORT_BY_ALIGNMENT(._mipi_dsi_driver_api.static.*)))
                0x0000000000007060                _mipi_dsi_driver_api_list_end = .

mspi_driver_api_area
                0x0000000000007060        0x0
                0x0000000000007060                _mspi_driver_api_list_start = .
 *(SORT_BY_NAME(SORT_BY_ALIGNMENT(._mspi_driver_api.static.*)))
                0x0000000000007060                _mspi_driver_api_list_end = .

peci_driver_api_area
                0x0000000000007060        0x0
                0x0000000000007060                _peci_driver_api_list_start = .
 *(SORT_BY_NAME(SORT_BY_ALIGNMENT(._peci_driver_api.static.*)))
                0x0000000000007060                _peci_driver_api_list_end = .

ps2_driver_api_area
                0x0000000000007060        0x0
                0x0000000000007060                _ps2_driver_api_list_start = .
 *(SORT_BY_NAME(SORT_BY_ALIGNMENT(._ps2_driver_api.static.*)))
                0x0000000000007060                _ps2_driver_api_list_end = .

ptp_clock_driver_api_area
                0x0000000000007060        0x0
                0x0000000000007060                _ptp_clock_driver_api_list_start = .
 *(SORT_BY_NAME(SORT_BY_ALIGNMENT(._ptp_clock_driver_api.static.*)))
                0x0000000000007060                _ptp_clock_driver_api_list_end = .

pwm_driver_api_area
                0x0000000000007060        0x0
                0x0000000000007060                _pwm_driver_api_list_start = .
 *(SORT_BY_NAME(SORT_BY_ALIGNMENT(._pwm_driver_api.static.*)))
                0x0000000000007060                _pwm_driver_api_list_end = .

regulator_parent_driver_api_area
                0x0000000000007060        0x0
                0x0000000000007060                _regulator_parent_driver_api_list_start = .
 *(SORT_BY_NAME(SORT_BY_ALIGNMENT(._regulator_parent_driver_api.static.*)))
                0x0000000000007060                _regulator_parent_driver_api_list_end = .

regulator_driver_api_area
                0x0000000000007060       0x3c
                0x0000000000007060                _regulator_driver_api_list_start = .
 *(SORT_BY_NAME(SORT_BY_ALIGNMENT(._regulator_driver_api.static.*)))
 ._regulator_driver_api.static.api_
                0x0000000000007060       0x3c zephyr/drivers/regulator/libdrivers__regulator.a(regulator_npm1100.c.obj)
                0x000000000000709c                _regulator_driver_api_list_end = .

reset_driver_api_area
                0x000000000000709c        0x0
                0x000000000000709c                _reset_driver_api_list_start = .
 *(SORT_BY_NAME(SORT_BY_ALIGNMENT(._reset_driver_api.static.*)))
                0x000000000000709c                _reset_driver_api_list_end = .

retained_mem_driver_api_area
                0x000000000000709c        0x0
                0x000000000000709c                _retained_mem_driver_api_list_start = .
 *(SORT_BY_NAME(SORT_BY_ALIGNMENT(._retained_mem_driver_api.static.*)))
                0x000000000000709c                _retained_mem_driver_api_list_end = .

rtc_driver_api_area
                0x000000000000709c        0x0
                0x000000000000709c                _rtc_driver_api_list_start = .
 *(SORT_BY_NAME(SORT_BY_ALIGNMENT(._rtc_driver_api.static.*)))
                0x000000000000709c                _rtc_driver_api_list_end = .

sdhc_driver_api_area
                0x000000000000709c        0x0
                0x000000000000709c                _sdhc_driver_api_list_start = .
 *(SORT_BY_NAME(SORT_BY_ALIGNMENT(._sdhc_driver_api.static.*)))